Archive member included because of file (symbol)

d:/altera/altera_lite/13.1/nios2eds/bin/gnu/h-i686-mingw32/bin/../lib/gcc/nios2-elf/4.7.3/mno-hw-mul\libgcc.a(lib2-divmod.o)
                              obj/default/count_binary.o (__divsi3)
d:/altera/altera_lite/13.1/nios2eds/bin/gnu/h-i686-mingw32/bin/../lib/gcc/nios2-elf/4.7.3/../../../../../H-i686-mingw32/nios2-elf/lib/mno-hw-mul\libsmallc.a(lib_a-printf.o)
                              obj/default/count_binary.o (printf)
d:/altera/altera_lite/13.1/nios2eds/bin/gnu/h-i686-mingw32/bin/../lib/gcc/nios2-elf/4.7.3/../../../../../H-i686-mingw32/nios2-elf/lib/mno-hw-mul\libsmallc.a(lib_a-putchar.o)
                              obj/default/count_binary.o (putchar)
d:/altera/altera_lite/13.1/nios2eds/bin/gnu/h-i686-mingw32/bin/../lib/gcc/nios2-elf/4.7.3/../../../../../H-i686-mingw32/nios2-elf/lib/mno-hw-mul\libsmallc.a(lib_a-puts.o)
                              obj/default/count_binary.o (puts)
d:/altera/altera_lite/13.1/nios2eds/bin/gnu/h-i686-mingw32/bin/../lib/gcc/nios2-elf/4.7.3/../../../../../H-i686-mingw32/nios2-elf/lib/mno-hw-mul\libsmallc.a(lib_a-strlen.o)
                              d:/altera/altera_lite/13.1/nios2eds/bin/gnu/h-i686-mingw32/bin/../lib/gcc/nios2-elf/4.7.3/../../../../../H-i686-mingw32/nios2-elf/lib/mno-hw-mul\libsmallc.a(lib_a-puts.o) (strlen)
d:/altera/altera_lite/13.1/nios2eds/bin/gnu/h-i686-mingw32/bin/../lib/gcc/nios2-elf/4.7.3/../../../../../H-i686-mingw32/nios2-elf/lib/mno-hw-mul\libsmallc.a(lib_a-vfprintf.o)
                              d:/altera/altera_lite/13.1/nios2eds/bin/gnu/h-i686-mingw32/bin/../lib/gcc/nios2-elf/4.7.3/../../../../../H-i686-mingw32/nios2-elf/lib/mno-hw-mul\libsmallc.a(lib_a-printf.o) (___vfprintf_internal_r)
d:/altera/altera_lite/13.1/nios2eds/bin/gnu/h-i686-mingw32/bin/../lib/gcc/nios2-elf/4.7.3/../../../../../H-i686-mingw32/nios2-elf/lib/mno-hw-mul\libsmallc.a(lib_a-fvwrite_small_dev.o)
                              d:/altera/altera_lite/13.1/nios2eds/bin/gnu/h-i686-mingw32/bin/../lib/gcc/nios2-elf/4.7.3/../../../../../H-i686-mingw32/nios2-elf/lib/mno-hw-mul\libsmallc.a(lib_a-printf.o) (__sfvwrite_small_dev)
d:/altera/altera_lite/13.1/nios2eds/bin/gnu/h-i686-mingw32/bin/../lib/gcc/nios2-elf/4.7.3/../../../../../H-i686-mingw32/nios2-elf/lib/mno-hw-mul\libsmallc.a(lib_a-impure.o)
                              d:/altera/altera_lite/13.1/nios2eds/bin/gnu/h-i686-mingw32/bin/../lib/gcc/nios2-elf/4.7.3/../../../../../H-i686-mingw32/nios2-elf/lib/mno-hw-mul\libsmallc.a(lib_a-printf.o) (_impure_ptr)
d:/altera/altera_lite/13.1/nios2eds/bin/gnu/h-i686-mingw32/bin/../lib/gcc/nios2-elf/4.7.3/../../../../../H-i686-mingw32/nios2-elf/lib/mno-hw-mul\libsmallc.a(lib_a-putc.o)
                              d:/altera/altera_lite/13.1/nios2eds/bin/gnu/h-i686-mingw32/bin/../lib/gcc/nios2-elf/4.7.3/../../../../../H-i686-mingw32/nios2-elf/lib/mno-hw-mul\libsmallc.a(lib_a-putchar.o) (_putc_r)
d:/altera/altera_lite/13.1/nios2eds/bin/gnu/h-i686-mingw32/bin/../lib/gcc/nios2-elf/4.7.3/../../../../../H-i686-mingw32/nios2-elf/lib/mno-hw-mul\libsmallc.a(lib_a-writer.o)
                              d:/altera/altera_lite/13.1/nios2eds/bin/gnu/h-i686-mingw32/bin/../lib/gcc/nios2-elf/4.7.3/../../../../../H-i686-mingw32/nios2-elf/lib/mno-hw-mul\libsmallc.a(lib_a-fvwrite_small_dev.o) (_write_r)
d:/altera/altera_lite/13.1/nios2eds/bin/gnu/h-i686-mingw32/bin/../lib/gcc/nios2-elf/4.7.3/../../../../../H-i686-mingw32/nios2-elf/lib/mno-hw-mul\libsmallc.a(lib_a-int_errno.o)
                              d:/altera/altera_lite/13.1/nios2eds/bin/gnu/h-i686-mingw32/bin/../lib/gcc/nios2-elf/4.7.3/../../../../../H-i686-mingw32/nios2-elf/lib/mno-hw-mul\libsmallc.a(lib_a-writer.o) (errno)
d:/altera/altera_lite/13.1/nios2eds/bin/gnu/h-i686-mingw32/bin/../lib/gcc/nios2-elf/4.7.3/mno-hw-mul\libgcc.a(lib2-mul.o)
                              d:/altera/altera_lite/13.1/nios2eds/bin/gnu/h-i686-mingw32/bin/../lib/gcc/nios2-elf/4.7.3/../../../../../H-i686-mingw32/nios2-elf/lib/mno-hw-mul\libsmallc.a(lib_a-vfprintf.o) (__mulsi3)
../binary_count_bsp/\libhal_bsp.a(alt_load.o)
                              ../binary_count_bsp//obj/HAL/src/crt0.o (alt_load)
../binary_count_bsp/\libhal_bsp.a(alt_main.o)
                              ../binary_count_bsp//obj/HAL/src/crt0.o (alt_main)
../binary_count_bsp/\libhal_bsp.a(alt_usleep.o)
                              obj/default/count_binary.o (usleep)
../binary_count_bsp/\libhal_bsp.a(alt_write.o)
                              d:/altera/altera_lite/13.1/nios2eds/bin/gnu/h-i686-mingw32/bin/../lib/gcc/nios2-elf/4.7.3/../../../../../H-i686-mingw32/nios2-elf/lib/mno-hw-mul\libsmallc.a(lib_a-writer.o) (write)
../binary_count_bsp/\libhal_bsp.a(alt_sys_init.o)
                              ../binary_count_bsp/\libhal_bsp.a(alt_main.o) (alt_irq_init)
../binary_count_bsp/\libhal_bsp.a(altera_avalon_jtag_uart_fd.o)
                              ../binary_count_bsp/\libhal_bsp.a(alt_sys_init.o) (altera_avalon_jtag_uart_read_fd)
../binary_count_bsp/\libhal_bsp.a(altera_avalon_jtag_uart_read.o)
                              ../binary_count_bsp/\libhal_bsp.a(altera_avalon_jtag_uart_fd.o) (altera_avalon_jtag_uart_read)
../binary_count_bsp/\libhal_bsp.a(altera_avalon_jtag_uart_write.o)
                              ../binary_count_bsp/\libhal_bsp.a(altera_avalon_jtag_uart_fd.o) (altera_avalon_jtag_uart_write)
../binary_count_bsp/\libhal_bsp.a(altera_avalon_timer_sc.o)
                              ../binary_count_bsp/\libhal_bsp.a(alt_sys_init.o) (alt_avalon_timer_sc_init)
../binary_count_bsp/\libhal_bsp.a(alt_busy_sleep.o)
                              ../binary_count_bsp/\libhal_bsp.a(alt_usleep.o) (alt_busy_sleep)
../binary_count_bsp/\libhal_bsp.a(alt_close.o)
                              ../binary_count_bsp/\libhal_bsp.a(alt_main.o) (close)
../binary_count_bsp/\libhal_bsp.a(alt_dcache_flush_all.o)
                              ../binary_count_bsp/\libhal_bsp.a(alt_load.o) (alt_dcache_flush_all)
../binary_count_bsp/\libhal_bsp.a(alt_dev.o)
                              ../binary_count_bsp/\libhal_bsp.a(alt_sys_init.o) (alt_dev_list)
../binary_count_bsp/\libhal_bsp.a(alt_dev_llist_insert.o)
                              ../binary_count_bsp/\libhal_bsp.a(alt_sys_init.o) (alt_dev_llist_insert)
../binary_count_bsp/\libhal_bsp.a(alt_errno.o)
                              ../binary_count_bsp/\libhal_bsp.a(alt_write.o) (alt_errno)
../binary_count_bsp/\libhal_bsp.a(alt_icache_flush_all.o)
                              ../binary_count_bsp/\libhal_bsp.a(alt_load.o) (alt_icache_flush_all)
../binary_count_bsp/\libhal_bsp.a(alt_iic.o)
                              ../binary_count_bsp/\libhal_bsp.a(altera_avalon_timer_sc.o) (alt_ic_isr_register)
../binary_count_bsp/\libhal_bsp.a(alt_iic_isr_register.o)
                              ../binary_count_bsp/\libhal_bsp.a(alt_iic.o) (alt_iic_isr_register)
../binary_count_bsp/\libhal_bsp.a(alt_io_redirect.o)
                              ../binary_count_bsp/\libhal_bsp.a(alt_main.o) (alt_io_redirect)
../binary_count_bsp/\libhal_bsp.a(alt_irq_entry.o)
                              ../binary_count_bsp/\libhal_bsp.a(alt_iic_isr_register.o) (alt_irq_entry)
../binary_count_bsp/\libhal_bsp.a(alt_irq_handler.o)
                              ../binary_count_bsp/\libhal_bsp.a(alt_iic_isr_register.o) (alt_irq)
../binary_count_bsp/\libhal_bsp.a(alt_irq_vars.o)
                              ../binary_count_bsp/\libhal_bsp.a(alt_iic.o) (alt_irq_active)
../binary_count_bsp/\libhal_bsp.a(alt_open.o)
                              ../binary_count_bsp/\libhal_bsp.a(alt_io_redirect.o) (open)
../binary_count_bsp/\libhal_bsp.a(alt_release_fd.o)
                              ../binary_count_bsp/\libhal_bsp.a(alt_close.o) (alt_release_fd)
../binary_count_bsp/\libhal_bsp.a(alt_tick.o)
                              ../binary_count_bsp/\libhal_bsp.a(altera_avalon_timer_sc.o) (_alt_tick_rate)
../binary_count_bsp/\libhal_bsp.a(altera_nios2_qsys_irq.o)
                              ../binary_count_bsp/\libhal_bsp.a(alt_sys_init.o) (altera_nios2_qsys_irq_init)
../binary_count_bsp/\libhal_bsp.a(alt_exception_entry.o)
                              ../binary_count_bsp/\libhal_bsp.a(alt_irq_entry.o) (alt_exception)
../binary_count_bsp/\libhal_bsp.a(alt_find_dev.o)
                              ../binary_count_bsp/\libhal_bsp.a(alt_open.o) (alt_find_dev)
../binary_count_bsp/\libhal_bsp.a(alt_find_file.o)
                              ../binary_count_bsp/\libhal_bsp.a(alt_open.o) (alt_find_file)
../binary_count_bsp/\libhal_bsp.a(alt_get_fd.o)
                              ../binary_count_bsp/\libhal_bsp.a(alt_open.o) (alt_get_fd)
../binary_count_bsp/\libhal_bsp.a(alt_icache_flush.o)
                              ../binary_count_bsp/\libhal_bsp.a(alt_icache_flush_all.o) (alt_icache_flush)
d:/altera/altera_lite/13.1/nios2eds/bin/gnu/h-i686-mingw32/bin/../lib/gcc/nios2-elf/4.7.3/../../../../../H-i686-mingw32/nios2-elf/lib/mno-hw-mul\libsmallc.a(lib_a-exit.o)
                              ../binary_count_bsp/\libhal_bsp.a(alt_main.o) (exit)
d:/altera/altera_lite/13.1/nios2eds/bin/gnu/h-i686-mingw32/bin/../lib/gcc/nios2-elf/4.7.3/../../../../../H-i686-mingw32/nios2-elf/lib/mno-hw-mul\libsmallc.a(lib_a-memcmp.o)
                              ../binary_count_bsp/\libhal_bsp.a(alt_find_dev.o) (memcmp)
d:/altera/altera_lite/13.1/nios2eds/bin/gnu/h-i686-mingw32/bin/../lib/gcc/nios2-elf/4.7.3/../../../../../H-i686-mingw32/nios2-elf/lib/mno-hw-mul\libsmallc.a(lib_a-__call_atexit.o)
                              d:/altera/altera_lite/13.1/nios2eds/bin/gnu/h-i686-mingw32/bin/../lib/gcc/nios2-elf/4.7.3/../../../../../H-i686-mingw32/nios2-elf/lib/mno-hw-mul\libsmallc.a(lib_a-exit.o) (__call_exitprocs)
../binary_count_bsp/\libhal_bsp.a(alt_exit.o)
                              d:/altera/altera_lite/13.1/nios2eds/bin/gnu/h-i686-mingw32/bin/../lib/gcc/nios2-elf/4.7.3/../../../../../H-i686-mingw32/nios2-elf/lib/mno-hw-mul\libsmallc.a(lib_a-exit.o) (_exit)

Allocating common symbols
Common symbol       size              file

alt_irq             0x100             ../binary_count_bsp/\libhal_bsp.a(alt_irq_handler.o)
edge_capture        0x4               obj/default/count_binary.o
errno               0x4               d:/altera/altera_lite/13.1/nios2eds/bin/gnu/h-i686-mingw32/bin/../lib/gcc/nios2-elf/4.7.3/../../../../../H-i686-mingw32/nios2-elf/lib/mno-hw-mul\libsmallc.a(lib_a-int_errno.o)

Memory Configuration

Name             Origin             Length             Attributes
reset            0x00008000         0x00000020
onchip_mem       0x00008020         0x00004fe0
*default*        0x00000000         0xffffffff

Linker script and memory map

LOAD ../binary_count_bsp//obj/HAL/src/crt0.o
LOAD obj/default/count_binary.o
LOAD d:/altera/altera_lite/13.1/nios2eds/bin/gnu/h-i686-mingw32/bin/../lib/gcc/nios2-elf/4.7.3/../../../../../H-i686-mingw32/nios2-elf/lib/mno-hw-mul\libstdc++.a
LOAD d:/altera/altera_lite/13.1/nios2eds/bin/gnu/h-i686-mingw32/bin/../lib/gcc/nios2-elf/4.7.3/../../../../../H-i686-mingw32/nios2-elf/lib/mno-hw-mul\libm.a
LOAD d:/altera/altera_lite/13.1/nios2eds/bin/gnu/h-i686-mingw32/bin/../lib/gcc/nios2-elf/4.7.3/mno-hw-mul\libgcc.a
START GROUP
LOAD d:/altera/altera_lite/13.1/nios2eds/bin/gnu/h-i686-mingw32/bin/../lib/gcc/nios2-elf/4.7.3/../../../../../H-i686-mingw32/nios2-elf/lib/mno-hw-mul\libsmallc.a
LOAD d:/altera/altera_lite/13.1/nios2eds/bin/gnu/h-i686-mingw32/bin/../lib/gcc/nios2-elf/4.7.3/mno-hw-mul\libgcc.a
LOAD ../binary_count_bsp/\libhal_bsp.a
END GROUP
LOAD d:/altera/altera_lite/13.1/nios2eds/bin/gnu/h-i686-mingw32/bin/../lib/gcc/nios2-elf/4.7.3/mno-hw-mul\libgcc.a
                0x00008000                __alt_mem_onchip_mem = 0x8000

.entry          0x00008000       0x20
 *(.entry)
 .entry         0x00008000       0x20 ../binary_count_bsp//obj/HAL/src/crt0.o
                0x00008000                __reset

.exceptions     0x00008020      0x198
                0x00008020                PROVIDE (__ram_exceptions_start, ABSOLUTE (.))
                0x00008020                . = ALIGN (0x20)
 *(.irq)
 *(.exceptions.entry.label)
 .exceptions.entry.label
                0x00008020        0x0 ../binary_count_bsp/\libhal_bsp.a(alt_irq_entry.o)
                0x00008020                alt_irq_entry
 .exceptions.entry.label
                0x00008020        0x0 ../binary_count_bsp/\libhal_bsp.a(alt_exception_entry.o)
                0x00008020                alt_exception
 *(.exceptions.entry.user)
 *(.exceptions.entry.ecc_fatal)
 *(.exceptions.entry)
 .exceptions.entry
                0x00008020       0x54 ../binary_count_bsp/\libhal_bsp.a(alt_exception_entry.o)
 *(.exceptions.irqtest.user)
 *(.exceptions.irqtest)
 .exceptions.irqtest
                0x00008074       0x10 ../binary_count_bsp/\libhal_bsp.a(alt_irq_entry.o)
 *(.exceptions.irqhandler.user)
 *(.exceptions.irqhandler)
 .exceptions.irqhandler
                0x00008084        0x4 ../binary_count_bsp/\libhal_bsp.a(alt_irq_entry.o)
 *(.exceptions.irqreturn.user)
 *(.exceptions.irqreturn)
 .exceptions.irqreturn
                0x00008088        0x4 ../binary_count_bsp/\libhal_bsp.a(alt_irq_entry.o)
 *(.exceptions.notirq.label)
 .exceptions.notirq.label
                0x0000808c        0x0 ../binary_count_bsp/\libhal_bsp.a(alt_irq_entry.o)
 *(.exceptions.notirq.user)
 *(.exceptions.notirq)
 .exceptions.notirq
                0x0000808c        0x8 ../binary_count_bsp/\libhal_bsp.a(alt_exception_entry.o)
 *(.exceptions.soft.user)
 *(.exceptions.soft)
 *(.exceptions.unknown.user)
 *(.exceptions.unknown)
 .exceptions.unknown
                0x00008094        0x4 ../binary_count_bsp/\libhal_bsp.a(alt_exception_entry.o)
 *(.exceptions.exit.label)
 .exceptions.exit.label
                0x00008098        0x0 ../binary_count_bsp/\libhal_bsp.a(alt_irq_entry.o)
 .exceptions.exit.label
                0x00008098        0x0 ../binary_count_bsp/\libhal_bsp.a(alt_exception_entry.o)
 *(.exceptions.exit.user)
 *(.exceptions.exit)
 .exceptions.exit
                0x00008098       0x54 ../binary_count_bsp/\libhal_bsp.a(alt_exception_entry.o)
 *(.exceptions)
 .exceptions    0x000080ec       0xcc ../binary_count_bsp/\libhal_bsp.a(alt_irq_handler.o)
                0x000080ec                alt_irq_handler
                0x000081b8                PROVIDE (__ram_exceptions_end, ABSOLUTE (.))
                0x00008020                PROVIDE (__flash_exceptions_start, LOADADDR (.exceptions))

.text           0x000081b8     0x28dc
                0x000081b8                PROVIDE (stext, ABSOLUTE (.))
 *(.interp)
 *(.hash)
 *(.dynsym)
 *(.dynstr)
 *(.gnu.version)
 *(.gnu.version_d)
 *(.gnu.version_r)
 *(.rel.init)
 *(.rela.init)
 *(.rel.text .rel.text.* .rel.gnu.linkonce.t.*)
 *(.rela.text .rela.text.* .rela.gnu.linkonce.t.*)
 *(.rel.fini)
 *(.rela.fini)
 *(.rel.rodata .rel.rodata.* .rel.gnu.linkonce.r.*)
 *(.rela.rodata .rela.rodata.* .rela.gnu.linkonce.r.*)
 *(.rel.data .rel.data.* .rel.gnu.linkonce.d.*)
 *(.rela.data .rela.data.* .rela.gnu.linkonce.d.*)
 *(.rel.tdata .rel.tdata.* .rel.gnu.linkonce.td.*)
 *(.rela.tdata .rela.tdata.* .rela.gnu.linkonce.td.*)
 *(.rel.tbss .rel.tbss.* .rel.gnu.linkonce.tb.*)
 *(.rela.tbss .rela.tbss.* .rela.gnu.linkonce.tb.*)
 *(.rel.ctors)
 *(.rela.ctors)
 *(.rel.dtors)
 *(.rela.dtors)
 *(.rel.got)
 *(.rela.got)
 *(.rel.sdata .rel.sdata.* .rel.gnu.linkonce.s.*)
 *(.rela.sdata .rela.sdata.* .rela.gnu.linkonce.s.*)
 *(.rel.sbss .rel.sbss.* .rel.gnu.linkonce.sb.*)
 *(.rela.sbss .rela.sbss.* .rela.gnu.linkonce.sb.*)
 *(.rel.sdata2 .rel.sdata2.* .rel.gnu.linkonce.s2.*)
 *(.rela.sdata2 .rela.sdata2.* .rela.gnu.linkonce.s2.*)
 *(.rel.sbss2 .rel.sbss2.* .rel.gnu.linkonce.sb2.*)
 *(.rela.sbss2 .rela.sbss2.* .rela.gnu.linkonce.sb2.*)
 *(.rel.bss .rel.bss.* .rel.gnu.linkonce.b.*)
 *(.rela.bss .rela.bss.* .rela.gnu.linkonce.b.*)
 *(.rel.plt)
 *(.rela.plt)
 *(.rel.dyn)
 *(.init)
 *(.plt)
 *(.text .stub .text.* .gnu.linkonce.t.*)
 .text          0x000081b8       0x3c ../binary_count_bsp//obj/HAL/src/crt0.o
                0x000081b8                _start
 .text          0x000081f4      0x370 obj/default/count_binary.o
                0x00008464                main
 .text          0x00008564      0x130 d:/altera/altera_lite/13.1/nios2eds/bin/gnu/h-i686-mingw32/bin/../lib/gcc/nios2-elf/4.7.3/mno-hw-mul\libgcc.a(lib2-divmod.o)
                0x000085d8                __divsi3
                0x00008628                __modsi3
                0x00008684                __udivsi3
                0x0000868c                __umodsi3
 .text          0x00008694       0x88 d:/altera/altera_lite/13.1/nios2eds/bin/gnu/h-i686-mingw32/bin/../lib/gcc/nios2-elf/4.7.3/../../../../../H-i686-mingw32/nios2-elf/lib/mno-hw-mul\libsmallc.a(lib_a-printf.o)
                0x00008694                _printf_r
                0x000086d0                printf
 .text          0x0000871c       0x24 d:/altera/altera_lite/13.1/nios2eds/bin/gnu/h-i686-mingw32/bin/../lib/gcc/nios2-elf/4.7.3/../../../../../H-i686-mingw32/nios2-elf/lib/mno-hw-mul\libsmallc.a(lib_a-putchar.o)
                0x0000871c                _putchar_r
                0x00008724                putchar
 .text          0x00008740       0x94 d:/altera/altera_lite/13.1/nios2eds/bin/gnu/h-i686-mingw32/bin/../lib/gcc/nios2-elf/4.7.3/../../../../../H-i686-mingw32/nios2-elf/lib/mno-hw-mul\libsmallc.a(lib_a-puts.o)
                0x00008740                _puts_r
                0x000087c0                puts
 .text          0x000087d4       0x28 d:/altera/altera_lite/13.1/nios2eds/bin/gnu/h-i686-mingw32/bin/../lib/gcc/nios2-elf/4.7.3/../../../../../H-i686-mingw32/nios2-elf/lib/mno-hw-mul\libsmallc.a(lib_a-strlen.o)
                0x000087d4                strlen
 .text          0x000087fc      0x758 d:/altera/altera_lite/13.1/nios2eds/bin/gnu/h-i686-mingw32/bin/../lib/gcc/nios2-elf/4.7.3/../../../../../H-i686-mingw32/nios2-elf/lib/mno-hw-mul\libsmallc.a(lib_a-vfprintf.o)
                0x000087fc                ___vfprintf_internal_r
                0x00008f30                __vfprintf_internal
 .text          0x00008f54       0xe0 d:/altera/altera_lite/13.1/nios2eds/bin/gnu/h-i686-mingw32/bin/../lib/gcc/nios2-elf/4.7.3/../../../../../H-i686-mingw32/nios2-elf/lib/mno-hw-mul\libsmallc.a(lib_a-fvwrite_small_dev.o)
                0x00008f54                __sfvwrite_small_dev
 .text          0x00009034        0x0 d:/altera/altera_lite/13.1/nios2eds/bin/gnu/h-i686-mingw32/bin/../lib/gcc/nios2-elf/4.7.3/../../../../../H-i686-mingw32/nios2-elf/lib/mno-hw-mul\libsmallc.a(lib_a-impure.o)
 .text          0x00009034       0xbc d:/altera/altera_lite/13.1/nios2eds/bin/gnu/h-i686-mingw32/bin/../lib/gcc/nios2-elf/4.7.3/../../../../../H-i686-mingw32/nios2-elf/lib/mno-hw-mul\libsmallc.a(lib_a-putc.o)
                0x00009034                putc
                0x00009090                _putc_r
 .text          0x000090f0       0x6c d:/altera/altera_lite/13.1/nios2eds/bin/gnu/h-i686-mingw32/bin/../lib/gcc/nios2-elf/4.7.3/../../../../../H-i686-mingw32/nios2-elf/lib/mno-hw-mul\libsmallc.a(lib_a-writer.o)
                0x000090f0                _write_r
 .text          0x0000915c        0x0 d:/altera/altera_lite/13.1/nios2eds/bin/gnu/h-i686-mingw32/bin/../lib/gcc/nios2-elf/4.7.3/../../../../../H-i686-mingw32/nios2-elf/lib/mno-hw-mul\libsmallc.a(lib_a-int_errno.o)
 .text          0x0000915c       0x28 d:/altera/altera_lite/13.1/nios2eds/bin/gnu/h-i686-mingw32/bin/../lib/gcc/nios2-elf/4.7.3/mno-hw-mul\libgcc.a(lib2-mul.o)
                0x0000915c                __mulsi3
 .text          0x00009184       0xec ../binary_count_bsp/\libhal_bsp.a(alt_load.o)
                0x000091f0                alt_load
 .text          0x00009270       0x68 ../binary_count_bsp/\libhal_bsp.a(alt_main.o)
                0x00009270                alt_main
 .text          0x000092d8       0x30 ../binary_count_bsp/\libhal_bsp.a(alt_usleep.o)
                0x000092d8                usleep
 .text          0x00009308      0x140 ../binary_count_bsp/\libhal_bsp.a(alt_write.o)
                0x00009358                write
 .text          0x00009448       0xb8 ../binary_count_bsp/\libhal_bsp.a(alt_sys_init.o)
                0x00009480                alt_irq_init
                0x000094b4                alt_sys_init
 .text          0x00009500       0xc0 ../binary_count_bsp/\libhal_bsp.a(altera_avalon_jtag_uart_fd.o)
                0x00009500                altera_avalon_jtag_uart_read_fd
                0x00009560                altera_avalon_jtag_uart_write_fd
 .text          0x000095c0       0xf4 ../binary_count_bsp/\libhal_bsp.a(altera_avalon_jtag_uart_read.o)
                0x000095c0                altera_avalon_jtag_uart_read
 .text          0x000096b4       0x98 ../binary_count_bsp/\libhal_bsp.a(altera_avalon_jtag_uart_write.o)
                0x000096b4                altera_avalon_jtag_uart_write
 .text          0x0000974c       0xfc ../binary_count_bsp/\libhal_bsp.a(altera_avalon_timer_sc.o)
                0x000097c0                alt_avalon_timer_sc_init
 .text          0x00009848      0x154 ../binary_count_bsp/\libhal_bsp.a(alt_busy_sleep.o)
                0x00009848                alt_busy_sleep
 .text          0x0000999c      0x11c ../binary_count_bsp/\libhal_bsp.a(alt_close.o)
                0x000099ec                close
 .text          0x00009ab8       0x1c ../binary_count_bsp/\libhal_bsp.a(alt_dcache_flush_all.o)
                0x00009ab8                alt_dcache_flush_all
 .text          0x00009ad4       0x2c ../binary_count_bsp/\libhal_bsp.a(alt_dev.o)
 .text          0x00009b00       0xf0 ../binary_count_bsp/\libhal_bsp.a(alt_dev_llist_insert.o)
                0x00009b50                alt_dev_llist_insert
 .text          0x00009bf0        0x0 ../binary_count_bsp/\libhal_bsp.a(alt_errno.o)
 .text          0x00009bf0       0x30 ../binary_count_bsp/\libhal_bsp.a(alt_icache_flush_all.o)
                0x00009bf0                alt_icache_flush_all
 .text          0x00009c20      0x1d8 ../binary_count_bsp/\libhal_bsp.a(alt_iic.o)
                0x00009c20                alt_ic_isr_register
                0x00009c70                alt_ic_irq_enable
                0x00009d0c                alt_ic_irq_disable
                0x00009dac                alt_ic_irq_enabled
 .text          0x00009df8       0xf0 ../binary_count_bsp/\libhal_bsp.a(alt_iic_isr_register.o)
                0x00009df8                alt_iic_isr_register
 .text          0x00009ee8      0x158 ../binary_count_bsp/\libhal_bsp.a(alt_io_redirect.o)
                0x00009fc8                alt_io_redirect
 .text          0x0000a040        0x0 ../binary_count_bsp/\libhal_bsp.a(alt_irq_entry.o)
 .text          0x0000a040        0x0 ../binary_count_bsp/\libhal_bsp.a(alt_irq_handler.o)
 .text          0x0000a040        0x0 ../binary_count_bsp/\libhal_bsp.a(alt_irq_vars.o)
 .text          0x0000a040      0x298 ../binary_count_bsp/\libhal_bsp.a(alt_open.o)
                0x0000a180                open
 .text          0x0000a2d8       0x80 ../binary_count_bsp/\libhal_bsp.a(alt_release_fd.o)
                0x0000a2d8                alt_release_fd
 .text          0x0000a358      0x19c ../binary_count_bsp/\libhal_bsp.a(alt_tick.o)
                0x0000a358                alt_alarm_stop
                0x0000a3f0                alt_tick
 .text          0x0000a4f4       0x20 ../binary_count_bsp/\libhal_bsp.a(altera_nios2_qsys_irq.o)
                0x0000a4f4                altera_nios2_qsys_irq_init
 .text          0x0000a514        0x0 ../binary_count_bsp/\libhal_bsp.a(alt_exception_entry.o)
 .text          0x0000a514       0x90 ../binary_count_bsp/\libhal_bsp.a(alt_find_dev.o)
                0x0000a514                alt_find_dev
 .text          0x0000a5a4      0x114 ../binary_count_bsp/\libhal_bsp.a(alt_find_file.o)
                0x0000a5a4                alt_find_file
 .text          0x0000a6b8       0xd4 ../binary_count_bsp/\libhal_bsp.a(alt_get_fd.o)
                0x0000a6b8                alt_get_fd
 .text          0x0000a78c       0x8c ../binary_count_bsp/\libhal_bsp.a(alt_icache_flush.o)
                0x0000a78c                alt_icache_flush
 .text          0x0000a818       0x20 d:/altera/altera_lite/13.1/nios2eds/bin/gnu/h-i686-mingw32/bin/../lib/gcc/nios2-elf/4.7.3/../../../../../H-i686-mingw32/nios2-elf/lib/mno-hw-mul\libsmallc.a(lib_a-exit.o)
                0x0000a818                exit
 .text          0x0000a838       0x48 d:/altera/altera_lite/13.1/nios2eds/bin/gnu/h-i686-mingw32/bin/../lib/gcc/nios2-elf/4.7.3/../../../../../H-i686-mingw32/nios2-elf/lib/mno-hw-mul\libsmallc.a(lib_a-memcmp.o)
                0x0000a838                memcmp
 .text          0x0000a880      0x1d8 d:/altera/altera_lite/13.1/nios2eds/bin/gnu/h-i686-mingw32/bin/../lib/gcc/nios2-elf/4.7.3/../../../../../H-i686-mingw32/nios2-elf/lib/mno-hw-mul\libsmallc.a(lib_a-__call_atexit.o)
                0x0000a880                __call_exitprocs
 .text          0x0000aa58       0x3c ../binary_count_bsp/\libhal_bsp.a(alt_exit.o)
                0x0000aa58                _exit
 *(.gnu.warning.*)
 *(.fini)
                0x0000aa94                PROVIDE (__etext, ABSOLUTE (.))
                0x0000aa94                PROVIDE (_etext, ABSOLUTE (.))
                0x0000aa94                PROVIDE (etext, ABSOLUTE (.))
 *(.eh_frame_hdr)
                0x0000aa94                . = ALIGN (0x4)
                0x0000aa94                PROVIDE (__preinit_array_start, ABSOLUTE (.))
 *(.preinit_array)
                0x0000aa94                PROVIDE (__preinit_array_end, ABSOLUTE (.))
                0x0000aa94                PROVIDE (__init_array_start, ABSOLUTE (.))
 *(.init_array)
                0x0000aa94                PROVIDE (__init_array_end, ABSOLUTE (.))
                0x0000aa94                PROVIDE (__fini_array_start, ABSOLUTE (.))
 *(.fini_array)
                0x0000aa94                PROVIDE (__fini_array_end, ABSOLUTE (.))
 *(.eh_frame)
 *(.gcc_except_table .gcc_except_table.*)
 *(.dynamic)
                0x0000aa94                PROVIDE (__CTOR_LIST__, ABSOLUTE (.))
 *(.ctors)
 *(SORT(.ctors.*))
                0x0000aa94                PROVIDE (__CTOR_END__, ABSOLUTE (.))
                0x0000aa94                PROVIDE (__DTOR_LIST__, ABSOLUTE (.))
 *(.dtors)
 *(SORT(.dtors.*))
                0x0000aa94                PROVIDE (__DTOR_END__, ABSOLUTE (.))
 *(.jcr)
                0x0000aa94                . = ALIGN (0x4)

.rodata         0x0000aa94      0x110
                0x0000aa94                PROVIDE (__ram_rodata_start, ABSOLUTE (.))
                0x0000aa94                . = ALIGN (0x4)
 *(.rodata .rodata.* .gnu.linkonce.r.*)
 .rodata        0x0000aa94       0xe0 obj/default/count_binary.o
 .rodata.str1.4
                0x0000ab74        0x4 d:/altera/altera_lite/13.1/nios2eds/bin/gnu/h-i686-mingw32/bin/../lib/gcc/nios2-elf/4.7.3/../../../../../H-i686-mingw32/nios2-elf/lib/mno-hw-mul\libsmallc.a(lib_a-puts.o)
 .rodata        0x0000ab78       0x10 ../binary_count_bsp/\libhal_bsp.a(alt_main.o)
 .rodata        0x0000ab88       0x10 ../binary_count_bsp/\libhal_bsp.a(alt_sys_init.o)
 .rodata        0x0000ab98        0xc ../binary_count_bsp/\libhal_bsp.a(alt_dev.o)
 *(.rodata1)
                0x0000aba4                . = ALIGN (0x4)
                0x0000aba4                PROVIDE (__ram_rodata_end, ABSOLUTE (.))
                0x0000aa94                PROVIDE (__flash_rodata_start, LOADADDR (.rodata))

.rwdata         0x0000aba4      0x2e0 load address 0x0000ae84
                0x0000aba4                PROVIDE (__ram_rwdata_start, ABSOLUTE (.))
                0x0000aba4                . = ALIGN (0x4)
 *(.got.plt)
 *(.got)
 *(.data1)
 *(.data .data.* .gnu.linkonce.d.*)
 .data          0x0000aba4        0x0 ../binary_count_bsp//obj/HAL/src/crt0.o
 .data          0x0000aba4        0x0 obj/default/count_binary.o
 .data          0x0000aba4        0x0 d:/altera/altera_lite/13.1/nios2eds/bin/gnu/h-i686-mingw32/bin/../lib/gcc/nios2-elf/4.7.3/mno-hw-mul\libgcc.a(lib2-divmod.o)
 .data          0x0000aba4        0x0 d:/altera/altera_lite/13.1/nios2eds/bin/gnu/h-i686-mingw32/bin/../lib/gcc/nios2-elf/4.7.3/../../../../../H-i686-mingw32/nios2-elf/lib/mno-hw-mul\libsmallc.a(lib_a-printf.o)
 .data          0x0000aba4        0x0 d:/altera/altera_lite/13.1/nios2eds/bin/gnu/h-i686-mingw32/bin/../lib/gcc/nios2-elf/4.7.3/../../../../../H-i686-mingw32/nios2-elf/lib/mno-hw-mul\libsmallc.a(lib_a-putchar.o)
 .data          0x0000aba4        0x0 d:/altera/altera_lite/13.1/nios2eds/bin/gnu/h-i686-mingw32/bin/../lib/gcc/nios2-elf/4.7.3/../../../../../H-i686-mingw32/nios2-elf/lib/mno-hw-mul\libsmallc.a(lib_a-puts.o)
 .data          0x0000aba4        0x0 d:/altera/altera_lite/13.1/nios2eds/bin/gnu/h-i686-mingw32/bin/../lib/gcc/nios2-elf/4.7.3/../../../../../H-i686-mingw32/nios2-elf/lib/mno-hw-mul\libsmallc.a(lib_a-strlen.o)
 .data          0x0000aba4        0x0 d:/altera/altera_lite/13.1/nios2eds/bin/gnu/h-i686-mingw32/bin/../lib/gcc/nios2-elf/4.7.3/../../../../../H-i686-mingw32/nios2-elf/lib/mno-hw-mul\libsmallc.a(lib_a-vfprintf.o)
 .data          0x0000aba4        0x0 d:/altera/altera_lite/13.1/nios2eds/bin/gnu/h-i686-mingw32/bin/../lib/gcc/nios2-elf/4.7.3/../../../../../H-i686-mingw32/nios2-elf/lib/mno-hw-mul\libsmallc.a(lib_a-fvwrite_small_dev.o)
 .data          0x0000aba4       0xe0 d:/altera/altera_lite/13.1/nios2eds/bin/gnu/h-i686-mingw32/bin/../lib/gcc/nios2-elf/4.7.3/../../../../../H-i686-mingw32/nios2-elf/lib/mno-hw-mul\libsmallc.a(lib_a-impure.o)
 .data          0x0000ac84        0x0 d:/altera/altera_lite/13.1/nios2eds/bin/gnu/h-i686-mingw32/bin/../lib/gcc/nios2-elf/4.7.3/../../../../../H-i686-mingw32/nios2-elf/lib/mno-hw-mul\libsmallc.a(lib_a-putc.o)
 .data          0x0000ac84        0x0 d:/altera/altera_lite/13.1/nios2eds/bin/gnu/h-i686-mingw32/bin/../lib/gcc/nios2-elf/4.7.3/../../../../../H-i686-mingw32/nios2-elf/lib/mno-hw-mul\libsmallc.a(lib_a-writer.o)
 .data          0x0000ac84        0x0 d:/altera/altera_lite/13.1/nios2eds/bin/gnu/h-i686-mingw32/bin/../lib/gcc/nios2-elf/4.7.3/../../../../../H-i686-mingw32/nios2-elf/lib/mno-hw-mul\libsmallc.a(lib_a-int_errno.o)
 .data          0x0000ac84        0x0 d:/altera/altera_lite/13.1/nios2eds/bin/gnu/h-i686-mingw32/bin/../lib/gcc/nios2-elf/4.7.3/mno-hw-mul\libgcc.a(lib2-mul.o)
 .data          0x0000ac84        0x0 ../binary_count_bsp/\libhal_bsp.a(alt_load.o)
 .data          0x0000ac84        0x0 ../binary_count_bsp/\libhal_bsp.a(alt_main.o)
 .data          0x0000ac84        0x0 ../binary_count_bsp/\libhal_bsp.a(alt_usleep.o)
 .data          0x0000ac84        0x0 ../binary_count_bsp/\libhal_bsp.a(alt_write.o)
 .data          0x0000ac84       0x2c ../binary_count_bsp/\libhal_bsp.a(alt_sys_init.o)
 .data          0x0000acb0        0x0 ../binary_count_bsp/\libhal_bsp.a(altera_avalon_jtag_uart_fd.o)
 .data          0x0000acb0        0x0 ../binary_count_bsp/\libhal_bsp.a(altera_avalon_jtag_uart_read.o)
 .data          0x0000acb0        0x0 ../binary_count_bsp/\libhal_bsp.a(altera_avalon_jtag_uart_write.o)
 .data          0x0000acb0        0x0 ../binary_count_bsp/\libhal_bsp.a(altera_avalon_timer_sc.o)
 .data          0x0000acb0        0x0 ../binary_count_bsp/\libhal_bsp.a(alt_busy_sleep.o)
 .data          0x0000acb0        0x0 ../binary_count_bsp/\libhal_bsp.a(alt_close.o)
 .data          0x0000acb0        0x0 ../binary_count_bsp/\libhal_bsp.a(alt_dcache_flush_all.o)
 .data          0x0000acb0      0x1a8 ../binary_count_bsp/\libhal_bsp.a(alt_dev.o)
                0x0000acb0                alt_dev_null
                0x0000acd8                alt_fd_list
 .data          0x0000ae58        0x0 ../binary_count_bsp/\libhal_bsp.a(alt_dev_llist_insert.o)
 .data          0x0000ae58        0x0 ../binary_count_bsp/\libhal_bsp.a(alt_errno.o)
 .data          0x0000ae58        0x0 ../binary_count_bsp/\libhal_bsp.a(alt_icache_flush_all.o)
 .data          0x0000ae58        0x0 ../binary_count_bsp/\libhal_bsp.a(alt_iic.o)
 .data          0x0000ae58        0x0 ../binary_count_bsp/\libhal_bsp.a(alt_iic_isr_register.o)
 .data          0x0000ae58        0x0 ../binary_count_bsp/\libhal_bsp.a(alt_io_redirect.o)
 .data          0x0000ae58        0x0 ../binary_count_bsp/\libhal_bsp.a(alt_irq_entry.o)
 .data          0x0000ae58        0x0 ../binary_count_bsp/\libhal_bsp.a(alt_irq_handler.o)
 .data          0x0000ae58        0x0 ../binary_count_bsp/\libhal_bsp.a(alt_irq_vars.o)
 .data          0x0000ae58        0x0 ../binary_count_bsp/\libhal_bsp.a(alt_open.o)
 .data          0x0000ae58        0x0 ../binary_count_bsp/\libhal_bsp.a(alt_release_fd.o)
 .data          0x0000ae58        0x0 ../binary_count_bsp/\libhal_bsp.a(alt_tick.o)
 .data          0x0000ae58        0x0 ../binary_count_bsp/\libhal_bsp.a(altera_nios2_qsys_irq.o)
 .data          0x0000ae58        0x0 ../binary_count_bsp/\libhal_bsp.a(alt_exception_entry.o)
 .data          0x0000ae58        0x0 ../binary_count_bsp/\libhal_bsp.a(alt_find_dev.o)
 .data          0x0000ae58        0x0 ../binary_count_bsp/\libhal_bsp.a(alt_find_file.o)
 .data          0x0000ae58        0x0 ../binary_count_bsp/\libhal_bsp.a(alt_get_fd.o)
 .data          0x0000ae58        0x0 ../binary_count_bsp/\libhal_bsp.a(alt_icache_flush.o)
 .data          0x0000ae58        0x0 d:/altera/altera_lite/13.1/nios2eds/bin/gnu/h-i686-mingw32/bin/../lib/gcc/nios2-elf/4.7.3/../../../../../H-i686-mingw32/nios2-elf/lib/mno-hw-mul\libsmallc.a(lib_a-exit.o)
 .data          0x0000ae58        0x0 d:/altera/altera_lite/13.1/nios2eds/bin/gnu/h-i686-mingw32/bin/../lib/gcc/nios2-elf/4.7.3/../../../../../H-i686-mingw32/nios2-elf/lib/mno-hw-mul\libsmallc.a(lib_a-memcmp.o)
 .data          0x0000ae58        0x0 d:/altera/altera_lite/13.1/nios2eds/bin/gnu/h-i686-mingw32/bin/../lib/gcc/nios2-elf/4.7.3/../../../../../H-i686-mingw32/nios2-elf/lib/mno-hw-mul\libsmallc.a(lib_a-__call_atexit.o)
 .data          0x0000ae58        0x0 ../binary_count_bsp/\libhal_bsp.a(alt_exit.o)
                0x00012e58                _gp = ABSOLUTE ((. + 0x8000))
                0x00012e58                PROVIDE (gp, _gp)
 *(.rwdata .rwdata.*)
 *(.sdata .sdata.* .gnu.linkonce.s.*)
 .sdata         0x0000ae58        0x8 d:/altera/altera_lite/13.1/nios2eds/bin/gnu/h-i686-mingw32/bin/../lib/gcc/nios2-elf/4.7.3/../../../../../H-i686-mingw32/nios2-elf/lib/mno-hw-mul\libsmallc.a(lib_a-impure.o)
                0x0000ae58                _global_impure_ptr
                0x0000ae5c                _impure_ptr
 .sdata         0x0000ae60       0x14 ../binary_count_bsp/\libhal_bsp.a(alt_dev.o)
                0x0000ae60                alt_fs_list
                0x0000ae68                alt_dev_list
                0x0000ae70                alt_max_fd
 .sdata         0x0000ae74        0x4 ../binary_count_bsp/\libhal_bsp.a(alt_errno.o)
                0x0000ae74                alt_errno
 .sdata         0x0000ae78        0x4 ../binary_count_bsp/\libhal_bsp.a(alt_irq_vars.o)
                0x0000ae78                alt_priority_mask
 .sdata         0x0000ae7c        0x8 ../binary_count_bsp/\libhal_bsp.a(alt_tick.o)
                0x0000ae7c                alt_alarm_list
 *(.sdata2 .sdata2.* .gnu.linkonce.s2.*)
                0x0000ae84                . = ALIGN (0x4)
                0x0000ae84                _edata = ABSOLUTE (.)
                0x0000ae84                PROVIDE (edata, ABSOLUTE (.))
                0x0000ae84                PROVIDE (__ram_rwdata_end, ABSOLUTE (.))
                0x0000ae84                PROVIDE (__flash_rwdata_start, LOADADDR (.rwdata))

.bss            0x0000b164      0x124
                0x0000b164                __bss_start = ABSOLUTE (.)
                0x0000b164                PROVIDE (__sbss_start, ABSOLUTE (.))
                0x0000b164                PROVIDE (___sbss_start, ABSOLUTE (.))
 *(.dynsbss)
 *(.sbss .sbss.* .gnu.linkonce.sb.*)
 .sbss          0x0000b164        0x1 obj/default/count_binary.o
 *fill*         0x0000b165        0x3 
 .sbss          0x0000b168        0x4 obj/default/count_binary.o
                0x0000b168                edge_capture
 .sbss          0x0000b16c        0x4 d:/altera/altera_lite/13.1/nios2eds/bin/gnu/h-i686-mingw32/bin/../lib/gcc/nios2-elf/4.7.3/../../../../../H-i686-mingw32/nios2-elf/lib/mno-hw-mul\libsmallc.a(lib_a-int_errno.o)
                0x0000b16c                errno
 .sbss          0x0000b170        0xc ../binary_count_bsp/\libhal_bsp.a(alt_main.o)
                0x0000b170                alt_argc
                0x0000b174                alt_argv
                0x0000b178                alt_envp
 .sbss          0x0000b17c        0x4 ../binary_count_bsp/\libhal_bsp.a(alt_irq_vars.o)
                0x0000b17c                alt_irq_active
 .sbss          0x0000b180        0x8 ../binary_count_bsp/\libhal_bsp.a(alt_tick.o)
                0x0000b180                _alt_tick_rate
                0x0000b184                _alt_nticks
 *(.sbss2 .sbss2.* .gnu.linkonce.sb2.*)
 *(.scommon)
                0x0000b188                PROVIDE (__sbss_end, ABSOLUTE (.))
                0x0000b188                PROVIDE (___sbss_end, ABSOLUTE (.))
 *(.dynbss)
 *(.bss .bss.* .gnu.linkonce.b.*)
 .bss           0x0000b188        0x0 ../binary_count_bsp//obj/HAL/src/crt0.o
 .bss           0x0000b188        0x0 obj/default/count_binary.o
 .bss           0x0000b188        0x0 d:/altera/altera_lite/13.1/nios2eds/bin/gnu/h-i686-mingw32/bin/../lib/gcc/nios2-elf/4.7.3/mno-hw-mul\libgcc.a(lib2-divmod.o)
 .bss           0x0000b188        0x0 d:/altera/altera_lite/13.1/nios2eds/bin/gnu/h-i686-mingw32/bin/../lib/gcc/nios2-elf/4.7.3/../../../../../H-i686-mingw32/nios2-elf/lib/mno-hw-mul\libsmallc.a(lib_a-printf.o)
 .bss           0x0000b188        0x0 d:/altera/altera_lite/13.1/nios2eds/bin/gnu/h-i686-mingw32/bin/../lib/gcc/nios2-elf/4.7.3/../../../../../H-i686-mingw32/nios2-elf/lib/mno-hw-mul\libsmallc.a(lib_a-putchar.o)
 .bss           0x0000b188        0x0 d:/altera/altera_lite/13.1/nios2eds/bin/gnu/h-i686-mingw32/bin/../lib/gcc/nios2-elf/4.7.3/../../../../../H-i686-mingw32/nios2-elf/lib/mno-hw-mul\libsmallc.a(lib_a-puts.o)
 .bss           0x0000b188        0x0 d:/altera/altera_lite/13.1/nios2eds/bin/gnu/h-i686-mingw32/bin/../lib/gcc/nios2-elf/4.7.3/../../../../../H-i686-mingw32/nios2-elf/lib/mno-hw-mul\libsmallc.a(lib_a-strlen.o)
 .bss           0x0000b188        0x0 d:/altera/altera_lite/13.1/nios2eds/bin/gnu/h-i686-mingw32/bin/../lib/gcc/nios2-elf/4.7.3/../../../../../H-i686-mingw32/nios2-elf/lib/mno-hw-mul\libsmallc.a(lib_a-vfprintf.o)
 .bss           0x0000b188        0x0 d:/altera/altera_lite/13.1/nios2eds/bin/gnu/h-i686-mingw32/bin/../lib/gcc/nios2-elf/4.7.3/../../../../../H-i686-mingw32/nios2-elf/lib/mno-hw-mul\libsmallc.a(lib_a-fvwrite_small_dev.o)
 .bss           0x0000b188        0x0 d:/altera/altera_lite/13.1/nios2eds/bin/gnu/h-i686-mingw32/bin/../lib/gcc/nios2-elf/4.7.3/../../../../../H-i686-mingw32/nios2-elf/lib/mno-hw-mul\libsmallc.a(lib_a-impure.o)
 .bss           0x0000b188        0x0 d:/altera/altera_lite/13.1/nios2eds/bin/gnu/h-i686-mingw32/bin/../lib/gcc/nios2-elf/4.7.3/../../../../../H-i686-mingw32/nios2-elf/lib/mno-hw-mul\libsmallc.a(lib_a-putc.o)
 .bss           0x0000b188        0x0 d:/altera/altera_lite/13.1/nios2eds/bin/gnu/h-i686-mingw32/bin/../lib/gcc/nios2-elf/4.7.3/../../../../../H-i686-mingw32/nios2-elf/lib/mno-hw-mul\libsmallc.a(lib_a-writer.o)
 .bss           0x0000b188        0x0 d:/altera/altera_lite/13.1/nios2eds/bin/gnu/h-i686-mingw32/bin/../lib/gcc/nios2-elf/4.7.3/../../../../../H-i686-mingw32/nios2-elf/lib/mno-hw-mul\libsmallc.a(lib_a-int_errno.o)
 .bss           0x0000b188        0x0 d:/altera/altera_lite/13.1/nios2eds/bin/gnu/h-i686-mingw32/bin/../lib/gcc/nios2-elf/4.7.3/mno-hw-mul\libgcc.a(lib2-mul.o)
 .bss           0x0000b188        0x0 ../binary_count_bsp/\libhal_bsp.a(alt_load.o)
 .bss           0x0000b188        0x0 ../binary_count_bsp/\libhal_bsp.a(alt_main.o)
 .bss           0x0000b188        0x0 ../binary_count_bsp/\libhal_bsp.a(alt_usleep.o)
 .bss           0x0000b188        0x0 ../binary_count_bsp/\libhal_bsp.a(alt_write.o)
 .bss           0x0000b188        0x0 ../binary_count_bsp/\libhal_bsp.a(alt_sys_init.o)
 .bss           0x0000b188        0x0 ../binary_count_bsp/\libhal_bsp.a(altera_avalon_jtag_uart_fd.o)
 .bss           0x0000b188        0x0 ../binary_count_bsp/\libhal_bsp.a(altera_avalon_jtag_uart_read.o)
 .bss           0x0000b188        0x0 ../binary_count_bsp/\libhal_bsp.a(altera_avalon_jtag_uart_write.o)
 .bss           0x0000b188        0x0 ../binary_count_bsp/\libhal_bsp.a(altera_avalon_timer_sc.o)
 .bss           0x0000b188        0x0 ../binary_count_bsp/\libhal_bsp.a(alt_busy_sleep.o)
 .bss           0x0000b188        0x0 ../binary_count_bsp/\libhal_bsp.a(alt_close.o)
 .bss           0x0000b188        0x0 ../binary_count_bsp/\libhal_bsp.a(alt_dcache_flush_all.o)
 .bss           0x0000b188        0x0 ../binary_count_bsp/\libhal_bsp.a(alt_dev.o)
 .bss           0x0000b188        0x0 ../binary_count_bsp/\libhal_bsp.a(alt_dev_llist_insert.o)
 .bss           0x0000b188        0x0 ../binary_count_bsp/\libhal_bsp.a(alt_errno.o)
 .bss           0x0000b188        0x0 ../binary_count_bsp/\libhal_bsp.a(alt_icache_flush_all.o)
 .bss           0x0000b188        0x0 ../binary_count_bsp/\libhal_bsp.a(alt_iic.o)
 .bss           0x0000b188        0x0 ../binary_count_bsp/\libhal_bsp.a(alt_iic_isr_register.o)
 .bss           0x0000b188        0x0 ../binary_count_bsp/\libhal_bsp.a(alt_io_redirect.o)
 .bss           0x0000b188        0x0 ../binary_count_bsp/\libhal_bsp.a(alt_irq_entry.o)
 .bss           0x0000b188        0x0 ../binary_count_bsp/\libhal_bsp.a(alt_irq_handler.o)
 .bss           0x0000b188        0x0 ../binary_count_bsp/\libhal_bsp.a(alt_irq_vars.o)
 .bss           0x0000b188        0x0 ../binary_count_bsp/\libhal_bsp.a(alt_open.o)
 .bss           0x0000b188        0x0 ../binary_count_bsp/\libhal_bsp.a(alt_release_fd.o)
 .bss           0x0000b188        0x0 ../binary_count_bsp/\libhal_bsp.a(alt_tick.o)
 .bss           0x0000b188        0x0 ../binary_count_bsp/\libhal_bsp.a(altera_nios2_qsys_irq.o)
 .bss           0x0000b188        0x0 ../binary_count_bsp/\libhal_bsp.a(alt_exception_entry.o)
 .bss           0x0000b188        0x0 ../binary_count_bsp/\libhal_bsp.a(alt_find_dev.o)
 .bss           0x0000b188        0x0 ../binary_count_bsp/\libhal_bsp.a(alt_find_file.o)
 .bss           0x0000b188        0x0 ../binary_count_bsp/\libhal_bsp.a(alt_get_fd.o)
 .bss           0x0000b188        0x0 ../binary_count_bsp/\libhal_bsp.a(alt_icache_flush.o)
 .bss           0x0000b188        0x0 d:/altera/altera_lite/13.1/nios2eds/bin/gnu/h-i686-mingw32/bin/../lib/gcc/nios2-elf/4.7.3/../../../../../H-i686-mingw32/nios2-elf/lib/mno-hw-mul\libsmallc.a(lib_a-exit.o)
 .bss           0x0000b188        0x0 d:/altera/altera_lite/13.1/nios2eds/bin/gnu/h-i686-mingw32/bin/../lib/gcc/nios2-elf/4.7.3/../../../../../H-i686-mingw32/nios2-elf/lib/mno-hw-mul\libsmallc.a(lib_a-memcmp.o)
 .bss           0x0000b188        0x0 d:/altera/altera_lite/13.1/nios2eds/bin/gnu/h-i686-mingw32/bin/../lib/gcc/nios2-elf/4.7.3/../../../../../H-i686-mingw32/nios2-elf/lib/mno-hw-mul\libsmallc.a(lib_a-__call_atexit.o)
 .bss           0x0000b188        0x0 ../binary_count_bsp/\libhal_bsp.a(alt_exit.o)
 *(COMMON)
 COMMON         0x0000b188      0x100 ../binary_count_bsp/\libhal_bsp.a(alt_irq_handler.o)
                0x0000b188                alt_irq
                0x0000b288                . = ALIGN (0x4)
                0x0000b288                __bss_end = ABSOLUTE (.)

.onchip_mem     0x0000b288        0x0
                0x0000b288                PROVIDE (_alt_partition_onchip_mem_start, ABSOLUTE (.))
 *(.onchip_mem .onchip_mem. onchip_mem.*)
                0x0000b288                . = ALIGN (0x4)
                0x0000b288                PROVIDE (_alt_partition_onchip_mem_end, ABSOLUTE (.))
                0x0000b288                _end = ABSOLUTE (.)
                0x0000b288                end = ABSOLUTE (.)
                0x0000b288                __alt_stack_base = ABSOLUTE (.)
                0x0000b288                PROVIDE (_alt_partition_onchip_mem_load_addr, LOADADDR (.onchip_mem))

.stab
 *(.stab)

.stabstr
 *(.stabstr)

.stab.excl
 *(.stab.excl)

.stab.exclstr
 *(.stab.exclstr)

.stab.index
 *(.stab.index)

.stab.indexstr
 *(.stab.indexstr)

.comment        0x00000000       0x23
 *(.comment)
 .comment       0x00000000       0x23 obj/default/count_binary.o
                                 0x24 (size before relaxing)
 .comment       0x00000000       0x24 d:/altera/altera_lite/13.1/nios2eds/bin/gnu/h-i686-mingw32/bin/../lib/gcc/nios2-elf/4.7.3/mno-hw-mul\libgcc.a(lib2-divmod.o)
 .comment       0x00000000       0x24 d:/altera/altera_lite/13.1/nios2eds/bin/gnu/h-i686-mingw32/bin/../lib/gcc/nios2-elf/4.7.3/../../../../../H-i686-mingw32/nios2-elf/lib/mno-hw-mul\libsmallc.a(lib_a-printf.o)
 .comment       0x00000000       0x24 d:/altera/altera_lite/13.1/nios2eds/bin/gnu/h-i686-mingw32/bin/../lib/gcc/nios2-elf/4.7.3/../../../../../H-i686-mingw32/nios2-elf/lib/mno-hw-mul\libsmallc.a(lib_a-putchar.o)
 .comment       0x00000000       0x24 d:/altera/altera_lite/13.1/nios2eds/bin/gnu/h-i686-mingw32/bin/../lib/gcc/nios2-elf/4.7.3/../../../../../H-i686-mingw32/nios2-elf/lib/mno-hw-mul\libsmallc.a(lib_a-puts.o)
 .comment       0x00000000       0x24 d:/altera/altera_lite/13.1/nios2eds/bin/gnu/h-i686-mingw32/bin/../lib/gcc/nios2-elf/4.7.3/../../../../../H-i686-mingw32/nios2-elf/lib/mno-hw-mul\libsmallc.a(lib_a-strlen.o)
 .comment       0x00000000       0x24 d:/altera/altera_lite/13.1/nios2eds/bin/gnu/h-i686-mingw32/bin/../lib/gcc/nios2-elf/4.7.3/../../../../../H-i686-mingw32/nios2-elf/lib/mno-hw-mul\libsmallc.a(lib_a-vfprintf.o)
 .comment       0x00000000       0x24 d:/altera/altera_lite/13.1/nios2eds/bin/gnu/h-i686-mingw32/bin/../lib/gcc/nios2-elf/4.7.3/../../../../../H-i686-mingw32/nios2-elf/lib/mno-hw-mul\libsmallc.a(lib_a-fvwrite_small_dev.o)
 .comment       0x00000000       0x24 d:/altera/altera_lite/13.1/nios2eds/bin/gnu/h-i686-mingw32/bin/../lib/gcc/nios2-elf/4.7.3/../../../../../H-i686-mingw32/nios2-elf/lib/mno-hw-mul\libsmallc.a(lib_a-impure.o)
 .comment       0x00000000       0x24 d:/altera/altera_lite/13.1/nios2eds/bin/gnu/h-i686-mingw32/bin/../lib/gcc/nios2-elf/4.7.3/../../../../../H-i686-mingw32/nios2-elf/lib/mno-hw-mul\libsmallc.a(lib_a-putc.o)
 .comment       0x00000000       0x24 d:/altera/altera_lite/13.1/nios2eds/bin/gnu/h-i686-mingw32/bin/../lib/gcc/nios2-elf/4.7.3/../../../../../H-i686-mingw32/nios2-elf/lib/mno-hw-mul\libsmallc.a(lib_a-writer.o)
 .comment       0x00000000       0x24 d:/altera/altera_lite/13.1/nios2eds/bin/gnu/h-i686-mingw32/bin/../lib/gcc/nios2-elf/4.7.3/../../../../../H-i686-mingw32/nios2-elf/lib/mno-hw-mul\libsmallc.a(lib_a-int_errno.o)
 .comment       0x00000000       0x24 d:/altera/altera_lite/13.1/nios2eds/bin/gnu/h-i686-mingw32/bin/../lib/gcc/nios2-elf/4.7.3/mno-hw-mul\libgcc.a(lib2-mul.o)
 .comment       0x00000000       0x24 ../binary_count_bsp/\libhal_bsp.a(alt_load.o)
 .comment       0x00000000       0x24 ../binary_count_bsp/\libhal_bsp.a(alt_main.o)
 .comment       0x00000000       0x24 ../binary_count_bsp/\libhal_bsp.a(alt_usleep.o)
 .comment       0x00000000       0x24 ../binary_count_bsp/\libhal_bsp.a(alt_write.o)
 .comment       0x00000000       0x24 ../binary_count_bsp/\libhal_bsp.a(alt_sys_init.o)
 .comment       0x00000000       0x24 ../binary_count_bsp/\libhal_bsp.a(altera_avalon_jtag_uart_fd.o)
 .comment       0x00000000       0x24 ../binary_count_bsp/\libhal_bsp.a(altera_avalon_jtag_uart_read.o)
 .comment       0x00000000       0x24 ../binary_count_bsp/\libhal_bsp.a(altera_avalon_jtag_uart_write.o)
 .comment       0x00000000       0x24 ../binary_count_bsp/\libhal_bsp.a(altera_avalon_timer_sc.o)
 .comment       0x00000000       0x24 ../binary_count_bsp/\libhal_bsp.a(alt_busy_sleep.o)
 .comment       0x00000000       0x24 ../binary_count_bsp/\libhal_bsp.a(alt_close.o)
 .comment       0x00000000       0x24 ../binary_count_bsp/\libhal_bsp.a(alt_dcache_flush_all.o)
 .comment       0x00000000       0x24 ../binary_count_bsp/\libhal_bsp.a(alt_dev.o)
 .comment       0x00000000       0x24 ../binary_count_bsp/\libhal_bsp.a(alt_dev_llist_insert.o)
 .comment       0x00000000       0x24 ../binary_count_bsp/\libhal_bsp.a(alt_errno.o)
 .comment       0x00000000       0x24 ../binary_count_bsp/\libhal_bsp.a(alt_icache_flush_all.o)
 .comment       0x00000000       0x24 ../binary_count_bsp/\libhal_bsp.a(alt_iic.o)
 .comment       0x00000000       0x24 ../binary_count_bsp/\libhal_bsp.a(alt_iic_isr_register.o)
 .comment       0x00000000       0x24 ../binary_count_bsp/\libhal_bsp.a(alt_io_redirect.o)
 .comment       0x00000000       0x24 ../binary_count_bsp/\libhal_bsp.a(alt_irq_handler.o)
 .comment       0x00000000       0x24 ../binary_count_bsp/\libhal_bsp.a(alt_irq_vars.o)
 .comment       0x00000000       0x24 ../binary_count_bsp/\libhal_bsp.a(alt_open.o)
 .comment       0x00000000       0x24 ../binary_count_bsp/\libhal_bsp.a(alt_release_fd.o)
 .comment       0x00000000       0x24 ../binary_count_bsp/\libhal_bsp.a(alt_tick.o)
 .comment       0x00000000       0x24 ../binary_count_bsp/\libhal_bsp.a(altera_nios2_qsys_irq.o)
 .comment       0x00000000       0x24 ../binary_count_bsp/\libhal_bsp.a(alt_find_dev.o)
 .comment       0x00000000       0x24 ../binary_count_bsp/\libhal_bsp.a(alt_find_file.o)
 .comment       0x00000000       0x24 ../binary_count_bsp/\libhal_bsp.a(alt_get_fd.o)
 .comment       0x00000000       0x24 ../binary_count_bsp/\libhal_bsp.a(alt_icache_flush.o)
 .comment       0x00000000       0x24 d:/altera/altera_lite/13.1/nios2eds/bin/gnu/h-i686-mingw32/bin/../lib/gcc/nios2-elf/4.7.3/../../../../../H-i686-mingw32/nios2-elf/lib/mno-hw-mul\libsmallc.a(lib_a-exit.o)
 .comment       0x00000000       0x24 d:/altera/altera_lite/13.1/nios2eds/bin/gnu/h-i686-mingw32/bin/../lib/gcc/nios2-elf/4.7.3/../../../../../H-i686-mingw32/nios2-elf/lib/mno-hw-mul\libsmallc.a(lib_a-memcmp.o)
 .comment       0x00000000       0x24 d:/altera/altera_lite/13.1/nios2eds/bin/gnu/h-i686-mingw32/bin/../lib/gcc/nios2-elf/4.7.3/../../../../../H-i686-mingw32/nios2-elf/lib/mno-hw-mul\libsmallc.a(lib_a-__call_atexit.o)
 .comment       0x00000000       0x24 ../binary_count_bsp/\libhal_bsp.a(alt_exit.o)

.debug
 *(.debug)

.line
 *(.line)

.debug_srcinfo
 *(.debug_srcinfo)

.debug_sfnames
 *(.debug_sfnames)

.debug_aranges  0x00000000      0x630
 *(.debug_aranges)
 .debug_aranges
                0x00000000       0x28 ../binary_count_bsp//obj/HAL/src/crt0.o
 .debug_aranges
                0x00000028       0x20 obj/default/count_binary.o
 .debug_aranges
                0x00000048       0x20 d:/altera/altera_lite/13.1/nios2eds/bin/gnu/h-i686-mingw32/bin/../lib/gcc/nios2-elf/4.7.3/mno-hw-mul\libgcc.a(lib2-divmod.o)
 .debug_aranges
                0x00000068       0x20 d:/altera/altera_lite/13.1/nios2eds/bin/gnu/h-i686-mingw32/bin/../lib/gcc/nios2-elf/4.7.3/../../../../../H-i686-mingw32/nios2-elf/lib/mno-hw-mul\libsmallc.a(lib_a-printf.o)
 .debug_aranges
                0x00000088       0x20 d:/altera/altera_lite/13.1/nios2eds/bin/gnu/h-i686-mingw32/bin/../lib/gcc/nios2-elf/4.7.3/../../../../../H-i686-mingw32/nios2-elf/lib/mno-hw-mul\libsmallc.a(lib_a-putchar.o)
 .debug_aranges
                0x000000a8       0x20 d:/altera/altera_lite/13.1/nios2eds/bin/gnu/h-i686-mingw32/bin/../lib/gcc/nios2-elf/4.7.3/../../../../../H-i686-mingw32/nios2-elf/lib/mno-hw-mul\libsmallc.a(lib_a-puts.o)
 .debug_aranges
                0x000000c8       0x20 d:/altera/altera_lite/13.1/nios2eds/bin/gnu/h-i686-mingw32/bin/../lib/gcc/nios2-elf/4.7.3/../../../../../H-i686-mingw32/nios2-elf/lib/mno-hw-mul\libsmallc.a(lib_a-strlen.o)
 .debug_aranges
                0x000000e8       0x20 d:/altera/altera_lite/13.1/nios2eds/bin/gnu/h-i686-mingw32/bin/../lib/gcc/nios2-elf/4.7.3/../../../../../H-i686-mingw32/nios2-elf/lib/mno-hw-mul\libsmallc.a(lib_a-vfprintf.o)
 .debug_aranges
                0x00000108       0x20 d:/altera/altera_lite/13.1/nios2eds/bin/gnu/h-i686-mingw32/bin/../lib/gcc/nios2-elf/4.7.3/../../../../../H-i686-mingw32/nios2-elf/lib/mno-hw-mul\libsmallc.a(lib_a-fvwrite_small_dev.o)
 .debug_aranges
                0x00000128       0x18 d:/altera/altera_lite/13.1/nios2eds/bin/gnu/h-i686-mingw32/bin/../lib/gcc/nios2-elf/4.7.3/../../../../../H-i686-mingw32/nios2-elf/lib/mno-hw-mul\libsmallc.a(lib_a-impure.o)
 .debug_aranges
                0x00000140       0x20 d:/altera/altera_lite/13.1/nios2eds/bin/gnu/h-i686-mingw32/bin/../lib/gcc/nios2-elf/4.7.3/../../../../../H-i686-mingw32/nios2-elf/lib/mno-hw-mul\libsmallc.a(lib_a-putc.o)
 .debug_aranges
                0x00000160       0x20 d:/altera/altera_lite/13.1/nios2eds/bin/gnu/h-i686-mingw32/bin/../lib/gcc/nios2-elf/4.7.3/../../../../../H-i686-mingw32/nios2-elf/lib/mno-hw-mul\libsmallc.a(lib_a-writer.o)
 .debug_aranges
                0x00000180       0x18 d:/altera/altera_lite/13.1/nios2eds/bin/gnu/h-i686-mingw32/bin/../lib/gcc/nios2-elf/4.7.3/../../../../../H-i686-mingw32/nios2-elf/lib/mno-hw-mul\libsmallc.a(lib_a-int_errno.o)
 .debug_aranges
                0x00000198       0x20 d:/altera/altera_lite/13.1/nios2eds/bin/gnu/h-i686-mingw32/bin/../lib/gcc/nios2-elf/4.7.3/mno-hw-mul\libgcc.a(lib2-mul.o)
 .debug_aranges
                0x000001b8       0x20 ../binary_count_bsp/\libhal_bsp.a(alt_load.o)
 .debug_aranges
                0x000001d8       0x20 ../binary_count_bsp/\libhal_bsp.a(alt_main.o)
 .debug_aranges
                0x000001f8       0x20 ../binary_count_bsp/\libhal_bsp.a(alt_usleep.o)
 .debug_aranges
                0x00000218       0x20 ../binary_count_bsp/\libhal_bsp.a(alt_write.o)
 .debug_aranges
                0x00000238       0x20 ../binary_count_bsp/\libhal_bsp.a(alt_sys_init.o)
 .debug_aranges
                0x00000258       0x20 ../binary_count_bsp/\libhal_bsp.a(altera_avalon_jtag_uart_fd.o)
 .debug_aranges
                0x00000278       0x20 ../binary_count_bsp/\libhal_bsp.a(altera_avalon_jtag_uart_read.o)
 .debug_aranges
                0x00000298       0x20 ../binary_count_bsp/\libhal_bsp.a(altera_avalon_jtag_uart_write.o)
 .debug_aranges
                0x000002b8       0x20 ../binary_count_bsp/\libhal_bsp.a(altera_avalon_timer_sc.o)
 .debug_aranges
                0x000002d8       0x20 ../binary_count_bsp/\libhal_bsp.a(alt_busy_sleep.o)
 .debug_aranges
                0x000002f8       0x20 ../binary_count_bsp/\libhal_bsp.a(alt_close.o)
 .debug_aranges
                0x00000318       0x20 ../binary_count_bsp/\libhal_bsp.a(alt_dcache_flush_all.o)
 .debug_aranges
                0x00000338       0x20 ../binary_count_bsp/\libhal_bsp.a(alt_dev.o)
 .debug_aranges
                0x00000358       0x20 ../binary_count_bsp/\libhal_bsp.a(alt_dev_llist_insert.o)
 .debug_aranges
                0x00000378       0x18 ../binary_count_bsp/\libhal_bsp.a(alt_errno.o)
 .debug_aranges
                0x00000390       0x20 ../binary_count_bsp/\libhal_bsp.a(alt_icache_flush_all.o)
 .debug_aranges
                0x000003b0       0x20 ../binary_count_bsp/\libhal_bsp.a(alt_iic.o)
 .debug_aranges
                0x000003d0       0x20 ../binary_count_bsp/\libhal_bsp.a(alt_iic_isr_register.o)
 .debug_aranges
                0x000003f0       0x20 ../binary_count_bsp/\libhal_bsp.a(alt_io_redirect.o)
 .debug_aranges
                0x00000410       0x30 ../binary_count_bsp/\libhal_bsp.a(alt_irq_entry.o)
 .debug_aranges
                0x00000440       0x20 ../binary_count_bsp/\libhal_bsp.a(alt_irq_handler.o)
 .debug_aranges
                0x00000460       0x18 ../binary_count_bsp/\libhal_bsp.a(alt_irq_vars.o)
 .debug_aranges
                0x00000478       0x20 ../binary_count_bsp/\libhal_bsp.a(alt_open.o)
 .debug_aranges
                0x00000498       0x20 ../binary_count_bsp/\libhal_bsp.a(alt_release_fd.o)
 .debug_aranges
                0x000004b8       0x20 ../binary_count_bsp/\libhal_bsp.a(alt_tick.o)
 .debug_aranges
                0x000004d8       0x20 ../binary_count_bsp/\libhal_bsp.a(altera_nios2_qsys_irq.o)
 .debug_aranges
                0x000004f8       0x38 ../binary_count_bsp/\libhal_bsp.a(alt_exception_entry.o)
 .debug_aranges
                0x00000530       0x20 ../binary_count_bsp/\libhal_bsp.a(alt_find_dev.o)
 .debug_aranges
                0x00000550       0x20 ../binary_count_bsp/\libhal_bsp.a(alt_find_file.o)
 .debug_aranges
                0x00000570       0x20 ../binary_count_bsp/\libhal_bsp.a(alt_get_fd.o)
 .debug_aranges
                0x00000590       0x20 ../binary_count_bsp/\libhal_bsp.a(alt_icache_flush.o)
 .debug_aranges
                0x000005b0       0x20 d:/altera/altera_lite/13.1/nios2eds/bin/gnu/h-i686-mingw32/bin/../lib/gcc/nios2-elf/4.7.3/../../../../../H-i686-mingw32/nios2-elf/lib/mno-hw-mul\libsmallc.a(lib_a-exit.o)
 .debug_aranges
                0x000005d0       0x20 d:/altera/altera_lite/13.1/nios2eds/bin/gnu/h-i686-mingw32/bin/../lib/gcc/nios2-elf/4.7.3/../../../../../H-i686-mingw32/nios2-elf/lib/mno-hw-mul\libsmallc.a(lib_a-memcmp.o)
 .debug_aranges
                0x000005f0       0x20 d:/altera/altera_lite/13.1/nios2eds/bin/gnu/h-i686-mingw32/bin/../lib/gcc/nios2-elf/4.7.3/../../../../../H-i686-mingw32/nios2-elf/lib/mno-hw-mul\libsmallc.a(lib_a-__call_atexit.o)
 .debug_aranges
                0x00000610       0x20 ../binary_count_bsp/\libhal_bsp.a(alt_exit.o)

.debug_pubnames
 *(.debug_pubnames)

.debug_info     0x00000000     0x996d
 *(.debug_info .gnu.linkonce.wi.*)
 .debug_info    0x00000000       0x69 ../binary_count_bsp//obj/HAL/src/crt0.o
 .debug_info    0x00000069      0xa8b obj/default/count_binary.o
 .debug_info    0x00000af4      0x289 d:/altera/altera_lite/13.1/nios2eds/bin/gnu/h-i686-mingw32/bin/../lib/gcc/nios2-elf/4.7.3/mno-hw-mul\libgcc.a(lib2-divmod.o)
 .debug_info    0x00000d7d      0x765 d:/altera/altera_lite/13.1/nios2eds/bin/gnu/h-i686-mingw32/bin/../lib/gcc/nios2-elf/4.7.3/../../../../../H-i686-mingw32/nios2-elf/lib/mno-hw-mul\libsmallc.a(lib_a-printf.o)
 .debug_info    0x000014e2      0x6d0 d:/altera/altera_lite/13.1/nios2eds/bin/gnu/h-i686-mingw32/bin/../lib/gcc/nios2-elf/4.7.3/../../../../../H-i686-mingw32/nios2-elf/lib/mno-hw-mul\libsmallc.a(lib_a-putchar.o)
 .debug_info    0x00001bb2      0x6f4 d:/altera/altera_lite/13.1/nios2eds/bin/gnu/h-i686-mingw32/bin/../lib/gcc/nios2-elf/4.7.3/../../../../../H-i686-mingw32/nios2-elf/lib/mno-hw-mul\libsmallc.a(lib_a-puts.o)
 .debug_info    0x000022a6       0xc6 d:/altera/altera_lite/13.1/nios2eds/bin/gnu/h-i686-mingw32/bin/../lib/gcc/nios2-elf/4.7.3/../../../../../H-i686-mingw32/nios2-elf/lib/mno-hw-mul\libsmallc.a(lib_a-strlen.o)
 .debug_info    0x0000236c      0xc69 d:/altera/altera_lite/13.1/nios2eds/bin/gnu/h-i686-mingw32/bin/../lib/gcc/nios2-elf/4.7.3/../../../../../H-i686-mingw32/nios2-elf/lib/mno-hw-mul\libsmallc.a(lib_a-vfprintf.o)
 .debug_info    0x00002fd5      0x6d9 d:/altera/altera_lite/13.1/nios2eds/bin/gnu/h-i686-mingw32/bin/../lib/gcc/nios2-elf/4.7.3/../../../../../H-i686-mingw32/nios2-elf/lib/mno-hw-mul\libsmallc.a(lib_a-fvwrite_small_dev.o)
 .debug_info    0x000036ae      0x631 d:/altera/altera_lite/13.1/nios2eds/bin/gnu/h-i686-mingw32/bin/../lib/gcc/nios2-elf/4.7.3/../../../../../H-i686-mingw32/nios2-elf/lib/mno-hw-mul\libsmallc.a(lib_a-impure.o)
 .debug_info    0x00003cdf      0x6ec d:/altera/altera_lite/13.1/nios2eds/bin/gnu/h-i686-mingw32/bin/../lib/gcc/nios2-elf/4.7.3/../../../../../H-i686-mingw32/nios2-elf/lib/mno-hw-mul\libsmallc.a(lib_a-putc.o)
 .debug_info    0x000043cb      0x6cb d:/altera/altera_lite/13.1/nios2eds/bin/gnu/h-i686-mingw32/bin/../lib/gcc/nios2-elf/4.7.3/../../../../../H-i686-mingw32/nios2-elf/lib/mno-hw-mul\libsmallc.a(lib_a-writer.o)
 .debug_info    0x00004a96       0x84 d:/altera/altera_lite/13.1/nios2eds/bin/gnu/h-i686-mingw32/bin/../lib/gcc/nios2-elf/4.7.3/../../../../../H-i686-mingw32/nios2-elf/lib/mno-hw-mul\libsmallc.a(lib_a-int_errno.o)
 .debug_info    0x00004b1a       0xb8 d:/altera/altera_lite/13.1/nios2eds/bin/gnu/h-i686-mingw32/bin/../lib/gcc/nios2-elf/4.7.3/mno-hw-mul\libgcc.a(lib2-mul.o)
 .debug_info    0x00004bd2      0x135 ../binary_count_bsp/\libhal_bsp.a(alt_load.o)
 .debug_info    0x00004d07      0x139 ../binary_count_bsp/\libhal_bsp.a(alt_main.o)
 .debug_info    0x00004e40       0xad ../binary_count_bsp/\libhal_bsp.a(alt_usleep.o)
 .debug_info    0x00004eed      0x507 ../binary_count_bsp/\libhal_bsp.a(alt_write.o)
 .debug_info    0x000053f4      0x420 ../binary_count_bsp/\libhal_bsp.a(alt_sys_init.o)
 .debug_info    0x00005814      0x3da ../binary_count_bsp/\libhal_bsp.a(altera_avalon_jtag_uart_fd.o)
 .debug_info    0x00005bee      0x1bc ../binary_count_bsp/\libhal_bsp.a(altera_avalon_jtag_uart_read.o)
 .debug_info    0x00005daa      0x19f ../binary_count_bsp/\libhal_bsp.a(altera_avalon_jtag_uart_write.o)
 .debug_info    0x00005f49      0x235 ../binary_count_bsp/\libhal_bsp.a(altera_avalon_timer_sc.o)
 .debug_info    0x0000617e       0xd5 ../binary_count_bsp/\libhal_bsp.a(alt_busy_sleep.o)
 .debug_info    0x00006253      0x350 ../binary_count_bsp/\libhal_bsp.a(alt_close.o)
 .debug_info    0x000065a3       0x90 ../binary_count_bsp/\libhal_bsp.a(alt_dcache_flush_all.o)
 .debug_info    0x00006633      0x4e3 ../binary_count_bsp/\libhal_bsp.a(alt_dev.o)
 .debug_info    0x00006b16      0x1b9 ../binary_count_bsp/\libhal_bsp.a(alt_dev_llist_insert.o)
 .debug_info    0x00006ccf       0xa3 ../binary_count_bsp/\libhal_bsp.a(alt_errno.o)
 .debug_info    0x00006d72       0x90 ../binary_count_bsp/\libhal_bsp.a(alt_icache_flush_all.o)
 .debug_info    0x00006e02      0x364 ../binary_count_bsp/\libhal_bsp.a(alt_iic.o)
 .debug_info    0x00007166      0x1f6 ../binary_count_bsp/\libhal_bsp.a(alt_iic_isr_register.o)
 .debug_info    0x0000735c      0x4f0 ../binary_count_bsp/\libhal_bsp.a(alt_io_redirect.o)
 .debug_info    0x0000784c       0x72 ../binary_count_bsp/\libhal_bsp.a(alt_irq_entry.o)
 .debug_info    0x000078be      0x190 ../binary_count_bsp/\libhal_bsp.a(alt_irq_handler.o)
 .debug_info    0x00007a4e       0x8a ../binary_count_bsp/\libhal_bsp.a(alt_irq_vars.o)
 .debug_info    0x00007ad8      0x3f0 ../binary_count_bsp/\libhal_bsp.a(alt_open.o)
 .debug_info    0x00007ec8      0x2dd ../binary_count_bsp/\libhal_bsp.a(alt_release_fd.o)
 .debug_info    0x000081a5      0x2b1 ../binary_count_bsp/\libhal_bsp.a(alt_tick.o)
 .debug_info    0x00008456       0x90 ../binary_count_bsp/\libhal_bsp.a(altera_nios2_qsys_irq.o)
 .debug_info    0x000084e6       0x78 ../binary_count_bsp/\libhal_bsp.a(alt_exception_entry.o)
 .debug_info    0x0000855e      0x30d ../binary_count_bsp/\libhal_bsp.a(alt_find_dev.o)
 .debug_info    0x0000886b      0x30c ../binary_count_bsp/\libhal_bsp.a(alt_find_file.o)
 .debug_info    0x00008b77      0x339 ../binary_count_bsp/\libhal_bsp.a(alt_get_fd.o)
 .debug_info    0x00008eb0       0xda ../binary_count_bsp/\libhal_bsp.a(alt_icache_flush.o)
 .debug_info    0x00008f8a       0xf8 d:/altera/altera_lite/13.1/nios2eds/bin/gnu/h-i686-mingw32/bin/../lib/gcc/nios2-elf/4.7.3/../../../../../H-i686-mingw32/nios2-elf/lib/mno-hw-mul\libsmallc.a(lib_a-exit.o)
 .debug_info    0x00009082       0xf1 d:/altera/altera_lite/13.1/nios2eds/bin/gnu/h-i686-mingw32/bin/../lib/gcc/nios2-elf/4.7.3/../../../../../H-i686-mingw32/nios2-elf/lib/mno-hw-mul\libsmallc.a(lib_a-memcmp.o)
 .debug_info    0x00009173      0x70e d:/altera/altera_lite/13.1/nios2eds/bin/gnu/h-i686-mingw32/bin/../lib/gcc/nios2-elf/4.7.3/../../../../../H-i686-mingw32/nios2-elf/lib/mno-hw-mul\libsmallc.a(lib_a-__call_atexit.o)
 .debug_info    0x00009881       0xec ../binary_count_bsp/\libhal_bsp.a(alt_exit.o)

.debug_abbrev   0x00000000     0x2fc1
 *(.debug_abbrev)
 .debug_abbrev  0x00000000       0x12 ../binary_count_bsp//obj/HAL/src/crt0.o
 .debug_abbrev  0x00000012      0x22c obj/default/count_binary.o
 .debug_abbrev  0x0000023e      0x112 d:/altera/altera_lite/13.1/nios2eds/bin/gnu/h-i686-mingw32/bin/../lib/gcc/nios2-elf/4.7.3/mno-hw-mul\libgcc.a(lib2-divmod.o)
 .debug_abbrev  0x00000350      0x1e2 d:/altera/altera_lite/13.1/nios2eds/bin/gnu/h-i686-mingw32/bin/../lib/gcc/nios2-elf/4.7.3/../../../../../H-i686-mingw32/nios2-elf/lib/mno-hw-mul\libsmallc.a(lib_a-printf.o)
 .debug_abbrev  0x00000532      0x1a6 d:/altera/altera_lite/13.1/nios2eds/bin/gnu/h-i686-mingw32/bin/../lib/gcc/nios2-elf/4.7.3/../../../../../H-i686-mingw32/nios2-elf/lib/mno-hw-mul\libsmallc.a(lib_a-putchar.o)
 .debug_abbrev  0x000006d8      0x1d4 d:/altera/altera_lite/13.1/nios2eds/bin/gnu/h-i686-mingw32/bin/../lib/gcc/nios2-elf/4.7.3/../../../../../H-i686-mingw32/nios2-elf/lib/mno-hw-mul\libsmallc.a(lib_a-puts.o)
 .debug_abbrev  0x000008ac       0x7f d:/altera/altera_lite/13.1/nios2eds/bin/gnu/h-i686-mingw32/bin/../lib/gcc/nios2-elf/4.7.3/../../../../../H-i686-mingw32/nios2-elf/lib/mno-hw-mul\libsmallc.a(lib_a-strlen.o)
 .debug_abbrev  0x0000092b      0x2db d:/altera/altera_lite/13.1/nios2eds/bin/gnu/h-i686-mingw32/bin/../lib/gcc/nios2-elf/4.7.3/../../../../../H-i686-mingw32/nios2-elf/lib/mno-hw-mul\libsmallc.a(lib_a-vfprintf.o)
 .debug_abbrev  0x00000c06      0x1a8 d:/altera/altera_lite/13.1/nios2eds/bin/gnu/h-i686-mingw32/bin/../lib/gcc/nios2-elf/4.7.3/../../../../../H-i686-mingw32/nios2-elf/lib/mno-hw-mul\libsmallc.a(lib_a-fvwrite_small_dev.o)
 .debug_abbrev  0x00000dae      0x13b d:/altera/altera_lite/13.1/nios2eds/bin/gnu/h-i686-mingw32/bin/../lib/gcc/nios2-elf/4.7.3/../../../../../H-i686-mingw32/nios2-elf/lib/mno-hw-mul\libsmallc.a(lib_a-impure.o)
 .debug_abbrev  0x00000ee9      0x19b d:/altera/altera_lite/13.1/nios2eds/bin/gnu/h-i686-mingw32/bin/../lib/gcc/nios2-elf/4.7.3/../../../../../H-i686-mingw32/nios2-elf/lib/mno-hw-mul\libsmallc.a(lib_a-putc.o)
 .debug_abbrev  0x00001084      0x199 d:/altera/altera_lite/13.1/nios2eds/bin/gnu/h-i686-mingw32/bin/../lib/gcc/nios2-elf/4.7.3/../../../../../H-i686-mingw32/nios2-elf/lib/mno-hw-mul\libsmallc.a(lib_a-writer.o)
 .debug_abbrev  0x0000121d       0x37 d:/altera/altera_lite/13.1/nios2eds/bin/gnu/h-i686-mingw32/bin/../lib/gcc/nios2-elf/4.7.3/../../../../../H-i686-mingw32/nios2-elf/lib/mno-hw-mul\libsmallc.a(lib_a-int_errno.o)
 .debug_abbrev  0x00001254       0x6f d:/altera/altera_lite/13.1/nios2eds/bin/gnu/h-i686-mingw32/bin/../lib/gcc/nios2-elf/4.7.3/mno-hw-mul\libgcc.a(lib2-mul.o)
 .debug_abbrev  0x000012c3       0x9d ../binary_count_bsp/\libhal_bsp.a(alt_load.o)
 .debug_abbrev  0x00001360       0xba ../binary_count_bsp/\libhal_bsp.a(alt_main.o)
 .debug_abbrev  0x0000141a       0x60 ../binary_count_bsp/\libhal_bsp.a(alt_usleep.o)
 .debug_abbrev  0x0000147a      0x133 ../binary_count_bsp/\libhal_bsp.a(alt_write.o)
 .debug_abbrev  0x000015ad      0x155 ../binary_count_bsp/\libhal_bsp.a(alt_sys_init.o)
 .debug_abbrev  0x00001702       0xf7 ../binary_count_bsp/\libhal_bsp.a(altera_avalon_jtag_uart_fd.o)
 .debug_abbrev  0x000017f9       0xd5 ../binary_count_bsp/\libhal_bsp.a(altera_avalon_jtag_uart_read.o)
 .debug_abbrev  0x000018ce       0xd5 ../binary_count_bsp/\libhal_bsp.a(altera_avalon_jtag_uart_write.o)
 .debug_abbrev  0x000019a3      0x155 ../binary_count_bsp/\libhal_bsp.a(altera_avalon_timer_sc.o)
 .debug_abbrev  0x00001af8       0x7e ../binary_count_bsp/\libhal_bsp.a(alt_busy_sleep.o)
 .debug_abbrev  0x00001b76      0x11f ../binary_count_bsp/\libhal_bsp.a(alt_close.o)
 .debug_abbrev  0x00001c95       0x42 ../binary_count_bsp/\libhal_bsp.a(alt_dcache_flush_all.o)
 .debug_abbrev  0x00001cd7       0xd9 ../binary_count_bsp/\libhal_bsp.a(alt_dev.o)
 .debug_abbrev  0x00001db0      0x114 ../binary_count_bsp/\libhal_bsp.a(alt_dev_llist_insert.o)
 .debug_abbrev  0x00001ec4       0x5a ../binary_count_bsp/\libhal_bsp.a(alt_errno.o)
 .debug_abbrev  0x00001f1e       0x42 ../binary_count_bsp/\libhal_bsp.a(alt_icache_flush_all.o)
 .debug_abbrev  0x00001f60      0x16a ../binary_count_bsp/\libhal_bsp.a(alt_iic.o)
 .debug_abbrev  0x000020ca      0x169 ../binary_count_bsp/\libhal_bsp.a(alt_iic_isr_register.o)
 .debug_abbrev  0x00002233      0x114 ../binary_count_bsp/\libhal_bsp.a(alt_io_redirect.o)
 .debug_abbrev  0x00002347       0x12 ../binary_count_bsp/\libhal_bsp.a(alt_irq_entry.o)
 .debug_abbrev  0x00002359      0x124 ../binary_count_bsp/\libhal_bsp.a(alt_irq_handler.o)
 .debug_abbrev  0x0000247d       0x40 ../binary_count_bsp/\libhal_bsp.a(alt_irq_vars.o)
 .debug_abbrev  0x000024bd      0x148 ../binary_count_bsp/\libhal_bsp.a(alt_open.o)
 .debug_abbrev  0x00002605       0xde ../binary_count_bsp/\libhal_bsp.a(alt_release_fd.o)
 .debug_abbrev  0x000026e3      0x15a ../binary_count_bsp/\libhal_bsp.a(alt_tick.o)
 .debug_abbrev  0x0000283d       0x42 ../binary_count_bsp/\libhal_bsp.a(altera_nios2_qsys_irq.o)
 .debug_abbrev  0x0000287f       0x12 ../binary_count_bsp/\libhal_bsp.a(alt_exception_entry.o)
 .debug_abbrev  0x00002891       0xf0 ../binary_count_bsp/\libhal_bsp.a(alt_find_dev.o)
 .debug_abbrev  0x00002981       0xf0 ../binary_count_bsp/\libhal_bsp.a(alt_find_file.o)
 .debug_abbrev  0x00002a71      0x10d ../binary_count_bsp/\libhal_bsp.a(alt_get_fd.o)
 .debug_abbrev  0x00002b7e       0x8c ../binary_count_bsp/\libhal_bsp.a(alt_icache_flush.o)
 .debug_abbrev  0x00002c0a       0xa9 d:/altera/altera_lite/13.1/nios2eds/bin/gnu/h-i686-mingw32/bin/../lib/gcc/nios2-elf/4.7.3/../../../../../H-i686-mingw32/nios2-elf/lib/mno-hw-mul\libsmallc.a(lib_a-exit.o)
 .debug_abbrev  0x00002cb3       0x7f d:/altera/altera_lite/13.1/nios2eds/bin/gnu/h-i686-mingw32/bin/../lib/gcc/nios2-elf/4.7.3/../../../../../H-i686-mingw32/nios2-elf/lib/mno-hw-mul\libsmallc.a(lib_a-memcmp.o)
 .debug_abbrev  0x00002d32      0x1e9 d:/altera/altera_lite/13.1/nios2eds/bin/gnu/h-i686-mingw32/bin/../lib/gcc/nios2-elf/4.7.3/../../../../../H-i686-mingw32/nios2-elf/lib/mno-hw-mul\libsmallc.a(lib_a-__call_atexit.o)
 .debug_abbrev  0x00002f1b       0xa6 ../binary_count_bsp/\libhal_bsp.a(alt_exit.o)

.debug_line     0x00000000     0x376f
 *(.debug_line)
 .debug_line    0x00000000       0x6c ../binary_count_bsp//obj/HAL/src/crt0.o
 .debug_line    0x0000006c      0x269 obj/default/count_binary.o
 .debug_line    0x000002d5       0xd6 d:/altera/altera_lite/13.1/nios2eds/bin/gnu/h-i686-mingw32/bin/../lib/gcc/nios2-elf/4.7.3/mno-hw-mul\libgcc.a(lib2-divmod.o)
 .debug_line    0x000003ab      0x219 d:/altera/altera_lite/13.1/nios2eds/bin/gnu/h-i686-mingw32/bin/../lib/gcc/nios2-elf/4.7.3/../../../../../H-i686-mingw32/nios2-elf/lib/mno-hw-mul\libsmallc.a(lib_a-printf.o)
 .debug_line    0x000005c4      0x1fc d:/altera/altera_lite/13.1/nios2eds/bin/gnu/h-i686-mingw32/bin/../lib/gcc/nios2-elf/4.7.3/../../../../../H-i686-mingw32/nios2-elf/lib/mno-hw-mul\libsmallc.a(lib_a-putchar.o)
 .debug_line    0x000007c0      0x212 d:/altera/altera_lite/13.1/nios2eds/bin/gnu/h-i686-mingw32/bin/../lib/gcc/nios2-elf/4.7.3/../../../../../H-i686-mingw32/nios2-elf/lib/mno-hw-mul\libsmallc.a(lib_a-puts.o)
 .debug_line    0x000009d2      0x174 d:/altera/altera_lite/13.1/nios2eds/bin/gnu/h-i686-mingw32/bin/../lib/gcc/nios2-elf/4.7.3/../../../../../H-i686-mingw32/nios2-elf/lib/mno-hw-mul\libsmallc.a(lib_a-strlen.o)
 .debug_line    0x00000b46      0x40e d:/altera/altera_lite/13.1/nios2eds/bin/gnu/h-i686-mingw32/bin/../lib/gcc/nios2-elf/4.7.3/../../../../../H-i686-mingw32/nios2-elf/lib/mno-hw-mul\libsmallc.a(lib_a-vfprintf.o)
 .debug_line    0x00000f54      0x225 d:/altera/altera_lite/13.1/nios2eds/bin/gnu/h-i686-mingw32/bin/../lib/gcc/nios2-elf/4.7.3/../../../../../H-i686-mingw32/nios2-elf/lib/mno-hw-mul\libsmallc.a(lib_a-fvwrite_small_dev.o)
 .debug_line    0x00001179      0x16c d:/altera/altera_lite/13.1/nios2eds/bin/gnu/h-i686-mingw32/bin/../lib/gcc/nios2-elf/4.7.3/../../../../../H-i686-mingw32/nios2-elf/lib/mno-hw-mul\libsmallc.a(lib_a-impure.o)
 .debug_line    0x000012e5      0x20c d:/altera/altera_lite/13.1/nios2eds/bin/gnu/h-i686-mingw32/bin/../lib/gcc/nios2-elf/4.7.3/../../../../../H-i686-mingw32/nios2-elf/lib/mno-hw-mul\libsmallc.a(lib_a-putc.o)
 .debug_line    0x000014f1      0x20c d:/altera/altera_lite/13.1/nios2eds/bin/gnu/h-i686-mingw32/bin/../lib/gcc/nios2-elf/4.7.3/../../../../../H-i686-mingw32/nios2-elf/lib/mno-hw-mul\libsmallc.a(lib_a-writer.o)
 .debug_line    0x000016fd       0x60 d:/altera/altera_lite/13.1/nios2eds/bin/gnu/h-i686-mingw32/bin/../lib/gcc/nios2-elf/4.7.3/../../../../../H-i686-mingw32/nios2-elf/lib/mno-hw-mul\libsmallc.a(lib_a-int_errno.o)
 .debug_line    0x0000175d       0x80 d:/altera/altera_lite/13.1/nios2eds/bin/gnu/h-i686-mingw32/bin/../lib/gcc/nios2-elf/4.7.3/mno-hw-mul\libgcc.a(lib2-mul.o)
 .debug_line    0x000017dd       0x92 ../binary_count_bsp/\libhal_bsp.a(alt_load.o)
 .debug_line    0x0000186f       0x9e ../binary_count_bsp/\libhal_bsp.a(alt_main.o)
 .debug_line    0x0000190d       0xda ../binary_count_bsp/\libhal_bsp.a(alt_usleep.o)
 .debug_line    0x000019e7      0x210 ../binary_count_bsp/\libhal_bsp.a(alt_write.o)
 .debug_line    0x00001bf7      0x142 ../binary_count_bsp/\libhal_bsp.a(alt_sys_init.o)
 .debug_line    0x00001d39      0x114 ../binary_count_bsp/\libhal_bsp.a(altera_avalon_jtag_uart_fd.o)
 .debug_line    0x00001e4d      0x101 ../binary_count_bsp/\libhal_bsp.a(altera_avalon_jtag_uart_read.o)
 .debug_line    0x00001f4e       0xf8 ../binary_count_bsp/\libhal_bsp.a(altera_avalon_jtag_uart_write.o)
 .debug_line    0x00002046       0xfd ../binary_count_bsp/\libhal_bsp.a(altera_avalon_timer_sc.o)
 .debug_line    0x00002143       0xa0 ../binary_count_bsp/\libhal_bsp.a(alt_busy_sleep.o)
 .debug_line    0x000021e3      0x192 ../binary_count_bsp/\libhal_bsp.a(alt_close.o)
 .debug_line    0x00002375       0x51 ../binary_count_bsp/\libhal_bsp.a(alt_dcache_flush_all.o)
 .debug_line    0x000023c6      0x125 ../binary_count_bsp/\libhal_bsp.a(alt_dev.o)
 .debug_line    0x000024eb       0xd0 ../binary_count_bsp/\libhal_bsp.a(alt_dev_llist_insert.o)
 .debug_line    0x000025bb       0x51 ../binary_count_bsp/\libhal_bsp.a(alt_errno.o)
 .debug_line    0x0000260c       0x50 ../binary_count_bsp/\libhal_bsp.a(alt_icache_flush_all.o)
 .debug_line    0x0000265c       0xed ../binary_count_bsp/\libhal_bsp.a(alt_iic.o)
 .debug_line    0x00002749       0xdb ../binary_count_bsp/\libhal_bsp.a(alt_iic_isr_register.o)
 .debug_line    0x00002824      0x162 ../binary_count_bsp/\libhal_bsp.a(alt_io_redirect.o)
 .debug_line    0x00002986       0x6b ../binary_count_bsp/\libhal_bsp.a(alt_irq_entry.o)
 .debug_line    0x000029f1       0xae ../binary_count_bsp/\libhal_bsp.a(alt_irq_handler.o)
 .debug_line    0x00002a9f       0x50 ../binary_count_bsp/\libhal_bsp.a(alt_irq_vars.o)
 .debug_line    0x00002aef      0x128 ../binary_count_bsp/\libhal_bsp.a(alt_open.o)
 .debug_line    0x00002c17       0xb0 ../binary_count_bsp/\libhal_bsp.a(alt_release_fd.o)
 .debug_line    0x00002cc7      0x102 ../binary_count_bsp/\libhal_bsp.a(alt_tick.o)
 .debug_line    0x00002dc9       0x51 ../binary_count_bsp/\libhal_bsp.a(altera_nios2_qsys_irq.o)
 .debug_line    0x00002e1a       0xab ../binary_count_bsp/\libhal_bsp.a(alt_exception_entry.o)
 .debug_line    0x00002ec5       0xb9 ../binary_count_bsp/\libhal_bsp.a(alt_find_dev.o)
 .debug_line    0x00002f7e       0xd5 ../binary_count_bsp/\libhal_bsp.a(alt_find_file.o)
 .debug_line    0x00003053       0xd4 ../binary_count_bsp/\libhal_bsp.a(alt_get_fd.o)
 .debug_line    0x00003127       0x81 ../binary_count_bsp/\libhal_bsp.a(alt_icache_flush.o)
 .debug_line    0x000031a8      0x170 d:/altera/altera_lite/13.1/nios2eds/bin/gnu/h-i686-mingw32/bin/../lib/gcc/nios2-elf/4.7.3/../../../../../H-i686-mingw32/nios2-elf/lib/mno-hw-mul\libsmallc.a(lib_a-exit.o)
 .debug_line    0x00003318      0x17f d:/altera/altera_lite/13.1/nios2eds/bin/gnu/h-i686-mingw32/bin/../lib/gcc/nios2-elf/4.7.3/../../../../../H-i686-mingw32/nios2-elf/lib/mno-hw-mul\libsmallc.a(lib_a-memcmp.o)
 .debug_line    0x00003497      0x267 d:/altera/altera_lite/13.1/nios2eds/bin/gnu/h-i686-mingw32/bin/../lib/gcc/nios2-elf/4.7.3/../../../../../H-i686-mingw32/nios2-elf/lib/mno-hw-mul\libsmallc.a(lib_a-__call_atexit.o)
 .debug_line    0x000036fe       0x71 ../binary_count_bsp/\libhal_bsp.a(alt_exit.o)

.debug_frame    0x00000000      0xa3c
 *(.debug_frame)
 .debug_frame   0x00000000       0xf0 obj/default/count_binary.o
 .debug_frame   0x000000f0       0x70 d:/altera/altera_lite/13.1/nios2eds/bin/gnu/h-i686-mingw32/bin/../lib/gcc/nios2-elf/4.7.3/mno-hw-mul\libgcc.a(lib2-divmod.o)
 .debug_frame   0x00000160       0x40 d:/altera/altera_lite/13.1/nios2eds/bin/gnu/h-i686-mingw32/bin/../lib/gcc/nios2-elf/4.7.3/../../../../../H-i686-mingw32/nios2-elf/lib/mno-hw-mul\libsmallc.a(lib_a-printf.o)
 .debug_frame   0x000001a0       0x30 d:/altera/altera_lite/13.1/nios2eds/bin/gnu/h-i686-mingw32/bin/../lib/gcc/nios2-elf/4.7.3/../../../../../H-i686-mingw32/nios2-elf/lib/mno-hw-mul\libsmallc.a(lib_a-putchar.o)
 .debug_frame   0x000001d0       0x3c d:/altera/altera_lite/13.1/nios2eds/bin/gnu/h-i686-mingw32/bin/../lib/gcc/nios2-elf/4.7.3/../../../../../H-i686-mingw32/nios2-elf/lib/mno-hw-mul\libsmallc.a(lib_a-puts.o)
 .debug_frame   0x0000020c       0x20 d:/altera/altera_lite/13.1/nios2eds/bin/gnu/h-i686-mingw32/bin/../lib/gcc/nios2-elf/4.7.3/../../../../../H-i686-mingw32/nios2-elf/lib/mno-hw-mul\libsmallc.a(lib_a-strlen.o)
 .debug_frame   0x0000022c       0x4c d:/altera/altera_lite/13.1/nios2eds/bin/gnu/h-i686-mingw32/bin/../lib/gcc/nios2-elf/4.7.3/../../../../../H-i686-mingw32/nios2-elf/lib/mno-hw-mul\libsmallc.a(lib_a-vfprintf.o)
 .debug_frame   0x00000278       0x30 d:/altera/altera_lite/13.1/nios2eds/bin/gnu/h-i686-mingw32/bin/../lib/gcc/nios2-elf/4.7.3/../../../../../H-i686-mingw32/nios2-elf/lib/mno-hw-mul\libsmallc.a(lib_a-fvwrite_small_dev.o)
 .debug_frame   0x000002a8       0x44 d:/altera/altera_lite/13.1/nios2eds/bin/gnu/h-i686-mingw32/bin/../lib/gcc/nios2-elf/4.7.3/../../../../../H-i686-mingw32/nios2-elf/lib/mno-hw-mul\libsmallc.a(lib_a-putc.o)
 .debug_frame   0x000002ec       0x2c d:/altera/altera_lite/13.1/nios2eds/bin/gnu/h-i686-mingw32/bin/../lib/gcc/nios2-elf/4.7.3/../../../../../H-i686-mingw32/nios2-elf/lib/mno-hw-mul\libsmallc.a(lib_a-writer.o)
 .debug_frame   0x00000318       0x20 d:/altera/altera_lite/13.1/nios2eds/bin/gnu/h-i686-mingw32/bin/../lib/gcc/nios2-elf/4.7.3/mno-hw-mul\libgcc.a(lib2-mul.o)
 .debug_frame   0x00000338       0x48 ../binary_count_bsp/\libhal_bsp.a(alt_load.o)
 .debug_frame   0x00000380       0x2c ../binary_count_bsp/\libhal_bsp.a(alt_main.o)
 .debug_frame   0x000003ac       0x2c ../binary_count_bsp/\libhal_bsp.a(alt_usleep.o)
 .debug_frame   0x000003d8       0x48 ../binary_count_bsp/\libhal_bsp.a(alt_write.o)
 .debug_frame   0x00000420       0x64 ../binary_count_bsp/\libhal_bsp.a(alt_sys_init.o)
 .debug_frame   0x00000484       0x48 ../binary_count_bsp/\libhal_bsp.a(altera_avalon_jtag_uart_fd.o)
 .debug_frame   0x000004cc       0x2c ../binary_count_bsp/\libhal_bsp.a(altera_avalon_jtag_uart_read.o)
 .debug_frame   0x000004f8       0x2c ../binary_count_bsp/\libhal_bsp.a(altera_avalon_jtag_uart_write.o)
 .debug_frame   0x00000524       0x48 ../binary_count_bsp/\libhal_bsp.a(altera_avalon_timer_sc.o)
 .debug_frame   0x0000056c       0x2c ../binary_count_bsp/\libhal_bsp.a(alt_busy_sleep.o)
 .debug_frame   0x00000598       0x48 ../binary_count_bsp/\libhal_bsp.a(alt_close.o)
 .debug_frame   0x000005e0       0x2c ../binary_count_bsp/\libhal_bsp.a(alt_dcache_flush_all.o)
 .debug_frame   0x0000060c       0x2c ../binary_count_bsp/\libhal_bsp.a(alt_dev.o)
 .debug_frame   0x00000638       0x48 ../binary_count_bsp/\libhal_bsp.a(alt_dev_llist_insert.o)
 .debug_frame   0x00000680       0x2c ../binary_count_bsp/\libhal_bsp.a(alt_icache_flush_all.o)
 .debug_frame   0x000006ac       0x80 ../binary_count_bsp/\libhal_bsp.a(alt_iic.o)
 .debug_frame   0x0000072c       0x2c ../binary_count_bsp/\libhal_bsp.a(alt_iic_isr_register.o)
 .debug_frame   0x00000758       0x4c ../binary_count_bsp/\libhal_bsp.a(alt_io_redirect.o)
 .debug_frame   0x000007a4       0x2c ../binary_count_bsp/\libhal_bsp.a(alt_irq_handler.o)
 .debug_frame   0x000007d0       0x68 ../binary_count_bsp/\libhal_bsp.a(alt_open.o)
 .debug_frame   0x00000838       0x30 ../binary_count_bsp/\libhal_bsp.a(alt_release_fd.o)
 .debug_frame   0x00000868       0x48 ../binary_count_bsp/\libhal_bsp.a(alt_tick.o)
 .debug_frame   0x000008b0       0x2c ../binary_count_bsp/\libhal_bsp.a(altera_nios2_qsys_irq.o)
 .debug_frame   0x000008dc       0x2c ../binary_count_bsp/\libhal_bsp.a(alt_find_dev.o)
 .debug_frame   0x00000908       0x2c ../binary_count_bsp/\libhal_bsp.a(alt_find_file.o)
 .debug_frame   0x00000934       0x30 ../binary_count_bsp/\libhal_bsp.a(alt_get_fd.o)
 .debug_frame   0x00000964       0x2c ../binary_count_bsp/\libhal_bsp.a(alt_icache_flush.o)
 .debug_frame   0x00000990       0x28 d:/altera/altera_lite/13.1/nios2eds/bin/gnu/h-i686-mingw32/bin/../lib/gcc/nios2-elf/4.7.3/../../../../../H-i686-mingw32/nios2-elf/lib/mno-hw-mul\libsmallc.a(lib_a-exit.o)
 .debug_frame   0x000009b8       0x20 d:/altera/altera_lite/13.1/nios2eds/bin/gnu/h-i686-mingw32/bin/../lib/gcc/nios2-elf/4.7.3/../../../../../H-i686-mingw32/nios2-elf/lib/mno-hw-mul\libsmallc.a(lib_a-memcmp.o)
 .debug_frame   0x000009d8       0x38 d:/altera/altera_lite/13.1/nios2eds/bin/gnu/h-i686-mingw32/bin/../lib/gcc/nios2-elf/4.7.3/../../../../../H-i686-mingw32/nios2-elf/lib/mno-hw-mul\libsmallc.a(lib_a-__call_atexit.o)
 .debug_frame   0x00000a10       0x2c ../binary_count_bsp/\libhal_bsp.a(alt_exit.o)

.debug_str      0x00000000     0x1949
 *(.debug_str)
 .debug_str     0x00000000      0x469 obj/default/count_binary.o
                                0x500 (size before relaxing)
 .debug_str     0x00000469      0x112 d:/altera/altera_lite/13.1/nios2eds/bin/gnu/h-i686-mingw32/bin/../lib/gcc/nios2-elf/4.7.3/mno-hw-mul\libgcc.a(lib2-divmod.o)
                                0x169 (size before relaxing)
 .debug_str     0x0000057b      0x18b d:/altera/altera_lite/13.1/nios2eds/bin/gnu/h-i686-mingw32/bin/../lib/gcc/nios2-elf/4.7.3/../../../../../H-i686-mingw32/nios2-elf/lib/mno-hw-mul\libsmallc.a(lib_a-printf.o)
                                0x4b4 (size before relaxing)
 .debug_str     0x00000706       0x59 d:/altera/altera_lite/13.1/nios2eds/bin/gnu/h-i686-mingw32/bin/../lib/gcc/nios2-elf/4.7.3/../../../../../H-i686-mingw32/nios2-elf/lib/mno-hw-mul\libsmallc.a(lib_a-putchar.o)
                                0x46b (size before relaxing)
 .debug_str     0x0000075f       0x4f d:/altera/altera_lite/13.1/nios2eds/bin/gnu/h-i686-mingw32/bin/../lib/gcc/nios2-elf/4.7.3/../../../../../H-i686-mingw32/nios2-elf/lib/mno-hw-mul\libsmallc.a(lib_a-puts.o)
                                0x463 (size before relaxing)
 .debug_str     0x000007ae       0xde d:/altera/altera_lite/13.1/nios2eds/bin/gnu/h-i686-mingw32/bin/../lib/gcc/nios2-elf/4.7.3/../../../../../H-i686-mingw32/nios2-elf/lib/mno-hw-mul\libsmallc.a(lib_a-strlen.o)
                                0x190 (size before relaxing)
 .debug_str     0x0000088c      0x196 d:/altera/altera_lite/13.1/nios2eds/bin/gnu/h-i686-mingw32/bin/../lib/gcc/nios2-elf/4.7.3/../../../../../H-i686-mingw32/nios2-elf/lib/mno-hw-mul\libsmallc.a(lib_a-vfprintf.o)
                                0x634 (size before relaxing)
 .debug_str     0x00000a22       0x82 d:/altera/altera_lite/13.1/nios2eds/bin/gnu/h-i686-mingw32/bin/../lib/gcc/nios2-elf/4.7.3/../../../../../H-i686-mingw32/nios2-elf/lib/mno-hw-mul\libsmallc.a(lib_a-fvwrite_small_dev.o)
                                0x48f (size before relaxing)
 .debug_str     0x00000aa4       0xfb d:/altera/altera_lite/13.1/nios2eds/bin/gnu/h-i686-mingw32/bin/../lib/gcc/nios2-elf/4.7.3/../../../../../H-i686-mingw32/nios2-elf/lib/mno-hw-mul\libsmallc.a(lib_a-impure.o)
                                0x469 (size before relaxing)
 .debug_str     0x00000b9f       0x47 d:/altera/altera_lite/13.1/nios2eds/bin/gnu/h-i686-mingw32/bin/../lib/gcc/nios2-elf/4.7.3/../../../../../H-i686-mingw32/nios2-elf/lib/mno-hw-mul\libsmallc.a(lib_a-putc.o)
                                0x461 (size before relaxing)
 .debug_str     0x00000be6       0x3d d:/altera/altera_lite/13.1/nios2eds/bin/gnu/h-i686-mingw32/bin/../lib/gcc/nios2-elf/4.7.3/../../../../../H-i686-mingw32/nios2-elf/lib/mno-hw-mul\libsmallc.a(lib_a-writer.o)
                                0x463 (size before relaxing)
 .debug_str     0x00000c23       0x40 d:/altera/altera_lite/13.1/nios2eds/bin/gnu/h-i686-mingw32/bin/../lib/gcc/nios2-elf/4.7.3/../../../../../H-i686-mingw32/nios2-elf/lib/mno-hw-mul\libsmallc.a(lib_a-int_errno.o)
                                0x183 (size before relaxing)
 .debug_str     0x00000c63       0x40 d:/altera/altera_lite/13.1/nios2eds/bin/gnu/h-i686-mingw32/bin/../lib/gcc/nios2-elf/4.7.3/mno-hw-mul\libgcc.a(lib2-mul.o)
                                0x12a (size before relaxing)
 .debug_str     0x00000ca3      0x126 ../binary_count_bsp/\libhal_bsp.a(alt_load.o)
                                0x1c4 (size before relaxing)
 .debug_str     0x00000dc9       0x70 ../binary_count_bsp/\libhal_bsp.a(alt_main.o)
                                0x14f (size before relaxing)
 .debug_str     0x00000e39       0x27 ../binary_count_bsp/\libhal_bsp.a(alt_usleep.o)
                                 0xfa (size before relaxing)
 .debug_str     0x00000e60      0x159 ../binary_count_bsp/\libhal_bsp.a(alt_write.o)
                                0x2aa (size before relaxing)
 .debug_str     0x00000fb9      0x136 ../binary_count_bsp/\libhal_bsp.a(alt_sys_init.o)
                                0x2bc (size before relaxing)
 .debug_str     0x000010ef       0x77 ../binary_count_bsp/\libhal_bsp.a(altera_avalon_jtag_uart_fd.o)
                                0x287 (size before relaxing)
 .debug_str     0x00001166       0x48 ../binary_count_bsp/\libhal_bsp.a(altera_avalon_jtag_uart_read.o)
                                0x1d1 (size before relaxing)
 .debug_str     0x000011ae       0x4a ../binary_count_bsp/\libhal_bsp.a(altera_avalon_jtag_uart_write.o)
                                0x1c7 (size before relaxing)
 .debug_str     0x000011f8       0xb6 ../binary_count_bsp/\libhal_bsp.a(altera_avalon_timer_sc.o)
                                0x1fd (size before relaxing)
 .debug_str     0x000012ae       0x42 ../binary_count_bsp/\libhal_bsp.a(alt_busy_sleep.o)
                                0x11d (size before relaxing)
 .debug_str     0x000012f0       0x1b ../binary_count_bsp/\libhal_bsp.a(alt_close.o)
                                0x1bd (size before relaxing)
 .debug_str     0x0000130b       0x34 ../binary_count_bsp/\libhal_bsp.a(alt_dcache_flush_all.o)
                                0x107 (size before relaxing)
 .debug_str     0x0000133f       0x50 ../binary_count_bsp/\libhal_bsp.a(alt_dev.o)
                                0x2b7 (size before relaxing)
 .debug_str     0x0000138f       0x4b ../binary_count_bsp/\libhal_bsp.a(alt_dev_llist_insert.o)
                                0x17e (size before relaxing)
 .debug_str     0x000013da       0x14 ../binary_count_bsp/\libhal_bsp.a(alt_errno.o)
                                 0xf7 (size before relaxing)
 .debug_str     0x000013ee       0x34 ../binary_count_bsp/\libhal_bsp.a(alt_icache_flush_all.o)
                                0x107 (size before relaxing)
 .debug_str     0x00001422       0xc4 ../binary_count_bsp/\libhal_bsp.a(alt_iic.o)
                                0x1f0 (size before relaxing)
 .debug_str     0x000014e6       0x4c ../binary_count_bsp/\libhal_bsp.a(alt_iic_isr_register.o)
                                0x19a (size before relaxing)
 .debug_str     0x00001532       0x56 ../binary_count_bsp/\libhal_bsp.a(alt_io_redirect.o)
                                0x2c8 (size before relaxing)
 .debug_str     0x00001588       0x3a ../binary_count_bsp/\libhal_bsp.a(alt_irq_handler.o)
                                0x149 (size before relaxing)
 .debug_str     0x000015c2       0x17 ../binary_count_bsp/\libhal_bsp.a(alt_irq_vars.o)
                                 0xf8 (size before relaxing)
 .debug_str     0x000015d9       0x2f ../binary_count_bsp/\libhal_bsp.a(alt_open.o)
                                0x1fd (size before relaxing)
 .debug_str     0x00001608       0x28 ../binary_count_bsp/\libhal_bsp.a(alt_release_fd.o)
                                0x191 (size before relaxing)
 .debug_str     0x00001630       0x78 ../binary_count_bsp/\libhal_bsp.a(alt_tick.o)
                                0x204 (size before relaxing)
 .debug_str     0x000016a8       0x3b ../binary_count_bsp/\libhal_bsp.a(altera_nios2_qsys_irq.o)
                                0x10e (size before relaxing)
 .debug_str     0x000016e3       0x24 ../binary_count_bsp/\libhal_bsp.a(alt_find_dev.o)
                                0x19e (size before relaxing)
 .debug_str     0x00001707       0x26 ../binary_count_bsp/\libhal_bsp.a(alt_find_file.o)
                                0x1ac (size before relaxing)
 .debug_str     0x0000172d       0x30 ../binary_count_bsp/\libhal_bsp.a(alt_get_fd.o)
                                0x1ce (size before relaxing)
 .debug_str     0x0000175d       0x2c ../binary_count_bsp/\libhal_bsp.a(alt_icache_flush.o)
                                0x10d (size before relaxing)
 .debug_str     0x00001789       0xed d:/altera/altera_lite/13.1/nios2eds/bin/gnu/h-i686-mingw32/bin/../lib/gcc/nios2-elf/4.7.3/../../../../../H-i686-mingw32/nios2-elf/lib/mno-hw-mul\libsmallc.a(lib_a-exit.o)
                                0x19b (size before relaxing)
 .debug_str     0x00001876       0x45 d:/altera/altera_lite/13.1/nios2eds/bin/gnu/h-i686-mingw32/bin/../lib/gcc/nios2-elf/4.7.3/../../../../../H-i686-mingw32/nios2-elf/lib/mno-hw-mul\libsmallc.a(lib_a-memcmp.o)
                                0x18a (size before relaxing)
 .debug_str     0x000018bb       0x64 d:/altera/altera_lite/13.1/nios2eds/bin/gnu/h-i686-mingw32/bin/../lib/gcc/nios2-elf/4.7.3/../../../../../H-i686-mingw32/nios2-elf/lib/mno-hw-mul\libsmallc.a(lib_a-__call_atexit.o)
                                0x494 (size before relaxing)
 .debug_str     0x0000191f       0x2a ../binary_count_bsp/\libhal_bsp.a(alt_exit.o)
                                0x103 (size before relaxing)

.debug_loc      0x00000000     0x2198
 *(.debug_loc)
 .debug_loc     0x00000000      0x160 obj/default/count_binary.o
 .debug_loc     0x00000160      0x338 d:/altera/altera_lite/13.1/nios2eds/bin/gnu/h-i686-mingw32/bin/../lib/gcc/nios2-elf/4.7.3/mno-hw-mul\libgcc.a(lib2-divmod.o)
 .debug_loc     0x00000498      0x125 d:/altera/altera_lite/13.1/nios2eds/bin/gnu/h-i686-mingw32/bin/../lib/gcc/nios2-elf/4.7.3/../../../../../H-i686-mingw32/nios2-elf/lib/mno-hw-mul\libsmallc.a(lib_a-printf.o)
 .debug_loc     0x000005bd       0x6e d:/altera/altera_lite/13.1/nios2eds/bin/gnu/h-i686-mingw32/bin/../lib/gcc/nios2-elf/4.7.3/../../../../../H-i686-mingw32/nios2-elf/lib/mno-hw-mul\libsmallc.a(lib_a-putchar.o)
 .debug_loc     0x0000062b       0xb7 d:/altera/altera_lite/13.1/nios2eds/bin/gnu/h-i686-mingw32/bin/../lib/gcc/nios2-elf/4.7.3/../../../../../H-i686-mingw32/nios2-elf/lib/mno-hw-mul\libsmallc.a(lib_a-puts.o)
 .debug_loc     0x000006e2       0x29 d:/altera/altera_lite/13.1/nios2eds/bin/gnu/h-i686-mingw32/bin/../lib/gcc/nios2-elf/4.7.3/../../../../../H-i686-mingw32/nios2-elf/lib/mno-hw-mul\libsmallc.a(lib_a-strlen.o)
 .debug_loc     0x0000070b      0xc9d d:/altera/altera_lite/13.1/nios2eds/bin/gnu/h-i686-mingw32/bin/../lib/gcc/nios2-elf/4.7.3/../../../../../H-i686-mingw32/nios2-elf/lib/mno-hw-mul\libsmallc.a(lib_a-vfprintf.o)
 .debug_loc     0x000013a8      0x19e d:/altera/altera_lite/13.1/nios2eds/bin/gnu/h-i686-mingw32/bin/../lib/gcc/nios2-elf/4.7.3/../../../../../H-i686-mingw32/nios2-elf/lib/mno-hw-mul\libsmallc.a(lib_a-fvwrite_small_dev.o)
 .debug_loc     0x00001546      0x138 d:/altera/altera_lite/13.1/nios2eds/bin/gnu/h-i686-mingw32/bin/../lib/gcc/nios2-elf/4.7.3/../../../../../H-i686-mingw32/nios2-elf/lib/mno-hw-mul\libsmallc.a(lib_a-putc.o)
 .debug_loc     0x0000167e       0xde d:/altera/altera_lite/13.1/nios2eds/bin/gnu/h-i686-mingw32/bin/../lib/gcc/nios2-elf/4.7.3/../../../../../H-i686-mingw32/nios2-elf/lib/mno-hw-mul\libsmallc.a(lib_a-writer.o)
 .debug_loc     0x0000175c       0x93 d:/altera/altera_lite/13.1/nios2eds/bin/gnu/h-i686-mingw32/bin/../lib/gcc/nios2-elf/4.7.3/mno-hw-mul\libgcc.a(lib2-mul.o)
 .debug_loc     0x000017ef       0x58 ../binary_count_bsp/\libhal_bsp.a(alt_load.o)
 .debug_loc     0x00001847       0x2c ../binary_count_bsp/\libhal_bsp.a(alt_main.o)
 .debug_loc     0x00001873       0x2c ../binary_count_bsp/\libhal_bsp.a(alt_usleep.o)
 .debug_loc     0x0000189f       0x58 ../binary_count_bsp/\libhal_bsp.a(alt_write.o)
 .debug_loc     0x000018f7       0x84 ../binary_count_bsp/\libhal_bsp.a(alt_sys_init.o)
 .debug_loc     0x0000197b       0x58 ../binary_count_bsp/\libhal_bsp.a(altera_avalon_jtag_uart_fd.o)
 .debug_loc     0x000019d3       0x2c ../binary_count_bsp/\libhal_bsp.a(altera_avalon_jtag_uart_read.o)
 .debug_loc     0x000019ff       0x2c ../binary_count_bsp/\libhal_bsp.a(altera_avalon_jtag_uart_write.o)
 .debug_loc     0x00001a2b       0x58 ../binary_count_bsp/\libhal_bsp.a(altera_avalon_timer_sc.o)
 .debug_loc     0x00001a83       0x2c ../binary_count_bsp/\libhal_bsp.a(alt_busy_sleep.o)
 .debug_loc     0x00001aaf       0x58 ../binary_count_bsp/\libhal_bsp.a(alt_close.o)
 .debug_loc     0x00001b07       0x2c ../binary_count_bsp/\libhal_bsp.a(alt_dcache_flush_all.o)
 .debug_loc     0x00001b33       0x2c ../binary_count_bsp/\libhal_bsp.a(alt_dev.o)
 .debug_loc     0x00001b5f       0x58 ../binary_count_bsp/\libhal_bsp.a(alt_dev_llist_insert.o)
 .debug_loc     0x00001bb7       0x2c ../binary_count_bsp/\libhal_bsp.a(alt_icache_flush_all.o)
 .debug_loc     0x00001be3       0xb0 ../binary_count_bsp/\libhal_bsp.a(alt_iic.o)
 .debug_loc     0x00001c93       0x2c ../binary_count_bsp/\libhal_bsp.a(alt_iic_isr_register.o)
 .debug_loc     0x00001cbf       0x58 ../binary_count_bsp/\libhal_bsp.a(alt_io_redirect.o)
 .debug_loc     0x00001d17       0x2c ../binary_count_bsp/\libhal_bsp.a(alt_irq_handler.o)
 .debug_loc     0x00001d43       0x84 ../binary_count_bsp/\libhal_bsp.a(alt_open.o)
 .debug_loc     0x00001dc7       0x2c ../binary_count_bsp/\libhal_bsp.a(alt_release_fd.o)
 .debug_loc     0x00001df3       0x58 ../binary_count_bsp/\libhal_bsp.a(alt_tick.o)
 .debug_loc     0x00001e4b       0x2c ../binary_count_bsp/\libhal_bsp.a(altera_nios2_qsys_irq.o)
 .debug_loc     0x00001e77       0x2c ../binary_count_bsp/\libhal_bsp.a(alt_find_dev.o)
 .debug_loc     0x00001ea3       0x2c ../binary_count_bsp/\libhal_bsp.a(alt_find_file.o)
 .debug_loc     0x00001ecf       0x2c ../binary_count_bsp/\libhal_bsp.a(alt_get_fd.o)
 .debug_loc     0x00001efb       0x2c ../binary_count_bsp/\libhal_bsp.a(alt_icache_flush.o)
 .debug_loc     0x00001f27       0x3e d:/altera/altera_lite/13.1/nios2eds/bin/gnu/h-i686-mingw32/bin/../lib/gcc/nios2-elf/4.7.3/../../../../../H-i686-mingw32/nios2-elf/lib/mno-hw-mul\libsmallc.a(lib_a-exit.o)
 .debug_loc     0x00001f65       0x6f d:/altera/altera_lite/13.1/nios2eds/bin/gnu/h-i686-mingw32/bin/../lib/gcc/nios2-elf/4.7.3/../../../../../H-i686-mingw32/nios2-elf/lib/mno-hw-mul\libsmallc.a(lib_a-memcmp.o)
 .debug_loc     0x00001fd4      0x198 d:/altera/altera_lite/13.1/nios2eds/bin/gnu/h-i686-mingw32/bin/../lib/gcc/nios2-elf/4.7.3/../../../../../H-i686-mingw32/nios2-elf/lib/mno-hw-mul\libsmallc.a(lib_a-__call_atexit.o)
 .debug_loc     0x0000216c       0x2c ../binary_count_bsp/\libhal_bsp.a(alt_exit.o)

.debug_macinfo
 *(.debug_macinfo)

.debug_weaknames
 *(.debug_weaknames)

.debug_funcnames
 *(.debug_funcnames)

.debug_typenames
 *(.debug_typenames)

.debug_varnames
 *(.debug_varnames)

.debug_alt_sim_info
                0x00000000       0x50
 *(.debug_alt_sim_info)
 .debug_alt_sim_info
                0x00000000       0x20 ../binary_count_bsp//obj/HAL/src/crt0.o
 .debug_alt_sim_info
                0x00000020       0x30 ../binary_count_bsp/\libhal_bsp.a(alt_busy_sleep.o)
                0x0000d000                __alt_data_end = 0xd000
                0x0000d000                PROVIDE (__alt_stack_pointer, __alt_data_end)
                0x0000b288                PROVIDE (__alt_stack_limit, __alt_stack_base)
                0x0000b288                PROVIDE (__alt_heap_start, end)
                0x0000d000                PROVIDE (__alt_heap_limit, 0xd000)
OUTPUT(binary_count.elf elf32-littlenios2)

.debug_ranges   0x00000000      0x288
 .debug_ranges  0x00000000       0x20 ../binary_count_bsp//obj/HAL/src/crt0.o
 .debug_ranges  0x00000020      0x188 d:/altera/altera_lite/13.1/nios2eds/bin/gnu/h-i686-mingw32/bin/../lib/gcc/nios2-elf/4.7.3/../../../../../H-i686-mingw32/nios2-elf/lib/mno-hw-mul\libsmallc.a(lib_a-vfprintf.o)
 .debug_ranges  0x000001a8       0x18 d:/altera/altera_lite/13.1/nios2eds/bin/gnu/h-i686-mingw32/bin/../lib/gcc/nios2-elf/4.7.3/../../../../../H-i686-mingw32/nios2-elf/lib/mno-hw-mul\libsmallc.a(lib_a-fvwrite_small_dev.o)
 .debug_ranges  0x000001c0       0x18 ../binary_count_bsp/\libhal_bsp.a(altera_avalon_jtag_uart_read.o)
 .debug_ranges  0x000001d8       0x30 ../binary_count_bsp/\libhal_bsp.a(alt_iic.o)
 .debug_ranges  0x00000208       0x28 ../binary_count_bsp/\libhal_bsp.a(alt_irq_entry.o)
 .debug_ranges  0x00000230       0x10 ../binary_count_bsp/\libhal_bsp.a(alt_irq_handler.o)
 .debug_ranges  0x00000240       0x30 ../binary_count_bsp/\libhal_bsp.a(alt_exception_entry.o)
 .debug_ranges  0x00000270       0x18 d:/altera/altera_lite/13.1/nios2eds/bin/gnu/h-i686-mingw32/bin/../lib/gcc/nios2-elf/4.7.3/../../../../../H-i686-mingw32/nios2-elf/lib/mno-hw-mul\libsmallc.a(lib_a-__call_atexit.o)
