Archive member included because of file (symbol)

d:/altera/altera_lite/13.1/nios2eds/bin/gnu/h-i686-mingw32/bin/../lib/gcc/nios2-elf/4.7.3/../../../../../H-i686-mingw32/nios2-elf/lib/mno-hw-mul\libsmallc.a(lib_a-puts.o)
                              obj/default/hello_world.o (puts)
d:/altera/altera_lite/13.1/nios2eds/bin/gnu/h-i686-mingw32/bin/../lib/gcc/nios2-elf/4.7.3/../../../../../H-i686-mingw32/nios2-elf/lib/mno-hw-mul\libsmallc.a(lib_a-strlen.o)
                              d:/altera/altera_lite/13.1/nios2eds/bin/gnu/h-i686-mingw32/bin/../lib/gcc/nios2-elf/4.7.3/../../../../../H-i686-mingw32/nios2-elf/lib/mno-hw-mul\libsmallc.a(lib_a-puts.o) (strlen)
d:/altera/altera_lite/13.1/nios2eds/bin/gnu/h-i686-mingw32/bin/../lib/gcc/nios2-elf/4.7.3/../../../../../H-i686-mingw32/nios2-elf/lib/mno-hw-mul\libsmallc.a(lib_a-fvwrite_small_dev.o)
                              d:/altera/altera_lite/13.1/nios2eds/bin/gnu/h-i686-mingw32/bin/../lib/gcc/nios2-elf/4.7.3/../../../../../H-i686-mingw32/nios2-elf/lib/mno-hw-mul\libsmallc.a(lib_a-puts.o) (__sfvwrite_small_dev)
d:/altera/altera_lite/13.1/nios2eds/bin/gnu/h-i686-mingw32/bin/../lib/gcc/nios2-elf/4.7.3/../../../../../H-i686-mingw32/nios2-elf/lib/mno-hw-mul\libsmallc.a(lib_a-impure.o)
                              d:/altera/altera_lite/13.1/nios2eds/bin/gnu/h-i686-mingw32/bin/../lib/gcc/nios2-elf/4.7.3/../../../../../H-i686-mingw32/nios2-elf/lib/mno-hw-mul\libsmallc.a(lib_a-puts.o) (_impure_ptr)
d:/altera/altera_lite/13.1/nios2eds/bin/gnu/h-i686-mingw32/bin/../lib/gcc/nios2-elf/4.7.3/../../../../../H-i686-mingw32/nios2-elf/lib/mno-hw-mul\libsmallc.a(lib_a-writer.o)
                              d:/altera/altera_lite/13.1/nios2eds/bin/gnu/h-i686-mingw32/bin/../lib/gcc/nios2-elf/4.7.3/../../../../../H-i686-mingw32/nios2-elf/lib/mno-hw-mul\libsmallc.a(lib_a-fvwrite_small_dev.o) (_write_r)
d:/altera/altera_lite/13.1/nios2eds/bin/gnu/h-i686-mingw32/bin/../lib/gcc/nios2-elf/4.7.3/../../../../../H-i686-mingw32/nios2-elf/lib/mno-hw-mul\libsmallc.a(lib_a-int_errno.o)
                              d:/altera/altera_lite/13.1/nios2eds/bin/gnu/h-i686-mingw32/bin/../lib/gcc/nios2-elf/4.7.3/../../../../../H-i686-mingw32/nios2-elf/lib/mno-hw-mul\libsmallc.a(lib_a-writer.o) (errno)
../hello_world_bsp/\libhal_bsp.a(alt_load.o)
                              ../hello_world_bsp//obj/HAL/src/crt0.o (alt_load)
../hello_world_bsp/\libhal_bsp.a(alt_main.o)
                              ../hello_world_bsp//obj/HAL/src/crt0.o (alt_main)
../hello_world_bsp/\libhal_bsp.a(alt_write.o)
                              d:/altera/altera_lite/13.1/nios2eds/bin/gnu/h-i686-mingw32/bin/../lib/gcc/nios2-elf/4.7.3/../../../../../H-i686-mingw32/nios2-elf/lib/mno-hw-mul\libsmallc.a(lib_a-writer.o) (write)
../hello_world_bsp/\libhal_bsp.a(alt_sys_init.o)
                              ../hello_world_bsp/\libhal_bsp.a(alt_main.o) (alt_irq_init)
../hello_world_bsp/\libhal_bsp.a(altera_avalon_jtag_uart_fd.o)
                              ../hello_world_bsp/\libhal_bsp.a(alt_sys_init.o) (altera_avalon_jtag_uart_read_fd)
../hello_world_bsp/\libhal_bsp.a(altera_avalon_jtag_uart_read.o)
                              ../hello_world_bsp/\libhal_bsp.a(altera_avalon_jtag_uart_fd.o) (altera_avalon_jtag_uart_read)
../hello_world_bsp/\libhal_bsp.a(altera_avalon_jtag_uart_write.o)
                              ../hello_world_bsp/\libhal_bsp.a(altera_avalon_jtag_uart_fd.o) (altera_avalon_jtag_uart_write)
../hello_world_bsp/\libhal_bsp.a(altera_avalon_timer_sc.o)
                              ../hello_world_bsp/\libhal_bsp.a(alt_sys_init.o) (alt_avalon_timer_sc_init)
../hello_world_bsp/\libhal_bsp.a(alt_close.o)
                              ../hello_world_bsp/\libhal_bsp.a(alt_main.o) (close)
../hello_world_bsp/\libhal_bsp.a(alt_dcache_flush_all.o)
                              ../hello_world_bsp/\libhal_bsp.a(alt_load.o) (alt_dcache_flush_all)
../hello_world_bsp/\libhal_bsp.a(alt_dev.o)
                              ../hello_world_bsp/\libhal_bsp.a(alt_sys_init.o) (alt_dev_list)
../hello_world_bsp/\libhal_bsp.a(alt_dev_llist_insert.o)
                              ../hello_world_bsp/\libhal_bsp.a(alt_sys_init.o) (alt_dev_llist_insert)
../hello_world_bsp/\libhal_bsp.a(alt_errno.o)
                              ../hello_world_bsp/\libhal_bsp.a(alt_write.o) (alt_errno)
../hello_world_bsp/\libhal_bsp.a(alt_icache_flush_all.o)
                              ../hello_world_bsp/\libhal_bsp.a(alt_load.o) (alt_icache_flush_all)
../hello_world_bsp/\libhal_bsp.a(alt_iic.o)
                              ../hello_world_bsp/\libhal_bsp.a(altera_avalon_timer_sc.o) (alt_ic_isr_register)
../hello_world_bsp/\libhal_bsp.a(alt_iic_isr_register.o)
                              ../hello_world_bsp/\libhal_bsp.a(alt_iic.o) (alt_iic_isr_register)
../hello_world_bsp/\libhal_bsp.a(alt_io_redirect.o)
                              ../hello_world_bsp/\libhal_bsp.a(alt_main.o) (alt_io_redirect)
../hello_world_bsp/\libhal_bsp.a(alt_irq_entry.o)
                              ../hello_world_bsp/\libhal_bsp.a(alt_iic_isr_register.o) (alt_irq_entry)
../hello_world_bsp/\libhal_bsp.a(alt_irq_handler.o)
                              ../hello_world_bsp/\libhal_bsp.a(alt_iic_isr_register.o) (alt_irq)
../hello_world_bsp/\libhal_bsp.a(alt_irq_vars.o)
                              ../hello_world_bsp/\libhal_bsp.a(alt_iic.o) (alt_irq_active)
../hello_world_bsp/\libhal_bsp.a(alt_open.o)
                              ../hello_world_bsp/\libhal_bsp.a(alt_io_redirect.o) (open)
../hello_world_bsp/\libhal_bsp.a(alt_release_fd.o)
                              ../hello_world_bsp/\libhal_bsp.a(alt_close.o) (alt_release_fd)
../hello_world_bsp/\libhal_bsp.a(alt_tick.o)
                              ../hello_world_bsp/\libhal_bsp.a(altera_avalon_timer_sc.o) (_alt_tick_rate)
../hello_world_bsp/\libhal_bsp.a(altera_nios2_qsys_irq.o)
                              ../hello_world_bsp/\libhal_bsp.a(alt_sys_init.o) (altera_nios2_qsys_irq_init)
../hello_world_bsp/\libhal_bsp.a(alt_exception_entry.o)
                              ../hello_world_bsp/\libhal_bsp.a(alt_irq_entry.o) (alt_exception)
../hello_world_bsp/\libhal_bsp.a(alt_find_dev.o)
                              ../hello_world_bsp/\libhal_bsp.a(alt_open.o) (alt_find_dev)
../hello_world_bsp/\libhal_bsp.a(alt_find_file.o)
                              ../hello_world_bsp/\libhal_bsp.a(alt_open.o) (alt_find_file)
../hello_world_bsp/\libhal_bsp.a(alt_get_fd.o)
                              ../hello_world_bsp/\libhal_bsp.a(alt_open.o) (alt_get_fd)
../hello_world_bsp/\libhal_bsp.a(alt_icache_flush.o)
                              ../hello_world_bsp/\libhal_bsp.a(alt_icache_flush_all.o) (alt_icache_flush)
d:/altera/altera_lite/13.1/nios2eds/bin/gnu/h-i686-mingw32/bin/../lib/gcc/nios2-elf/4.7.3/../../../../../H-i686-mingw32/nios2-elf/lib/mno-hw-mul\libsmallc.a(lib_a-exit.o)
                              ../hello_world_bsp/\libhal_bsp.a(alt_main.o) (exit)
d:/altera/altera_lite/13.1/nios2eds/bin/gnu/h-i686-mingw32/bin/../lib/gcc/nios2-elf/4.7.3/../../../../../H-i686-mingw32/nios2-elf/lib/mno-hw-mul\libsmallc.a(lib_a-memcmp.o)
                              ../hello_world_bsp/\libhal_bsp.a(alt_find_dev.o) (memcmp)
d:/altera/altera_lite/13.1/nios2eds/bin/gnu/h-i686-mingw32/bin/../lib/gcc/nios2-elf/4.7.3/../../../../../H-i686-mingw32/nios2-elf/lib/mno-hw-mul\libsmallc.a(lib_a-__call_atexit.o)
                              d:/altera/altera_lite/13.1/nios2eds/bin/gnu/h-i686-mingw32/bin/../lib/gcc/nios2-elf/4.7.3/../../../../../H-i686-mingw32/nios2-elf/lib/mno-hw-mul\libsmallc.a(lib_a-exit.o) (__call_exitprocs)
d:/altera/altera_lite/13.1/nios2eds/bin/gnu/h-i686-mingw32/bin/../lib/gcc/nios2-elf/4.7.3/mno-hw-mul\libgcc.a(lib2-mul.o)
                              ../hello_world_bsp/\libhal_bsp.a(alt_write.o) (__mulsi3)
../hello_world_bsp/\libhal_bsp.a(alt_exit.o)
                              d:/altera/altera_lite/13.1/nios2eds/bin/gnu/h-i686-mingw32/bin/../lib/gcc/nios2-elf/4.7.3/../../../../../H-i686-mingw32/nios2-elf/lib/mno-hw-mul\libsmallc.a(lib_a-exit.o) (_exit)

Allocating common symbols
Common symbol       size              file

alt_irq             0x100             ../hello_world_bsp/\libhal_bsp.a(alt_irq_handler.o)
errno               0x4               d:/altera/altera_lite/13.1/nios2eds/bin/gnu/h-i686-mingw32/bin/../lib/gcc/nios2-elf/4.7.3/../../../../../H-i686-mingw32/nios2-elf/lib/mno-hw-mul\libsmallc.a(lib_a-int_errno.o)

Memory Configuration

Name             Origin             Length             Attributes
reset            0x00008000         0x00000020
onchip_mem       0x00008020         0x00004fe0
*default*        0x00000000         0xffffffff

Linker script and memory map

LOAD ../hello_world_bsp//obj/HAL/src/crt0.o
LOAD obj/default/hello_world.o
LOAD d:/altera/altera_lite/13.1/nios2eds/bin/gnu/h-i686-mingw32/bin/../lib/gcc/nios2-elf/4.7.3/../../../../../H-i686-mingw32/nios2-elf/lib/mno-hw-mul\libstdc++.a
LOAD d:/altera/altera_lite/13.1/nios2eds/bin/gnu/h-i686-mingw32/bin/../lib/gcc/nios2-elf/4.7.3/../../../../../H-i686-mingw32/nios2-elf/lib/mno-hw-mul\libm.a
LOAD d:/altera/altera_lite/13.1/nios2eds/bin/gnu/h-i686-mingw32/bin/../lib/gcc/nios2-elf/4.7.3/mno-hw-mul\libgcc.a
START GROUP
LOAD d:/altera/altera_lite/13.1/nios2eds/bin/gnu/h-i686-mingw32/bin/../lib/gcc/nios2-elf/4.7.3/../../../../../H-i686-mingw32/nios2-elf/lib/mno-hw-mul\libsmallc.a
LOAD d:/altera/altera_lite/13.1/nios2eds/bin/gnu/h-i686-mingw32/bin/../lib/gcc/nios2-elf/4.7.3/mno-hw-mul\libgcc.a
LOAD ../hello_world_bsp/\libhal_bsp.a
END GROUP
LOAD d:/altera/altera_lite/13.1/nios2eds/bin/gnu/h-i686-mingw32/bin/../lib/gcc/nios2-elf/4.7.3/mno-hw-mul\libgcc.a
                0x00008000                __alt_mem_onchip_mem = 0x8000

.entry          0x00008000       0x20
 *(.entry)
 .entry         0x00008000       0x20 ../hello_world_bsp//obj/HAL/src/crt0.o
                0x00008000                __reset

.exceptions     0x00008020      0x198
                0x00008020                PROVIDE (__ram_exceptions_start, ABSOLUTE (.))
                0x00008020                . = ALIGN (0x20)
 *(.irq)
 *(.exceptions.entry.label)
 .exceptions.entry.label
                0x00008020        0x0 ../hello_world_bsp/\libhal_bsp.a(alt_irq_entry.o)
                0x00008020                alt_irq_entry
 .exceptions.entry.label
                0x00008020        0x0 ../hello_world_bsp/\libhal_bsp.a(alt_exception_entry.o)
                0x00008020                alt_exception
 *(.exceptions.entry.user)
 *(.exceptions.entry.ecc_fatal)
 *(.exceptions.entry)
 .exceptions.entry
                0x00008020       0x54 ../hello_world_bsp/\libhal_bsp.a(alt_exception_entry.o)
 *(.exceptions.irqtest.user)
 *(.exceptions.irqtest)
 .exceptions.irqtest
                0x00008074       0x10 ../hello_world_bsp/\libhal_bsp.a(alt_irq_entry.o)
 *(.exceptions.irqhandler.user)
 *(.exceptions.irqhandler)
 .exceptions.irqhandler
                0x00008084        0x4 ../hello_world_bsp/\libhal_bsp.a(alt_irq_entry.o)
 *(.exceptions.irqreturn.user)
 *(.exceptions.irqreturn)
 .exceptions.irqreturn
                0x00008088        0x4 ../hello_world_bsp/\libhal_bsp.a(alt_irq_entry.o)
 *(.exceptions.notirq.label)
 .exceptions.notirq.label
                0x0000808c        0x0 ../hello_world_bsp/\libhal_bsp.a(alt_irq_entry.o)
 *(.exceptions.notirq.user)
 *(.exceptions.notirq)
 .exceptions.notirq
                0x0000808c        0x8 ../hello_world_bsp/\libhal_bsp.a(alt_exception_entry.o)
 *(.exceptions.soft.user)
 *(.exceptions.soft)
 *(.exceptions.unknown.user)
 *(.exceptions.unknown)
 .exceptions.unknown
                0x00008094        0x4 ../hello_world_bsp/\libhal_bsp.a(alt_exception_entry.o)
 *(.exceptions.exit.label)
 .exceptions.exit.label
                0x00008098        0x0 ../hello_world_bsp/\libhal_bsp.a(alt_irq_entry.o)
 .exceptions.exit.label
                0x00008098        0x0 ../hello_world_bsp/\libhal_bsp.a(alt_exception_entry.o)
 *(.exceptions.exit.user)
 *(.exceptions.exit)
 .exceptions.exit
                0x00008098       0x54 ../hello_world_bsp/\libhal_bsp.a(alt_exception_entry.o)
 *(.exceptions)
 .exceptions    0x000080ec       0xcc ../hello_world_bsp/\libhal_bsp.a(alt_irq_handler.o)
                0x000080ec                alt_irq_handler
                0x000081b8                PROVIDE (__ram_exceptions_end, ABSOLUTE (.))
                0x00008020                PROVIDE (__flash_exceptions_start, LOADADDR (.exceptions))

.text           0x000081b8     0x1a2c
                0x000081b8                PROVIDE (stext, ABSOLUTE (.))
 *(.interp)
 *(.hash)
 *(.dynsym)
 *(.dynstr)
 *(.gnu.version)
 *(.gnu.version_d)
 *(.gnu.version_r)
 *(.rel.init)
 *(.rela.init)
 *(.rel.text .rel.text.* .rel.gnu.linkonce.t.*)
 *(.rela.text .rela.text.* .rela.gnu.linkonce.t.*)
 *(.rel.fini)
 *(.rela.fini)
 *(.rel.rodata .rel.rodata.* .rel.gnu.linkonce.r.*)
 *(.rela.rodata .rela.rodata.* .rela.gnu.linkonce.r.*)
 *(.rel.data .rel.data.* .rel.gnu.linkonce.d.*)
 *(.rela.data .rela.data.* .rela.gnu.linkonce.d.*)
 *(.rel.tdata .rel.tdata.* .rel.gnu.linkonce.td.*)
 *(.rela.tdata .rela.tdata.* .rela.gnu.linkonce.td.*)
 *(.rel.tbss .rel.tbss.* .rel.gnu.linkonce.tb.*)
 *(.rela.tbss .rela.tbss.* .rela.gnu.linkonce.tb.*)
 *(.rel.ctors)
 *(.rela.ctors)
 *(.rel.dtors)
 *(.rela.dtors)
 *(.rel.got)
 *(.rela.got)
 *(.rel.sdata .rel.sdata.* .rel.gnu.linkonce.s.*)
 *(.rela.sdata .rela.sdata.* .rela.gnu.linkonce.s.*)
 *(.rel.sbss .rel.sbss.* .rel.gnu.linkonce.sb.*)
 *(.rela.sbss .rela.sbss.* .rela.gnu.linkonce.sb.*)
 *(.rel.sdata2 .rel.sdata2.* .rel.gnu.linkonce.s2.*)
 *(.rela.sdata2 .rela.sdata2.* .rela.gnu.linkonce.s2.*)
 *(.rel.sbss2 .rel.sbss2.* .rel.gnu.linkonce.sb2.*)
 *(.rela.sbss2 .rela.sbss2.* .rela.gnu.linkonce.sb2.*)
 *(.rel.bss .rel.bss.* .rel.gnu.linkonce.b.*)
 *(.rela.bss .rela.bss.* .rela.gnu.linkonce.b.*)
 *(.rel.plt)
 *(.rela.plt)
 *(.rel.dyn)
 *(.init)
 *(.plt)
 *(.text .stub .text.* .gnu.linkonce.t.*)
 .text          0x000081b8       0x3c ../hello_world_bsp//obj/HAL/src/crt0.o
                0x000081b8                _start
 .text          0x000081f4       0x34 obj/default/hello_world.o
                0x000081f4                main
 .text          0x00008228       0x94 d:/altera/altera_lite/13.1/nios2eds/bin/gnu/h-i686-mingw32/bin/../lib/gcc/nios2-elf/4.7.3/../../../../../H-i686-mingw32/nios2-elf/lib/mno-hw-mul\libsmallc.a(lib_a-puts.o)
                0x00008228                _puts_r
                0x000082a8                puts
 .text          0x000082bc       0x28 d:/altera/altera_lite/13.1/nios2eds/bin/gnu/h-i686-mingw32/bin/../lib/gcc/nios2-elf/4.7.3/../../../../../H-i686-mingw32/nios2-elf/lib/mno-hw-mul\libsmallc.a(lib_a-strlen.o)
                0x000082bc                strlen
 .text          0x000082e4       0xe0 d:/altera/altera_lite/13.1/nios2eds/bin/gnu/h-i686-mingw32/bin/../lib/gcc/nios2-elf/4.7.3/../../../../../H-i686-mingw32/nios2-elf/lib/mno-hw-mul\libsmallc.a(lib_a-fvwrite_small_dev.o)
                0x000082e4                __sfvwrite_small_dev
 .text          0x000083c4        0x0 d:/altera/altera_lite/13.1/nios2eds/bin/gnu/h-i686-mingw32/bin/../lib/gcc/nios2-elf/4.7.3/../../../../../H-i686-mingw32/nios2-elf/lib/mno-hw-mul\libsmallc.a(lib_a-impure.o)
 .text          0x000083c4       0x6c d:/altera/altera_lite/13.1/nios2eds/bin/gnu/h-i686-mingw32/bin/../lib/gcc/nios2-elf/4.7.3/../../../../../H-i686-mingw32/nios2-elf/lib/mno-hw-mul\libsmallc.a(lib_a-writer.o)
                0x000083c4                _write_r
 .text          0x00008430        0x0 d:/altera/altera_lite/13.1/nios2eds/bin/gnu/h-i686-mingw32/bin/../lib/gcc/nios2-elf/4.7.3/../../../../../H-i686-mingw32/nios2-elf/lib/mno-hw-mul\libsmallc.a(lib_a-int_errno.o)
 .text          0x00008430       0xec ../hello_world_bsp/\libhal_bsp.a(alt_load.o)
                0x0000849c                alt_load
 .text          0x0000851c       0x68 ../hello_world_bsp/\libhal_bsp.a(alt_main.o)
                0x0000851c                alt_main
 .text          0x00008584      0x140 ../hello_world_bsp/\libhal_bsp.a(alt_write.o)
                0x000085d4                write
 .text          0x000086c4       0xb8 ../hello_world_bsp/\libhal_bsp.a(alt_sys_init.o)
                0x000086fc                alt_irq_init
                0x00008730                alt_sys_init
 .text          0x0000877c       0xc0 ../hello_world_bsp/\libhal_bsp.a(altera_avalon_jtag_uart_fd.o)
                0x0000877c                altera_avalon_jtag_uart_read_fd
                0x000087dc                altera_avalon_jtag_uart_write_fd
 .text          0x0000883c       0xf4 ../hello_world_bsp/\libhal_bsp.a(altera_avalon_jtag_uart_read.o)
                0x0000883c                altera_avalon_jtag_uart_read
 .text          0x00008930       0x98 ../hello_world_bsp/\libhal_bsp.a(altera_avalon_jtag_uart_write.o)
                0x00008930                altera_avalon_jtag_uart_write
 .text          0x000089c8       0xfc ../hello_world_bsp/\libhal_bsp.a(altera_avalon_timer_sc.o)
                0x00008a3c                alt_avalon_timer_sc_init
 .text          0x00008ac4      0x11c ../hello_world_bsp/\libhal_bsp.a(alt_close.o)
                0x00008b14                close
 .text          0x00008be0       0x1c ../hello_world_bsp/\libhal_bsp.a(alt_dcache_flush_all.o)
                0x00008be0                alt_dcache_flush_all
 .text          0x00008bfc       0x2c ../hello_world_bsp/\libhal_bsp.a(alt_dev.o)
 .text          0x00008c28       0xf0 ../hello_world_bsp/\libhal_bsp.a(alt_dev_llist_insert.o)
                0x00008c78                alt_dev_llist_insert
 .text          0x00008d18        0x0 ../hello_world_bsp/\libhal_bsp.a(alt_errno.o)
 .text          0x00008d18       0x30 ../hello_world_bsp/\libhal_bsp.a(alt_icache_flush_all.o)
                0x00008d18                alt_icache_flush_all
 .text          0x00008d48      0x1d8 ../hello_world_bsp/\libhal_bsp.a(alt_iic.o)
                0x00008d48                alt_ic_isr_register
                0x00008d98                alt_ic_irq_enable
                0x00008e34                alt_ic_irq_disable
                0x00008ed4                alt_ic_irq_enabled
 .text          0x00008f20       0xf0 ../hello_world_bsp/\libhal_bsp.a(alt_iic_isr_register.o)
                0x00008f20                alt_iic_isr_register
 .text          0x00009010      0x158 ../hello_world_bsp/\libhal_bsp.a(alt_io_redirect.o)
                0x000090f0                alt_io_redirect
 .text          0x00009168        0x0 ../hello_world_bsp/\libhal_bsp.a(alt_irq_entry.o)
 .text          0x00009168        0x0 ../hello_world_bsp/\libhal_bsp.a(alt_irq_handler.o)
 .text          0x00009168        0x0 ../hello_world_bsp/\libhal_bsp.a(alt_irq_vars.o)
 .text          0x00009168      0x298 ../hello_world_bsp/\libhal_bsp.a(alt_open.o)
                0x000092a8                open
 .text          0x00009400       0x80 ../hello_world_bsp/\libhal_bsp.a(alt_release_fd.o)
                0x00009400                alt_release_fd
 .text          0x00009480      0x19c ../hello_world_bsp/\libhal_bsp.a(alt_tick.o)
                0x00009480                alt_alarm_stop
                0x00009518                alt_tick
 .text          0x0000961c       0x20 ../hello_world_bsp/\libhal_bsp.a(altera_nios2_qsys_irq.o)
                0x0000961c                altera_nios2_qsys_irq_init
 .text          0x0000963c        0x0 ../hello_world_bsp/\libhal_bsp.a(alt_exception_entry.o)
 .text          0x0000963c       0x90 ../hello_world_bsp/\libhal_bsp.a(alt_find_dev.o)
                0x0000963c                alt_find_dev
 .text          0x000096cc      0x114 ../hello_world_bsp/\libhal_bsp.a(alt_find_file.o)
                0x000096cc                alt_find_file
 .text          0x000097e0       0xd4 ../hello_world_bsp/\libhal_bsp.a(alt_get_fd.o)
                0x000097e0                alt_get_fd
 .text          0x000098b4       0x8c ../hello_world_bsp/\libhal_bsp.a(alt_icache_flush.o)
                0x000098b4                alt_icache_flush
 .text          0x00009940       0x20 d:/altera/altera_lite/13.1/nios2eds/bin/gnu/h-i686-mingw32/bin/../lib/gcc/nios2-elf/4.7.3/../../../../../H-i686-mingw32/nios2-elf/lib/mno-hw-mul\libsmallc.a(lib_a-exit.o)
                0x00009940                exit
 .text          0x00009960       0x48 d:/altera/altera_lite/13.1/nios2eds/bin/gnu/h-i686-mingw32/bin/../lib/gcc/nios2-elf/4.7.3/../../../../../H-i686-mingw32/nios2-elf/lib/mno-hw-mul\libsmallc.a(lib_a-memcmp.o)
                0x00009960                memcmp
 .text          0x000099a8      0x1d8 d:/altera/altera_lite/13.1/nios2eds/bin/gnu/h-i686-mingw32/bin/../lib/gcc/nios2-elf/4.7.3/../../../../../H-i686-mingw32/nios2-elf/lib/mno-hw-mul\libsmallc.a(lib_a-__call_atexit.o)
                0x000099a8                __call_exitprocs
 .text          0x00009b80       0x28 d:/altera/altera_lite/13.1/nios2eds/bin/gnu/h-i686-mingw32/bin/../lib/gcc/nios2-elf/4.7.3/mno-hw-mul\libgcc.a(lib2-mul.o)
                0x00009b80                __mulsi3
 .text          0x00009ba8       0x3c ../hello_world_bsp/\libhal_bsp.a(alt_exit.o)
                0x00009ba8                _exit
 *(.gnu.warning.*)
 *(.fini)
                0x00009be4                PROVIDE (__etext, ABSOLUTE (.))
                0x00009be4                PROVIDE (_etext, ABSOLUTE (.))
                0x00009be4                PROVIDE (etext, ABSOLUTE (.))
 *(.eh_frame_hdr)
                0x00009be4                . = ALIGN (0x4)
                0x00009be4                PROVIDE (__preinit_array_start, ABSOLUTE (.))
 *(.preinit_array)
                0x00009be4                PROVIDE (__preinit_array_end, ABSOLUTE (.))
                0x00009be4                PROVIDE (__init_array_start, ABSOLUTE (.))
 *(.init_array)
                0x00009be4                PROVIDE (__init_array_end, ABSOLUTE (.))
                0x00009be4                PROVIDE (__fini_array_start, ABSOLUTE (.))
 *(.fini_array)
                0x00009be4                PROVIDE (__fini_array_end, ABSOLUTE (.))
 *(.eh_frame)
 *(.gcc_except_table .gcc_except_table.*)
 *(.dynamic)
                0x00009be4                PROVIDE (__CTOR_LIST__, ABSOLUTE (.))
 *(.ctors)
 *(SORT(.ctors.*))
                0x00009be4                PROVIDE (__CTOR_END__, ABSOLUTE (.))
                0x00009be4                PROVIDE (__DTOR_LIST__, ABSOLUTE (.))
 *(.dtors)
 *(SORT(.dtors.*))
                0x00009be4                PROVIDE (__DTOR_END__, ABSOLUTE (.))
 *(.jcr)
                0x00009be4                . = ALIGN (0x4)

.rodata         0x00009be4       0x44
                0x00009be4                PROVIDE (__ram_rodata_start, ABSOLUTE (.))
                0x00009be4                . = ALIGN (0x4)
 *(.rodata .rodata.* .gnu.linkonce.r.*)
 .rodata        0x00009be4       0x14 obj/default/hello_world.o
 .rodata.str1.4
                0x00009bf8        0x4 d:/altera/altera_lite/13.1/nios2eds/bin/gnu/h-i686-mingw32/bin/../lib/gcc/nios2-elf/4.7.3/../../../../../H-i686-mingw32/nios2-elf/lib/mno-hw-mul\libsmallc.a(lib_a-puts.o)
 .rodata        0x00009bfc       0x10 ../hello_world_bsp/\libhal_bsp.a(alt_main.o)
 .rodata        0x00009c0c       0x10 ../hello_world_bsp/\libhal_bsp.a(alt_sys_init.o)
 .rodata        0x00009c1c        0xc ../hello_world_bsp/\libhal_bsp.a(alt_dev.o)
 *(.rodata1)
                0x00009c28                . = ALIGN (0x4)
                0x00009c28                PROVIDE (__ram_rodata_end, ABSOLUTE (.))
                0x00009be4                PROVIDE (__flash_rodata_start, LOADADDR (.rodata))

.rwdata         0x00009c28      0x2e0 load address 0x00009f08
                0x00009c28                PROVIDE (__ram_rwdata_start, ABSOLUTE (.))
                0x00009c28                . = ALIGN (0x4)
 *(.got.plt)
 *(.got)
 *(.data1)
 *(.data .data.* .gnu.linkonce.d.*)
 .data          0x00009c28        0x0 ../hello_world_bsp//obj/HAL/src/crt0.o
 .data          0x00009c28        0x0 obj/default/hello_world.o
 .data          0x00009c28        0x0 d:/altera/altera_lite/13.1/nios2eds/bin/gnu/h-i686-mingw32/bin/../lib/gcc/nios2-elf/4.7.3/../../../../../H-i686-mingw32/nios2-elf/lib/mno-hw-mul\libsmallc.a(lib_a-puts.o)
 .data          0x00009c28        0x0 d:/altera/altera_lite/13.1/nios2eds/bin/gnu/h-i686-mingw32/bin/../lib/gcc/nios2-elf/4.7.3/../../../../../H-i686-mingw32/nios2-elf/lib/mno-hw-mul\libsmallc.a(lib_a-strlen.o)
 .data          0x00009c28        0x0 d:/altera/altera_lite/13.1/nios2eds/bin/gnu/h-i686-mingw32/bin/../lib/gcc/nios2-elf/4.7.3/../../../../../H-i686-mingw32/nios2-elf/lib/mno-hw-mul\libsmallc.a(lib_a-fvwrite_small_dev.o)
 .data          0x00009c28       0xe0 d:/altera/altera_lite/13.1/nios2eds/bin/gnu/h-i686-mingw32/bin/../lib/gcc/nios2-elf/4.7.3/../../../../../H-i686-mingw32/nios2-elf/lib/mno-hw-mul\libsmallc.a(lib_a-impure.o)
 .data          0x00009d08        0x0 d:/altera/altera_lite/13.1/nios2eds/bin/gnu/h-i686-mingw32/bin/../lib/gcc/nios2-elf/4.7.3/../../../../../H-i686-mingw32/nios2-elf/lib/mno-hw-mul\libsmallc.a(lib_a-writer.o)
 .data          0x00009d08        0x0 d:/altera/altera_lite/13.1/nios2eds/bin/gnu/h-i686-mingw32/bin/../lib/gcc/nios2-elf/4.7.3/../../../../../H-i686-mingw32/nios2-elf/lib/mno-hw-mul\libsmallc.a(lib_a-int_errno.o)
 .data          0x00009d08        0x0 ../hello_world_bsp/\libhal_bsp.a(alt_load.o)
 .data          0x00009d08        0x0 ../hello_world_bsp/\libhal_bsp.a(alt_main.o)
 .data          0x00009d08        0x0 ../hello_world_bsp/\libhal_bsp.a(alt_write.o)
 .data          0x00009d08       0x2c ../hello_world_bsp/\libhal_bsp.a(alt_sys_init.o)
 .data          0x00009d34        0x0 ../hello_world_bsp/\libhal_bsp.a(altera_avalon_jtag_uart_fd.o)
 .data          0x00009d34        0x0 ../hello_world_bsp/\libhal_bsp.a(altera_avalon_jtag_uart_read.o)
 .data          0x00009d34        0x0 ../hello_world_bsp/\libhal_bsp.a(altera_avalon_jtag_uart_write.o)
 .data          0x00009d34        0x0 ../hello_world_bsp/\libhal_bsp.a(altera_avalon_timer_sc.o)
 .data          0x00009d34        0x0 ../hello_world_bsp/\libhal_bsp.a(alt_close.o)
 .data          0x00009d34        0x0 ../hello_world_bsp/\libhal_bsp.a(alt_dcache_flush_all.o)
 .data          0x00009d34      0x1a8 ../hello_world_bsp/\libhal_bsp.a(alt_dev.o)
                0x00009d34                alt_dev_null
                0x00009d5c                alt_fd_list
 .data          0x00009edc        0x0 ../hello_world_bsp/\libhal_bsp.a(alt_dev_llist_insert.o)
 .data          0x00009edc        0x0 ../hello_world_bsp/\libhal_bsp.a(alt_errno.o)
 .data          0x00009edc        0x0 ../hello_world_bsp/\libhal_bsp.a(alt_icache_flush_all.o)
 .data          0x00009edc        0x0 ../hello_world_bsp/\libhal_bsp.a(alt_iic.o)
 .data          0x00009edc        0x0 ../hello_world_bsp/\libhal_bsp.a(alt_iic_isr_register.o)
 .data          0x00009edc        0x0 ../hello_world_bsp/\libhal_bsp.a(alt_io_redirect.o)
 .data          0x00009edc        0x0 ../hello_world_bsp/\libhal_bsp.a(alt_irq_entry.o)
 .data          0x00009edc        0x0 ../hello_world_bsp/\libhal_bsp.a(alt_irq_handler.o)
 .data          0x00009edc        0x0 ../hello_world_bsp/\libhal_bsp.a(alt_irq_vars.o)
 .data          0x00009edc        0x0 ../hello_world_bsp/\libhal_bsp.a(alt_open.o)
 .data          0x00009edc        0x0 ../hello_world_bsp/\libhal_bsp.a(alt_release_fd.o)
 .data          0x00009edc        0x0 ../hello_world_bsp/\libhal_bsp.a(alt_tick.o)
 .data          0x00009edc        0x0 ../hello_world_bsp/\libhal_bsp.a(altera_nios2_qsys_irq.o)
 .data          0x00009edc        0x0 ../hello_world_bsp/\libhal_bsp.a(alt_exception_entry.o)
 .data          0x00009edc        0x0 ../hello_world_bsp/\libhal_bsp.a(alt_find_dev.o)
 .data          0x00009edc        0x0 ../hello_world_bsp/\libhal_bsp.a(alt_find_file.o)
 .data          0x00009edc        0x0 ../hello_world_bsp/\libhal_bsp.a(alt_get_fd.o)
 .data          0x00009edc        0x0 ../hello_world_bsp/\libhal_bsp.a(alt_icache_flush.o)
 .data          0x00009edc        0x0 d:/altera/altera_lite/13.1/nios2eds/bin/gnu/h-i686-mingw32/bin/../lib/gcc/nios2-elf/4.7.3/../../../../../H-i686-mingw32/nios2-elf/lib/mno-hw-mul\libsmallc.a(lib_a-exit.o)
 .data          0x00009edc        0x0 d:/altera/altera_lite/13.1/nios2eds/bin/gnu/h-i686-mingw32/bin/../lib/gcc/nios2-elf/4.7.3/../../../../../H-i686-mingw32/nios2-elf/lib/mno-hw-mul\libsmallc.a(lib_a-memcmp.o)
 .data          0x00009edc        0x0 d:/altera/altera_lite/13.1/nios2eds/bin/gnu/h-i686-mingw32/bin/../lib/gcc/nios2-elf/4.7.3/../../../../../H-i686-mingw32/nios2-elf/lib/mno-hw-mul\libsmallc.a(lib_a-__call_atexit.o)
 .data          0x00009edc        0x0 d:/altera/altera_lite/13.1/nios2eds/bin/gnu/h-i686-mingw32/bin/../lib/gcc/nios2-elf/4.7.3/mno-hw-mul\libgcc.a(lib2-mul.o)
 .data          0x00009edc        0x0 ../hello_world_bsp/\libhal_bsp.a(alt_exit.o)
                0x00011edc                _gp = ABSOLUTE ((. + 0x8000))
                0x00011edc                PROVIDE (gp, _gp)
 *(.rwdata .rwdata.*)
 *(.sdata .sdata.* .gnu.linkonce.s.*)
 .sdata         0x00009edc        0x8 d:/altera/altera_lite/13.1/nios2eds/bin/gnu/h-i686-mingw32/bin/../lib/gcc/nios2-elf/4.7.3/../../../../../H-i686-mingw32/nios2-elf/lib/mno-hw-mul\libsmallc.a(lib_a-impure.o)
                0x00009edc                _global_impure_ptr
                0x00009ee0                _impure_ptr
 .sdata         0x00009ee4       0x14 ../hello_world_bsp/\libhal_bsp.a(alt_dev.o)
                0x00009ee4                alt_fs_list
                0x00009eec                alt_dev_list
                0x00009ef4                alt_max_fd
 .sdata         0x00009ef8        0x4 ../hello_world_bsp/\libhal_bsp.a(alt_errno.o)
                0x00009ef8                alt_errno
 .sdata         0x00009efc        0x4 ../hello_world_bsp/\libhal_bsp.a(alt_irq_vars.o)
                0x00009efc                alt_priority_mask
 .sdata         0x00009f00        0x8 ../hello_world_bsp/\libhal_bsp.a(alt_tick.o)
                0x00009f00                alt_alarm_list
 *(.sdata2 .sdata2.* .gnu.linkonce.s2.*)
                0x00009f08                . = ALIGN (0x4)
                0x00009f08                _edata = ABSOLUTE (.)
                0x00009f08                PROVIDE (edata, ABSOLUTE (.))
                0x00009f08                PROVIDE (__ram_rwdata_end, ABSOLUTE (.))
                0x00009f08                PROVIDE (__flash_rwdata_start, LOADADDR (.rwdata))

.bss            0x0000a1e8      0x11c
                0x0000a1e8                __bss_start = ABSOLUTE (.)
                0x0000a1e8                PROVIDE (__sbss_start, ABSOLUTE (.))
                0x0000a1e8                PROVIDE (___sbss_start, ABSOLUTE (.))
 *(.dynsbss)
 *(.sbss .sbss.* .gnu.linkonce.sb.*)
 .sbss          0x0000a1e8        0x4 d:/altera/altera_lite/13.1/nios2eds/bin/gnu/h-i686-mingw32/bin/../lib/gcc/nios2-elf/4.7.3/../../../../../H-i686-mingw32/nios2-elf/lib/mno-hw-mul\libsmallc.a(lib_a-int_errno.o)
                0x0000a1e8                errno
 .sbss          0x0000a1ec        0xc ../hello_world_bsp/\libhal_bsp.a(alt_main.o)
                0x0000a1ec                alt_argc
                0x0000a1f0                alt_argv
                0x0000a1f4                alt_envp
 .sbss          0x0000a1f8        0x4 ../hello_world_bsp/\libhal_bsp.a(alt_irq_vars.o)
                0x0000a1f8                alt_irq_active
 .sbss          0x0000a1fc        0x8 ../hello_world_bsp/\libhal_bsp.a(alt_tick.o)
                0x0000a1fc                _alt_tick_rate
                0x0000a200                _alt_nticks
 *(.sbss2 .sbss2.* .gnu.linkonce.sb2.*)
 *(.scommon)
                0x0000a204                PROVIDE (__sbss_end, ABSOLUTE (.))
                0x0000a204                PROVIDE (___sbss_end, ABSOLUTE (.))
 *(.dynbss)
 *(.bss .bss.* .gnu.linkonce.b.*)
 .bss           0x0000a204        0x0 ../hello_world_bsp//obj/HAL/src/crt0.o
 .bss           0x0000a204        0x0 obj/default/hello_world.o
 .bss           0x0000a204        0x0 d:/altera/altera_lite/13.1/nios2eds/bin/gnu/h-i686-mingw32/bin/../lib/gcc/nios2-elf/4.7.3/../../../../../H-i686-mingw32/nios2-elf/lib/mno-hw-mul\libsmallc.a(lib_a-puts.o)
 .bss           0x0000a204        0x0 d:/altera/altera_lite/13.1/nios2eds/bin/gnu/h-i686-mingw32/bin/../lib/gcc/nios2-elf/4.7.3/../../../../../H-i686-mingw32/nios2-elf/lib/mno-hw-mul\libsmallc.a(lib_a-strlen.o)
 .bss           0x0000a204        0x0 d:/altera/altera_lite/13.1/nios2eds/bin/gnu/h-i686-mingw32/bin/../lib/gcc/nios2-elf/4.7.3/../../../../../H-i686-mingw32/nios2-elf/lib/mno-hw-mul\libsmallc.a(lib_a-fvwrite_small_dev.o)
 .bss           0x0000a204        0x0 d:/altera/altera_lite/13.1/nios2eds/bin/gnu/h-i686-mingw32/bin/../lib/gcc/nios2-elf/4.7.3/../../../../../H-i686-mingw32/nios2-elf/lib/mno-hw-mul\libsmallc.a(lib_a-impure.o)
 .bss           0x0000a204        0x0 d:/altera/altera_lite/13.1/nios2eds/bin/gnu/h-i686-mingw32/bin/../lib/gcc/nios2-elf/4.7.3/../../../../../H-i686-mingw32/nios2-elf/lib/mno-hw-mul\libsmallc.a(lib_a-writer.o)
 .bss           0x0000a204        0x0 d:/altera/altera_lite/13.1/nios2eds/bin/gnu/h-i686-mingw32/bin/../lib/gcc/nios2-elf/4.7.3/../../../../../H-i686-mingw32/nios2-elf/lib/mno-hw-mul\libsmallc.a(lib_a-int_errno.o)
 .bss           0x0000a204        0x0 ../hello_world_bsp/\libhal_bsp.a(alt_load.o)
 .bss           0x0000a204        0x0 ../hello_world_bsp/\libhal_bsp.a(alt_main.o)
 .bss           0x0000a204        0x0 ../hello_world_bsp/\libhal_bsp.a(alt_write.o)
 .bss           0x0000a204        0x0 ../hello_world_bsp/\libhal_bsp.a(alt_sys_init.o)
 .bss           0x0000a204        0x0 ../hello_world_bsp/\libhal_bsp.a(altera_avalon_jtag_uart_fd.o)
 .bss           0x0000a204        0x0 ../hello_world_bsp/\libhal_bsp.a(altera_avalon_jtag_uart_read.o)
 .bss           0x0000a204        0x0 ../hello_world_bsp/\libhal_bsp.a(altera_avalon_jtag_uart_write.o)
 .bss           0x0000a204        0x0 ../hello_world_bsp/\libhal_bsp.a(altera_avalon_timer_sc.o)
 .bss           0x0000a204        0x0 ../hello_world_bsp/\libhal_bsp.a(alt_close.o)
 .bss           0x0000a204        0x0 ../hello_world_bsp/\libhal_bsp.a(alt_dcache_flush_all.o)
 .bss           0x0000a204        0x0 ../hello_world_bsp/\libhal_bsp.a(alt_dev.o)
 .bss           0x0000a204        0x0 ../hello_world_bsp/\libhal_bsp.a(alt_dev_llist_insert.o)
 .bss           0x0000a204        0x0 ../hello_world_bsp/\libhal_bsp.a(alt_errno.o)
 .bss           0x0000a204        0x0 ../hello_world_bsp/\libhal_bsp.a(alt_icache_flush_all.o)
 .bss           0x0000a204        0x0 ../hello_world_bsp/\libhal_bsp.a(alt_iic.o)
 .bss           0x0000a204        0x0 ../hello_world_bsp/\libhal_bsp.a(alt_iic_isr_register.o)
 .bss           0x0000a204        0x0 ../hello_world_bsp/\libhal_bsp.a(alt_io_redirect.o)
 .bss           0x0000a204        0x0 ../hello_world_bsp/\libhal_bsp.a(alt_irq_entry.o)
 .bss           0x0000a204        0x0 ../hello_world_bsp/\libhal_bsp.a(alt_irq_handler.o)
 .bss           0x0000a204        0x0 ../hello_world_bsp/\libhal_bsp.a(alt_irq_vars.o)
 .bss           0x0000a204        0x0 ../hello_world_bsp/\libhal_bsp.a(alt_open.o)
 .bss           0x0000a204        0x0 ../hello_world_bsp/\libhal_bsp.a(alt_release_fd.o)
 .bss           0x0000a204        0x0 ../hello_world_bsp/\libhal_bsp.a(alt_tick.o)
 .bss           0x0000a204        0x0 ../hello_world_bsp/\libhal_bsp.a(altera_nios2_qsys_irq.o)
 .bss           0x0000a204        0x0 ../hello_world_bsp/\libhal_bsp.a(alt_exception_entry.o)
 .bss           0x0000a204        0x0 ../hello_world_bsp/\libhal_bsp.a(alt_find_dev.o)
 .bss           0x0000a204        0x0 ../hello_world_bsp/\libhal_bsp.a(alt_find_file.o)
 .bss           0x0000a204        0x0 ../hello_world_bsp/\libhal_bsp.a(alt_get_fd.o)
 .bss           0x0000a204        0x0 ../hello_world_bsp/\libhal_bsp.a(alt_icache_flush.o)
 .bss           0x0000a204        0x0 d:/altera/altera_lite/13.1/nios2eds/bin/gnu/h-i686-mingw32/bin/../lib/gcc/nios2-elf/4.7.3/../../../../../H-i686-mingw32/nios2-elf/lib/mno-hw-mul\libsmallc.a(lib_a-exit.o)
 .bss           0x0000a204        0x0 d:/altera/altera_lite/13.1/nios2eds/bin/gnu/h-i686-mingw32/bin/../lib/gcc/nios2-elf/4.7.3/../../../../../H-i686-mingw32/nios2-elf/lib/mno-hw-mul\libsmallc.a(lib_a-memcmp.o)
 .bss           0x0000a204        0x0 d:/altera/altera_lite/13.1/nios2eds/bin/gnu/h-i686-mingw32/bin/../lib/gcc/nios2-elf/4.7.3/../../../../../H-i686-mingw32/nios2-elf/lib/mno-hw-mul\libsmallc.a(lib_a-__call_atexit.o)
 .bss           0x0000a204        0x0 d:/altera/altera_lite/13.1/nios2eds/bin/gnu/h-i686-mingw32/bin/../lib/gcc/nios2-elf/4.7.3/mno-hw-mul\libgcc.a(lib2-mul.o)
 .bss           0x0000a204        0x0 ../hello_world_bsp/\libhal_bsp.a(alt_exit.o)
 *(COMMON)
 COMMON         0x0000a204      0x100 ../hello_world_bsp/\libhal_bsp.a(alt_irq_handler.o)
                0x0000a204                alt_irq
                0x0000a304                . = ALIGN (0x4)
                0x0000a304                __bss_end = ABSOLUTE (.)

.onchip_mem     0x0000a304        0x0
                0x0000a304                PROVIDE (_alt_partition_onchip_mem_start, ABSOLUTE (.))
 *(.onchip_mem .onchip_mem. onchip_mem.*)
                0x0000a304                . = ALIGN (0x4)
                0x0000a304                PROVIDE (_alt_partition_onchip_mem_end, ABSOLUTE (.))
                0x0000a304                _end = ABSOLUTE (.)
                0x0000a304                end = ABSOLUTE (.)
                0x0000a304                __alt_stack_base = ABSOLUTE (.)
                0x0000a304                PROVIDE (_alt_partition_onchip_mem_load_addr, LOADADDR (.onchip_mem))

.stab
 *(.stab)

.stabstr
 *(.stabstr)

.stab.excl
 *(.stab.excl)

.stab.exclstr
 *(.stab.exclstr)

.stab.index
 *(.stab.index)

.stab.indexstr
 *(.stab.indexstr)

.comment        0x00000000       0x23
 *(.comment)
 .comment       0x00000000       0x23 obj/default/hello_world.o
                                 0x24 (size before relaxing)
 .comment       0x00000000       0x24 d:/altera/altera_lite/13.1/nios2eds/bin/gnu/h-i686-mingw32/bin/../lib/gcc/nios2-elf/4.7.3/../../../../../H-i686-mingw32/nios2-elf/lib/mno-hw-mul\libsmallc.a(lib_a-puts.o)
 .comment       0x00000000       0x24 d:/altera/altera_lite/13.1/nios2eds/bin/gnu/h-i686-mingw32/bin/../lib/gcc/nios2-elf/4.7.3/../../../../../H-i686-mingw32/nios2-elf/lib/mno-hw-mul\libsmallc.a(lib_a-strlen.o)
 .comment       0x00000000       0x24 d:/altera/altera_lite/13.1/nios2eds/bin/gnu/h-i686-mingw32/bin/../lib/gcc/nios2-elf/4.7.3/../../../../../H-i686-mingw32/nios2-elf/lib/mno-hw-mul\libsmallc.a(lib_a-fvwrite_small_dev.o)
 .comment       0x00000000       0x24 d:/altera/altera_lite/13.1/nios2eds/bin/gnu/h-i686-mingw32/bin/../lib/gcc/nios2-elf/4.7.3/../../../../../H-i686-mingw32/nios2-elf/lib/mno-hw-mul\libsmallc.a(lib_a-impure.o)
 .comment       0x00000000       0x24 d:/altera/altera_lite/13.1/nios2eds/bin/gnu/h-i686-mingw32/bin/../lib/gcc/nios2-elf/4.7.3/../../../../../H-i686-mingw32/nios2-elf/lib/mno-hw-mul\libsmallc.a(lib_a-writer.o)
 .comment       0x00000000       0x24 d:/altera/altera_lite/13.1/nios2eds/bin/gnu/h-i686-mingw32/bin/../lib/gcc/nios2-elf/4.7.3/../../../../../H-i686-mingw32/nios2-elf/lib/mno-hw-mul\libsmallc.a(lib_a-int_errno.o)
 .comment       0x00000000       0x24 ../hello_world_bsp/\libhal_bsp.a(alt_load.o)
 .comment       0x00000000       0x24 ../hello_world_bsp/\libhal_bsp.a(alt_main.o)
 .comment       0x00000000       0x24 ../hello_world_bsp/\libhal_bsp.a(alt_write.o)
 .comment       0x00000000       0x24 ../hello_world_bsp/\libhal_bsp.a(alt_sys_init.o)
 .comment       0x00000000       0x24 ../hello_world_bsp/\libhal_bsp.a(altera_avalon_jtag_uart_fd.o)
 .comment       0x00000000       0x24 ../hello_world_bsp/\libhal_bsp.a(altera_avalon_jtag_uart_read.o)
 .comment       0x00000000       0x24 ../hello_world_bsp/\libhal_bsp.a(altera_avalon_jtag_uart_write.o)
 .comment       0x00000000       0x24 ../hello_world_bsp/\libhal_bsp.a(altera_avalon_timer_sc.o)
 .comment       0x00000000       0x24 ../hello_world_bsp/\libhal_bsp.a(alt_close.o)
 .comment       0x00000000       0x24 ../hello_world_bsp/\libhal_bsp.a(alt_dcache_flush_all.o)
 .comment       0x00000000       0x24 ../hello_world_bsp/\libhal_bsp.a(alt_dev.o)
 .comment       0x00000000       0x24 ../hello_world_bsp/\libhal_bsp.a(alt_dev_llist_insert.o)
 .comment       0x00000000       0x24 ../hello_world_bsp/\libhal_bsp.a(alt_errno.o)
 .comment       0x00000000       0x24 ../hello_world_bsp/\libhal_bsp.a(alt_icache_flush_all.o)
 .comment       0x00000000       0x24 ../hello_world_bsp/\libhal_bsp.a(alt_iic.o)
 .comment       0x00000000       0x24 ../hello_world_bsp/\libhal_bsp.a(alt_iic_isr_register.o)
 .comment       0x00000000       0x24 ../hello_world_bsp/\libhal_bsp.a(alt_io_redirect.o)
 .comment       0x00000000       0x24 ../hello_world_bsp/\libhal_bsp.a(alt_irq_handler.o)
 .comment       0x00000000       0x24 ../hello_world_bsp/\libhal_bsp.a(alt_irq_vars.o)
 .comment       0x00000000       0x24 ../hello_world_bsp/\libhal_bsp.a(alt_open.o)
 .comment       0x00000000       0x24 ../hello_world_bsp/\libhal_bsp.a(alt_release_fd.o)
 .comment       0x00000000       0x24 ../hello_world_bsp/\libhal_bsp.a(alt_tick.o)
 .comment       0x00000000       0x24 ../hello_world_bsp/\libhal_bsp.a(altera_nios2_qsys_irq.o)
 .comment       0x00000000       0x24 ../hello_world_bsp/\libhal_bsp.a(alt_find_dev.o)
 .comment       0x00000000       0x24 ../hello_world_bsp/\libhal_bsp.a(alt_find_file.o)
 .comment       0x00000000       0x24 ../hello_world_bsp/\libhal_bsp.a(alt_get_fd.o)
 .comment       0x00000000       0x24 ../hello_world_bsp/\libhal_bsp.a(alt_icache_flush.o)
 .comment       0x00000000       0x24 d:/altera/altera_lite/13.1/nios2eds/bin/gnu/h-i686-mingw32/bin/../lib/gcc/nios2-elf/4.7.3/../../../../../H-i686-mingw32/nios2-elf/lib/mno-hw-mul\libsmallc.a(lib_a-exit.o)
 .comment       0x00000000       0x24 d:/altera/altera_lite/13.1/nios2eds/bin/gnu/h-i686-mingw32/bin/../lib/gcc/nios2-elf/4.7.3/../../../../../H-i686-mingw32/nios2-elf/lib/mno-hw-mul\libsmallc.a(lib_a-memcmp.o)
 .comment       0x00000000       0x24 d:/altera/altera_lite/13.1/nios2eds/bin/gnu/h-i686-mingw32/bin/../lib/gcc/nios2-elf/4.7.3/../../../../../H-i686-mingw32/nios2-elf/lib/mno-hw-mul\libsmallc.a(lib_a-__call_atexit.o)
 .comment       0x00000000       0x24 d:/altera/altera_lite/13.1/nios2eds/bin/gnu/h-i686-mingw32/bin/../lib/gcc/nios2-elf/4.7.3/mno-hw-mul\libgcc.a(lib2-mul.o)
 .comment       0x00000000       0x24 ../hello_world_bsp/\libhal_bsp.a(alt_exit.o)

.debug
 *(.debug)

.line
 *(.line)

.debug_srcinfo
 *(.debug_srcinfo)

.debug_sfnames
 *(.debug_sfnames)

.debug_aranges  0x00000000      0x550
 *(.debug_aranges)
 .debug_aranges
                0x00000000       0x28 ../hello_world_bsp//obj/HAL/src/crt0.o
 .debug_aranges
                0x00000028       0x20 obj/default/hello_world.o
 .debug_aranges
                0x00000048       0x20 d:/altera/altera_lite/13.1/nios2eds/bin/gnu/h-i686-mingw32/bin/../lib/gcc/nios2-elf/4.7.3/../../../../../H-i686-mingw32/nios2-elf/lib/mno-hw-mul\libsmallc.a(lib_a-puts.o)
 .debug_aranges
                0x00000068       0x20 d:/altera/altera_lite/13.1/nios2eds/bin/gnu/h-i686-mingw32/bin/../lib/gcc/nios2-elf/4.7.3/../../../../../H-i686-mingw32/nios2-elf/lib/mno-hw-mul\libsmallc.a(lib_a-strlen.o)
 .debug_aranges
                0x00000088       0x20 d:/altera/altera_lite/13.1/nios2eds/bin/gnu/h-i686-mingw32/bin/../lib/gcc/nios2-elf/4.7.3/../../../../../H-i686-mingw32/nios2-elf/lib/mno-hw-mul\libsmallc.a(lib_a-fvwrite_small_dev.o)
 .debug_aranges
                0x000000a8       0x18 d:/altera/altera_lite/13.1/nios2eds/bin/gnu/h-i686-mingw32/bin/../lib/gcc/nios2-elf/4.7.3/../../../../../H-i686-mingw32/nios2-elf/lib/mno-hw-mul\libsmallc.a(lib_a-impure.o)
 .debug_aranges
                0x000000c0       0x20 d:/altera/altera_lite/13.1/nios2eds/bin/gnu/h-i686-mingw32/bin/../lib/gcc/nios2-elf/4.7.3/../../../../../H-i686-mingw32/nios2-elf/lib/mno-hw-mul\libsmallc.a(lib_a-writer.o)
 .debug_aranges
                0x000000e0       0x18 d:/altera/altera_lite/13.1/nios2eds/bin/gnu/h-i686-mingw32/bin/../lib/gcc/nios2-elf/4.7.3/../../../../../H-i686-mingw32/nios2-elf/lib/mno-hw-mul\libsmallc.a(lib_a-int_errno.o)
 .debug_aranges
                0x000000f8       0x20 ../hello_world_bsp/\libhal_bsp.a(alt_load.o)
 .debug_aranges
                0x00000118       0x20 ../hello_world_bsp/\libhal_bsp.a(alt_main.o)
 .debug_aranges
                0x00000138       0x20 ../hello_world_bsp/\libhal_bsp.a(alt_write.o)
 .debug_aranges
                0x00000158       0x20 ../hello_world_bsp/\libhal_bsp.a(alt_sys_init.o)
 .debug_aranges
                0x00000178       0x20 ../hello_world_bsp/\libhal_bsp.a(altera_avalon_jtag_uart_fd.o)
 .debug_aranges
                0x00000198       0x20 ../hello_world_bsp/\libhal_bsp.a(altera_avalon_jtag_uart_read.o)
 .debug_aranges
                0x000001b8       0x20 ../hello_world_bsp/\libhal_bsp.a(altera_avalon_jtag_uart_write.o)
 .debug_aranges
                0x000001d8       0x20 ../hello_world_bsp/\libhal_bsp.a(altera_avalon_timer_sc.o)
 .debug_aranges
                0x000001f8       0x20 ../hello_world_bsp/\libhal_bsp.a(alt_close.o)
 .debug_aranges
                0x00000218       0x20 ../hello_world_bsp/\libhal_bsp.a(alt_dcache_flush_all.o)
 .debug_aranges
                0x00000238       0x20 ../hello_world_bsp/\libhal_bsp.a(alt_dev.o)
 .debug_aranges
                0x00000258       0x20 ../hello_world_bsp/\libhal_bsp.a(alt_dev_llist_insert.o)
 .debug_aranges
                0x00000278       0x18 ../hello_world_bsp/\libhal_bsp.a(alt_errno.o)
 .debug_aranges
                0x00000290       0x20 ../hello_world_bsp/\libhal_bsp.a(alt_icache_flush_all.o)
 .debug_aranges
                0x000002b0       0x20 ../hello_world_bsp/\libhal_bsp.a(alt_iic.o)
 .debug_aranges
                0x000002d0       0x20 ../hello_world_bsp/\libhal_bsp.a(alt_iic_isr_register.o)
 .debug_aranges
                0x000002f0       0x20 ../hello_world_bsp/\libhal_bsp.a(alt_io_redirect.o)
 .debug_aranges
                0x00000310       0x30 ../hello_world_bsp/\libhal_bsp.a(alt_irq_entry.o)
 .debug_aranges
                0x00000340       0x20 ../hello_world_bsp/\libhal_bsp.a(alt_irq_handler.o)
 .debug_aranges
                0x00000360       0x18 ../hello_world_bsp/\libhal_bsp.a(alt_irq_vars.o)
 .debug_aranges
                0x00000378       0x20 ../hello_world_bsp/\libhal_bsp.a(alt_open.o)
 .debug_aranges
                0x00000398       0x20 ../hello_world_bsp/\libhal_bsp.a(alt_release_fd.o)
 .debug_aranges
                0x000003b8       0x20 ../hello_world_bsp/\libhal_bsp.a(alt_tick.o)
 .debug_aranges
                0x000003d8       0x20 ../hello_world_bsp/\libhal_bsp.a(altera_nios2_qsys_irq.o)
 .debug_aranges
                0x000003f8       0x38 ../hello_world_bsp/\libhal_bsp.a(alt_exception_entry.o)
 .debug_aranges
                0x00000430       0x20 ../hello_world_bsp/\libhal_bsp.a(alt_find_dev.o)
 .debug_aranges
                0x00000450       0x20 ../hello_world_bsp/\libhal_bsp.a(alt_find_file.o)
 .debug_aranges
                0x00000470       0x20 ../hello_world_bsp/\libhal_bsp.a(alt_get_fd.o)
 .debug_aranges
                0x00000490       0x20 ../hello_world_bsp/\libhal_bsp.a(alt_icache_flush.o)
 .debug_aranges
                0x000004b0       0x20 d:/altera/altera_lite/13.1/nios2eds/bin/gnu/h-i686-mingw32/bin/../lib/gcc/nios2-elf/4.7.3/../../../../../H-i686-mingw32/nios2-elf/lib/mno-hw-mul\libsmallc.a(lib_a-exit.o)
 .debug_aranges
                0x000004d0       0x20 d:/altera/altera_lite/13.1/nios2eds/bin/gnu/h-i686-mingw32/bin/../lib/gcc/nios2-elf/4.7.3/../../../../../H-i686-mingw32/nios2-elf/lib/mno-hw-mul\libsmallc.a(lib_a-memcmp.o)
 .debug_aranges
                0x000004f0       0x20 d:/altera/altera_lite/13.1/nios2eds/bin/gnu/h-i686-mingw32/bin/../lib/gcc/nios2-elf/4.7.3/../../../../../H-i686-mingw32/nios2-elf/lib/mno-hw-mul\libsmallc.a(lib_a-__call_atexit.o)
 .debug_aranges
                0x00000510       0x20 d:/altera/altera_lite/13.1/nios2eds/bin/gnu/h-i686-mingw32/bin/../lib/gcc/nios2-elf/4.7.3/mno-hw-mul\libgcc.a(lib2-mul.o)
 .debug_aranges
                0x00000530       0x20 ../hello_world_bsp/\libhal_bsp.a(alt_exit.o)

.debug_pubnames
 *(.debug_pubnames)

.debug_info     0x00000000     0x69dd
 *(.debug_info .gnu.linkonce.wi.*)
 .debug_info    0x00000000       0x68 ../hello_world_bsp//obj/HAL/src/crt0.o
 .debug_info    0x00000068       0x93 obj/default/hello_world.o
 .debug_info    0x000000fb      0x6f4 d:/altera/altera_lite/13.1/nios2eds/bin/gnu/h-i686-mingw32/bin/../lib/gcc/nios2-elf/4.7.3/../../../../../H-i686-mingw32/nios2-elf/lib/mno-hw-mul\libsmallc.a(lib_a-puts.o)
 .debug_info    0x000007ef       0xc6 d:/altera/altera_lite/13.1/nios2eds/bin/gnu/h-i686-mingw32/bin/../lib/gcc/nios2-elf/4.7.3/../../../../../H-i686-mingw32/nios2-elf/lib/mno-hw-mul\libsmallc.a(lib_a-strlen.o)
 .debug_info    0x000008b5      0x6d9 d:/altera/altera_lite/13.1/nios2eds/bin/gnu/h-i686-mingw32/bin/../lib/gcc/nios2-elf/4.7.3/../../../../../H-i686-mingw32/nios2-elf/lib/mno-hw-mul\libsmallc.a(lib_a-fvwrite_small_dev.o)
 .debug_info    0x00000f8e      0x631 d:/altera/altera_lite/13.1/nios2eds/bin/gnu/h-i686-mingw32/bin/../lib/gcc/nios2-elf/4.7.3/../../../../../H-i686-mingw32/nios2-elf/lib/mno-hw-mul\libsmallc.a(lib_a-impure.o)
 .debug_info    0x000015bf      0x6cb d:/altera/altera_lite/13.1/nios2eds/bin/gnu/h-i686-mingw32/bin/../lib/gcc/nios2-elf/4.7.3/../../../../../H-i686-mingw32/nios2-elf/lib/mno-hw-mul\libsmallc.a(lib_a-writer.o)
 .debug_info    0x00001c8a       0x84 d:/altera/altera_lite/13.1/nios2eds/bin/gnu/h-i686-mingw32/bin/../lib/gcc/nios2-elf/4.7.3/../../../../../H-i686-mingw32/nios2-elf/lib/mno-hw-mul\libsmallc.a(lib_a-int_errno.o)
 .debug_info    0x00001d0e      0x135 ../hello_world_bsp/\libhal_bsp.a(alt_load.o)
 .debug_info    0x00001e43      0x139 ../hello_world_bsp/\libhal_bsp.a(alt_main.o)
 .debug_info    0x00001f7c      0x507 ../hello_world_bsp/\libhal_bsp.a(alt_write.o)
 .debug_info    0x00002483      0x420 ../hello_world_bsp/\libhal_bsp.a(alt_sys_init.o)
 .debug_info    0x000028a3      0x3da ../hello_world_bsp/\libhal_bsp.a(altera_avalon_jtag_uart_fd.o)
 .debug_info    0x00002c7d      0x1bc ../hello_world_bsp/\libhal_bsp.a(altera_avalon_jtag_uart_read.o)
 .debug_info    0x00002e39      0x19f ../hello_world_bsp/\libhal_bsp.a(altera_avalon_jtag_uart_write.o)
 .debug_info    0x00002fd8      0x235 ../hello_world_bsp/\libhal_bsp.a(altera_avalon_timer_sc.o)
 .debug_info    0x0000320d      0x350 ../hello_world_bsp/\libhal_bsp.a(alt_close.o)
 .debug_info    0x0000355d       0x90 ../hello_world_bsp/\libhal_bsp.a(alt_dcache_flush_all.o)
 .debug_info    0x000035ed      0x4e3 ../hello_world_bsp/\libhal_bsp.a(alt_dev.o)
 .debug_info    0x00003ad0      0x1b9 ../hello_world_bsp/\libhal_bsp.a(alt_dev_llist_insert.o)
 .debug_info    0x00003c89       0xa3 ../hello_world_bsp/\libhal_bsp.a(alt_errno.o)
 .debug_info    0x00003d2c       0x90 ../hello_world_bsp/\libhal_bsp.a(alt_icache_flush_all.o)
 .debug_info    0x00003dbc      0x364 ../hello_world_bsp/\libhal_bsp.a(alt_iic.o)
 .debug_info    0x00004120      0x1f6 ../hello_world_bsp/\libhal_bsp.a(alt_iic_isr_register.o)
 .debug_info    0x00004316      0x4f0 ../hello_world_bsp/\libhal_bsp.a(alt_io_redirect.o)
 .debug_info    0x00004806       0x71 ../hello_world_bsp/\libhal_bsp.a(alt_irq_entry.o)
 .debug_info    0x00004877      0x190 ../hello_world_bsp/\libhal_bsp.a(alt_irq_handler.o)
 .debug_info    0x00004a07       0x8a ../hello_world_bsp/\libhal_bsp.a(alt_irq_vars.o)
 .debug_info    0x00004a91      0x3f0 ../hello_world_bsp/\libhal_bsp.a(alt_open.o)
 .debug_info    0x00004e81      0x2dd ../hello_world_bsp/\libhal_bsp.a(alt_release_fd.o)
 .debug_info    0x0000515e      0x2b1 ../hello_world_bsp/\libhal_bsp.a(alt_tick.o)
 .debug_info    0x0000540f       0x90 ../hello_world_bsp/\libhal_bsp.a(altera_nios2_qsys_irq.o)
 .debug_info    0x0000549f       0x77 ../hello_world_bsp/\libhal_bsp.a(alt_exception_entry.o)
 .debug_info    0x00005516      0x30d ../hello_world_bsp/\libhal_bsp.a(alt_find_dev.o)
 .debug_info    0x00005823      0x30c ../hello_world_bsp/\libhal_bsp.a(alt_find_file.o)
 .debug_info    0x00005b2f      0x339 ../hello_world_bsp/\libhal_bsp.a(alt_get_fd.o)
 .debug_info    0x00005e68       0xda ../hello_world_bsp/\libhal_bsp.a(alt_icache_flush.o)
 .debug_info    0x00005f42       0xf8 d:/altera/altera_lite/13.1/nios2eds/bin/gnu/h-i686-mingw32/bin/../lib/gcc/nios2-elf/4.7.3/../../../../../H-i686-mingw32/nios2-elf/lib/mno-hw-mul\libsmallc.a(lib_a-exit.o)
 .debug_info    0x0000603a       0xf1 d:/altera/altera_lite/13.1/nios2eds/bin/gnu/h-i686-mingw32/bin/../lib/gcc/nios2-elf/4.7.3/../../../../../H-i686-mingw32/nios2-elf/lib/mno-hw-mul\libsmallc.a(lib_a-memcmp.o)
 .debug_info    0x0000612b      0x70e d:/altera/altera_lite/13.1/nios2eds/bin/gnu/h-i686-mingw32/bin/../lib/gcc/nios2-elf/4.7.3/../../../../../H-i686-mingw32/nios2-elf/lib/mno-hw-mul\libsmallc.a(lib_a-__call_atexit.o)
 .debug_info    0x00006839       0xb8 d:/altera/altera_lite/13.1/nios2eds/bin/gnu/h-i686-mingw32/bin/../lib/gcc/nios2-elf/4.7.3/mno-hw-mul\libgcc.a(lib2-mul.o)
 .debug_info    0x000068f1       0xec ../hello_world_bsp/\libhal_bsp.a(alt_exit.o)

.debug_abbrev   0x00000000     0x23e9
 *(.debug_abbrev)
 .debug_abbrev  0x00000000       0x12 ../hello_world_bsp//obj/HAL/src/crt0.o
 .debug_abbrev  0x00000012       0x42 obj/default/hello_world.o
 .debug_abbrev  0x00000054      0x1d4 d:/altera/altera_lite/13.1/nios2eds/bin/gnu/h-i686-mingw32/bin/../lib/gcc/nios2-elf/4.7.3/../../../../../H-i686-mingw32/nios2-elf/lib/mno-hw-mul\libsmallc.a(lib_a-puts.o)
 .debug_abbrev  0x00000228       0x7f d:/altera/altera_lite/13.1/nios2eds/bin/gnu/h-i686-mingw32/bin/../lib/gcc/nios2-elf/4.7.3/../../../../../H-i686-mingw32/nios2-elf/lib/mno-hw-mul\libsmallc.a(lib_a-strlen.o)
 .debug_abbrev  0x000002a7      0x1a8 d:/altera/altera_lite/13.1/nios2eds/bin/gnu/h-i686-mingw32/bin/../lib/gcc/nios2-elf/4.7.3/../../../../../H-i686-mingw32/nios2-elf/lib/mno-hw-mul\libsmallc.a(lib_a-fvwrite_small_dev.o)
 .debug_abbrev  0x0000044f      0x13b d:/altera/altera_lite/13.1/nios2eds/bin/gnu/h-i686-mingw32/bin/../lib/gcc/nios2-elf/4.7.3/../../../../../H-i686-mingw32/nios2-elf/lib/mno-hw-mul\libsmallc.a(lib_a-impure.o)
 .debug_abbrev  0x0000058a      0x199 d:/altera/altera_lite/13.1/nios2eds/bin/gnu/h-i686-mingw32/bin/../lib/gcc/nios2-elf/4.7.3/../../../../../H-i686-mingw32/nios2-elf/lib/mno-hw-mul\libsmallc.a(lib_a-writer.o)
 .debug_abbrev  0x00000723       0x37 d:/altera/altera_lite/13.1/nios2eds/bin/gnu/h-i686-mingw32/bin/../lib/gcc/nios2-elf/4.7.3/../../../../../H-i686-mingw32/nios2-elf/lib/mno-hw-mul\libsmallc.a(lib_a-int_errno.o)
 .debug_abbrev  0x0000075a       0x9d ../hello_world_bsp/\libhal_bsp.a(alt_load.o)
 .debug_abbrev  0x000007f7       0xba ../hello_world_bsp/\libhal_bsp.a(alt_main.o)
 .debug_abbrev  0x000008b1      0x133 ../hello_world_bsp/\libhal_bsp.a(alt_write.o)
 .debug_abbrev  0x000009e4      0x155 ../hello_world_bsp/\libhal_bsp.a(alt_sys_init.o)
 .debug_abbrev  0x00000b39       0xf7 ../hello_world_bsp/\libhal_bsp.a(altera_avalon_jtag_uart_fd.o)
 .debug_abbrev  0x00000c30       0xd5 ../hello_world_bsp/\libhal_bsp.a(altera_avalon_jtag_uart_read.o)
 .debug_abbrev  0x00000d05       0xd5 ../hello_world_bsp/\libhal_bsp.a(altera_avalon_jtag_uart_write.o)
 .debug_abbrev  0x00000dda      0x155 ../hello_world_bsp/\libhal_bsp.a(altera_avalon_timer_sc.o)
 .debug_abbrev  0x00000f2f      0x11f ../hello_world_bsp/\libhal_bsp.a(alt_close.o)
 .debug_abbrev  0x0000104e       0x42 ../hello_world_bsp/\libhal_bsp.a(alt_dcache_flush_all.o)
 .debug_abbrev  0x00001090       0xd9 ../hello_world_bsp/\libhal_bsp.a(alt_dev.o)
 .debug_abbrev  0x00001169      0x114 ../hello_world_bsp/\libhal_bsp.a(alt_dev_llist_insert.o)
 .debug_abbrev  0x0000127d       0x5a ../hello_world_bsp/\libhal_bsp.a(alt_errno.o)
 .debug_abbrev  0x000012d7       0x42 ../hello_world_bsp/\libhal_bsp.a(alt_icache_flush_all.o)
 .debug_abbrev  0x00001319      0x16a ../hello_world_bsp/\libhal_bsp.a(alt_iic.o)
 .debug_abbrev  0x00001483      0x169 ../hello_world_bsp/\libhal_bsp.a(alt_iic_isr_register.o)
 .debug_abbrev  0x000015ec      0x114 ../hello_world_bsp/\libhal_bsp.a(alt_io_redirect.o)
 .debug_abbrev  0x00001700       0x12 ../hello_world_bsp/\libhal_bsp.a(alt_irq_entry.o)
 .debug_abbrev  0x00001712      0x124 ../hello_world_bsp/\libhal_bsp.a(alt_irq_handler.o)
 .debug_abbrev  0x00001836       0x40 ../hello_world_bsp/\libhal_bsp.a(alt_irq_vars.o)
 .debug_abbrev  0x00001876      0x148 ../hello_world_bsp/\libhal_bsp.a(alt_open.o)
 .debug_abbrev  0x000019be       0xde ../hello_world_bsp/\libhal_bsp.a(alt_release_fd.o)
 .debug_abbrev  0x00001a9c      0x15a ../hello_world_bsp/\libhal_bsp.a(alt_tick.o)
 .debug_abbrev  0x00001bf6       0x42 ../hello_world_bsp/\libhal_bsp.a(altera_nios2_qsys_irq.o)
 .debug_abbrev  0x00001c38       0x12 ../hello_world_bsp/\libhal_bsp.a(alt_exception_entry.o)
 .debug_abbrev  0x00001c4a       0xf0 ../hello_world_bsp/\libhal_bsp.a(alt_find_dev.o)
 .debug_abbrev  0x00001d3a       0xf0 ../hello_world_bsp/\libhal_bsp.a(alt_find_file.o)
 .debug_abbrev  0x00001e2a      0x10d ../hello_world_bsp/\libhal_bsp.a(alt_get_fd.o)
 .debug_abbrev  0x00001f37       0x8c ../hello_world_bsp/\libhal_bsp.a(alt_icache_flush.o)
 .debug_abbrev  0x00001fc3       0xa9 d:/altera/altera_lite/13.1/nios2eds/bin/gnu/h-i686-mingw32/bin/../lib/gcc/nios2-elf/4.7.3/../../../../../H-i686-mingw32/nios2-elf/lib/mno-hw-mul\libsmallc.a(lib_a-exit.o)
 .debug_abbrev  0x0000206c       0x7f d:/altera/altera_lite/13.1/nios2eds/bin/gnu/h-i686-mingw32/bin/../lib/gcc/nios2-elf/4.7.3/../../../../../H-i686-mingw32/nios2-elf/lib/mno-hw-mul\libsmallc.a(lib_a-memcmp.o)
 .debug_abbrev  0x000020eb      0x1e9 d:/altera/altera_lite/13.1/nios2eds/bin/gnu/h-i686-mingw32/bin/../lib/gcc/nios2-elf/4.7.3/../../../../../H-i686-mingw32/nios2-elf/lib/mno-hw-mul\libsmallc.a(lib_a-__call_atexit.o)
 .debug_abbrev  0x000022d4       0x6f d:/altera/altera_lite/13.1/nios2eds/bin/gnu/h-i686-mingw32/bin/../lib/gcc/nios2-elf/4.7.3/mno-hw-mul\libgcc.a(lib2-mul.o)
 .debug_abbrev  0x00002343       0xa6 ../hello_world_bsp/\libhal_bsp.a(alt_exit.o)

.debug_line     0x00000000     0x28c7
 *(.debug_line)
 .debug_line    0x00000000       0x6c ../hello_world_bsp//obj/HAL/src/crt0.o
 .debug_line    0x0000006c       0x40 obj/default/hello_world.o
 .debug_line    0x000000ac      0x212 d:/altera/altera_lite/13.1/nios2eds/bin/gnu/h-i686-mingw32/bin/../lib/gcc/nios2-elf/4.7.3/../../../../../H-i686-mingw32/nios2-elf/lib/mno-hw-mul\libsmallc.a(lib_a-puts.o)
 .debug_line    0x000002be      0x174 d:/altera/altera_lite/13.1/nios2eds/bin/gnu/h-i686-mingw32/bin/../lib/gcc/nios2-elf/4.7.3/../../../../../H-i686-mingw32/nios2-elf/lib/mno-hw-mul\libsmallc.a(lib_a-strlen.o)
 .debug_line    0x00000432      0x225 d:/altera/altera_lite/13.1/nios2eds/bin/gnu/h-i686-mingw32/bin/../lib/gcc/nios2-elf/4.7.3/../../../../../H-i686-mingw32/nios2-elf/lib/mno-hw-mul\libsmallc.a(lib_a-fvwrite_small_dev.o)
 .debug_line    0x00000657      0x16c d:/altera/altera_lite/13.1/nios2eds/bin/gnu/h-i686-mingw32/bin/../lib/gcc/nios2-elf/4.7.3/../../../../../H-i686-mingw32/nios2-elf/lib/mno-hw-mul\libsmallc.a(lib_a-impure.o)
 .debug_line    0x000007c3      0x20c d:/altera/altera_lite/13.1/nios2eds/bin/gnu/h-i686-mingw32/bin/../lib/gcc/nios2-elf/4.7.3/../../../../../H-i686-mingw32/nios2-elf/lib/mno-hw-mul\libsmallc.a(lib_a-writer.o)
 .debug_line    0x000009cf       0x60 d:/altera/altera_lite/13.1/nios2eds/bin/gnu/h-i686-mingw32/bin/../lib/gcc/nios2-elf/4.7.3/../../../../../H-i686-mingw32/nios2-elf/lib/mno-hw-mul\libsmallc.a(lib_a-int_errno.o)
 .debug_line    0x00000a2f       0x92 ../hello_world_bsp/\libhal_bsp.a(alt_load.o)
 .debug_line    0x00000ac1       0x9e ../hello_world_bsp/\libhal_bsp.a(alt_main.o)
 .debug_line    0x00000b5f      0x210 ../hello_world_bsp/\libhal_bsp.a(alt_write.o)
 .debug_line    0x00000d6f      0x142 ../hello_world_bsp/\libhal_bsp.a(alt_sys_init.o)
 .debug_line    0x00000eb1      0x114 ../hello_world_bsp/\libhal_bsp.a(altera_avalon_jtag_uart_fd.o)
 .debug_line    0x00000fc5      0x101 ../hello_world_bsp/\libhal_bsp.a(altera_avalon_jtag_uart_read.o)
 .debug_line    0x000010c6       0xf8 ../hello_world_bsp/\libhal_bsp.a(altera_avalon_jtag_uart_write.o)
 .debug_line    0x000011be       0xfd ../hello_world_bsp/\libhal_bsp.a(altera_avalon_timer_sc.o)
 .debug_line    0x000012bb      0x192 ../hello_world_bsp/\libhal_bsp.a(alt_close.o)
 .debug_line    0x0000144d       0x51 ../hello_world_bsp/\libhal_bsp.a(alt_dcache_flush_all.o)
 .debug_line    0x0000149e      0x125 ../hello_world_bsp/\libhal_bsp.a(alt_dev.o)
 .debug_line    0x000015c3       0xd0 ../hello_world_bsp/\libhal_bsp.a(alt_dev_llist_insert.o)
 .debug_line    0x00001693       0x51 ../hello_world_bsp/\libhal_bsp.a(alt_errno.o)
 .debug_line    0x000016e4       0x50 ../hello_world_bsp/\libhal_bsp.a(alt_icache_flush_all.o)
 .debug_line    0x00001734       0xed ../hello_world_bsp/\libhal_bsp.a(alt_iic.o)
 .debug_line    0x00001821       0xdb ../hello_world_bsp/\libhal_bsp.a(alt_iic_isr_register.o)
 .debug_line    0x000018fc      0x162 ../hello_world_bsp/\libhal_bsp.a(alt_io_redirect.o)
 .debug_line    0x00001a5e       0x6b ../hello_world_bsp/\libhal_bsp.a(alt_irq_entry.o)
 .debug_line    0x00001ac9       0xae ../hello_world_bsp/\libhal_bsp.a(alt_irq_handler.o)
 .debug_line    0x00001b77       0x50 ../hello_world_bsp/\libhal_bsp.a(alt_irq_vars.o)
 .debug_line    0x00001bc7      0x128 ../hello_world_bsp/\libhal_bsp.a(alt_open.o)
 .debug_line    0x00001cef       0xb0 ../hello_world_bsp/\libhal_bsp.a(alt_release_fd.o)
 .debug_line    0x00001d9f      0x102 ../hello_world_bsp/\libhal_bsp.a(alt_tick.o)
 .debug_line    0x00001ea1       0x51 ../hello_world_bsp/\libhal_bsp.a(altera_nios2_qsys_irq.o)
 .debug_line    0x00001ef2       0xab ../hello_world_bsp/\libhal_bsp.a(alt_exception_entry.o)
 .debug_line    0x00001f9d       0xb9 ../hello_world_bsp/\libhal_bsp.a(alt_find_dev.o)
 .debug_line    0x00002056       0xd5 ../hello_world_bsp/\libhal_bsp.a(alt_find_file.o)
 .debug_line    0x0000212b       0xd4 ../hello_world_bsp/\libhal_bsp.a(alt_get_fd.o)
 .debug_line    0x000021ff       0x81 ../hello_world_bsp/\libhal_bsp.a(alt_icache_flush.o)
 .debug_line    0x00002280      0x170 d:/altera/altera_lite/13.1/nios2eds/bin/gnu/h-i686-mingw32/bin/../lib/gcc/nios2-elf/4.7.3/../../../../../H-i686-mingw32/nios2-elf/lib/mno-hw-mul\libsmallc.a(lib_a-exit.o)
 .debug_line    0x000023f0      0x17f d:/altera/altera_lite/13.1/nios2eds/bin/gnu/h-i686-mingw32/bin/../lib/gcc/nios2-elf/4.7.3/../../../../../H-i686-mingw32/nios2-elf/lib/mno-hw-mul\libsmallc.a(lib_a-memcmp.o)
 .debug_line    0x0000256f      0x267 d:/altera/altera_lite/13.1/nios2eds/bin/gnu/h-i686-mingw32/bin/../lib/gcc/nios2-elf/4.7.3/../../../../../H-i686-mingw32/nios2-elf/lib/mno-hw-mul\libsmallc.a(lib_a-__call_atexit.o)
 .debug_line    0x000027d6       0x80 d:/altera/altera_lite/13.1/nios2eds/bin/gnu/h-i686-mingw32/bin/../lib/gcc/nios2-elf/4.7.3/mno-hw-mul\libgcc.a(lib2-mul.o)
 .debug_line    0x00002856       0x71 ../hello_world_bsp/\libhal_bsp.a(alt_exit.o)

.debug_frame    0x00000000      0x7b0
 *(.debug_frame)
 .debug_frame   0x00000000       0x2c obj/default/hello_world.o
 .debug_frame   0x0000002c       0x3c d:/altera/altera_lite/13.1/nios2eds/bin/gnu/h-i686-mingw32/bin/../lib/gcc/nios2-elf/4.7.3/../../../../../H-i686-mingw32/nios2-elf/lib/mno-hw-mul\libsmallc.a(lib_a-puts.o)
 .debug_frame   0x00000068       0x20 d:/altera/altera_lite/13.1/nios2eds/bin/gnu/h-i686-mingw32/bin/../lib/gcc/nios2-elf/4.7.3/../../../../../H-i686-mingw32/nios2-elf/lib/mno-hw-mul\libsmallc.a(lib_a-strlen.o)
 .debug_frame   0x00000088       0x30 d:/altera/altera_lite/13.1/nios2eds/bin/gnu/h-i686-mingw32/bin/../lib/gcc/nios2-elf/4.7.3/../../../../../H-i686-mingw32/nios2-elf/lib/mno-hw-mul\libsmallc.a(lib_a-fvwrite_small_dev.o)
 .debug_frame   0x000000b8       0x2c d:/altera/altera_lite/13.1/nios2eds/bin/gnu/h-i686-mingw32/bin/../lib/gcc/nios2-elf/4.7.3/../../../../../H-i686-mingw32/nios2-elf/lib/mno-hw-mul\libsmallc.a(lib_a-writer.o)
 .debug_frame   0x000000e4       0x48 ../hello_world_bsp/\libhal_bsp.a(alt_load.o)
 .debug_frame   0x0000012c       0x2c ../hello_world_bsp/\libhal_bsp.a(alt_main.o)
 .debug_frame   0x00000158       0x48 ../hello_world_bsp/\libhal_bsp.a(alt_write.o)
 .debug_frame   0x000001a0       0x64 ../hello_world_bsp/\libhal_bsp.a(alt_sys_init.o)
 .debug_frame   0x00000204       0x48 ../hello_world_bsp/\libhal_bsp.a(altera_avalon_jtag_uart_fd.o)
 .debug_frame   0x0000024c       0x2c ../hello_world_bsp/\libhal_bsp.a(altera_avalon_jtag_uart_read.o)
 .debug_frame   0x00000278       0x2c ../hello_world_bsp/\libhal_bsp.a(altera_avalon_jtag_uart_write.o)
 .debug_frame   0x000002a4       0x48 ../hello_world_bsp/\libhal_bsp.a(altera_avalon_timer_sc.o)
 .debug_frame   0x000002ec       0x48 ../hello_world_bsp/\libhal_bsp.a(alt_close.o)
 .debug_frame   0x00000334       0x2c ../hello_world_bsp/\libhal_bsp.a(alt_dcache_flush_all.o)
 .debug_frame   0x00000360       0x2c ../hello_world_bsp/\libhal_bsp.a(alt_dev.o)
 .debug_frame   0x0000038c       0x48 ../hello_world_bsp/\libhal_bsp.a(alt_dev_llist_insert.o)
 .debug_frame   0x000003d4       0x2c ../hello_world_bsp/\libhal_bsp.a(alt_icache_flush_all.o)
 .debug_frame   0x00000400       0x80 ../hello_world_bsp/\libhal_bsp.a(alt_iic.o)
 .debug_frame   0x00000480       0x2c ../hello_world_bsp/\libhal_bsp.a(alt_iic_isr_register.o)
 .debug_frame   0x000004ac       0x4c ../hello_world_bsp/\libhal_bsp.a(alt_io_redirect.o)
 .debug_frame   0x000004f8       0x2c ../hello_world_bsp/\libhal_bsp.a(alt_irq_handler.o)
 .debug_frame   0x00000524       0x68 ../hello_world_bsp/\libhal_bsp.a(alt_open.o)
 .debug_frame   0x0000058c       0x30 ../hello_world_bsp/\libhal_bsp.a(alt_release_fd.o)
 .debug_frame   0x000005bc       0x48 ../hello_world_bsp/\libhal_bsp.a(alt_tick.o)
 .debug_frame   0x00000604       0x2c ../hello_world_bsp/\libhal_bsp.a(altera_nios2_qsys_irq.o)
 .debug_frame   0x00000630       0x2c ../hello_world_bsp/\libhal_bsp.a(alt_find_dev.o)
 .debug_frame   0x0000065c       0x2c ../hello_world_bsp/\libhal_bsp.a(alt_find_file.o)
 .debug_frame   0x00000688       0x30 ../hello_world_bsp/\libhal_bsp.a(alt_get_fd.o)
 .debug_frame   0x000006b8       0x2c ../hello_world_bsp/\libhal_bsp.a(alt_icache_flush.o)
 .debug_frame   0x000006e4       0x28 d:/altera/altera_lite/13.1/nios2eds/bin/gnu/h-i686-mingw32/bin/../lib/gcc/nios2-elf/4.7.3/../../../../../H-i686-mingw32/nios2-elf/lib/mno-hw-mul\libsmallc.a(lib_a-exit.o)
 .debug_frame   0x0000070c       0x20 d:/altera/altera_lite/13.1/nios2eds/bin/gnu/h-i686-mingw32/bin/../lib/gcc/nios2-elf/4.7.3/../../../../../H-i686-mingw32/nios2-elf/lib/mno-hw-mul\libsmallc.a(lib_a-memcmp.o)
 .debug_frame   0x0000072c       0x38 d:/altera/altera_lite/13.1/nios2eds/bin/gnu/h-i686-mingw32/bin/../lib/gcc/nios2-elf/4.7.3/../../../../../H-i686-mingw32/nios2-elf/lib/mno-hw-mul\libsmallc.a(lib_a-__call_atexit.o)
 .debug_frame   0x00000764       0x20 d:/altera/altera_lite/13.1/nios2eds/bin/gnu/h-i686-mingw32/bin/../lib/gcc/nios2-elf/4.7.3/mno-hw-mul\libgcc.a(lib2-mul.o)
 .debug_frame   0x00000784       0x2c ../hello_world_bsp/\libhal_bsp.a(alt_exit.o)

.debug_str      0x00000000     0x1428
 *(.debug_str)
 .debug_str     0x00000000       0xa3 obj/default/hello_world.o
                                 0xe1 (size before relaxing)
 .debug_str     0x000000a3      0x391 d:/altera/altera_lite/13.1/nios2eds/bin/gnu/h-i686-mingw32/bin/../lib/gcc/nios2-elf/4.7.3/../../../../../H-i686-mingw32/nios2-elf/lib/mno-hw-mul\libsmallc.a(lib_a-puts.o)
                                0x463 (size before relaxing)
 .debug_str     0x00000434       0xde d:/altera/altera_lite/13.1/nios2eds/bin/gnu/h-i686-mingw32/bin/../lib/gcc/nios2-elf/4.7.3/../../../../../H-i686-mingw32/nios2-elf/lib/mno-hw-mul\libsmallc.a(lib_a-strlen.o)
                                0x190 (size before relaxing)
 .debug_str     0x00000512       0x82 d:/altera/altera_lite/13.1/nios2eds/bin/gnu/h-i686-mingw32/bin/../lib/gcc/nios2-elf/4.7.3/../../../../../H-i686-mingw32/nios2-elf/lib/mno-hw-mul\libsmallc.a(lib_a-fvwrite_small_dev.o)
                                0x48f (size before relaxing)
 .debug_str     0x00000594       0xfb d:/altera/altera_lite/13.1/nios2eds/bin/gnu/h-i686-mingw32/bin/../lib/gcc/nios2-elf/4.7.3/../../../../../H-i686-mingw32/nios2-elf/lib/mno-hw-mul\libsmallc.a(lib_a-impure.o)
                                0x469 (size before relaxing)
 .debug_str     0x0000068f       0x3d d:/altera/altera_lite/13.1/nios2eds/bin/gnu/h-i686-mingw32/bin/../lib/gcc/nios2-elf/4.7.3/../../../../../H-i686-mingw32/nios2-elf/lib/mno-hw-mul\libsmallc.a(lib_a-writer.o)
                                0x463 (size before relaxing)
 .debug_str     0x000006cc       0x40 d:/altera/altera_lite/13.1/nios2eds/bin/gnu/h-i686-mingw32/bin/../lib/gcc/nios2-elf/4.7.3/../../../../../H-i686-mingw32/nios2-elf/lib/mno-hw-mul\libsmallc.a(lib_a-int_errno.o)
                                0x183 (size before relaxing)
 .debug_str     0x0000070c      0x125 ../hello_world_bsp/\libhal_bsp.a(alt_load.o)
                                0x1c3 (size before relaxing)
 .debug_str     0x00000831       0x70 ../hello_world_bsp/\libhal_bsp.a(alt_main.o)
                                0x14e (size before relaxing)
 .debug_str     0x000008a1      0x166 ../hello_world_bsp/\libhal_bsp.a(alt_write.o)
                                0x2a9 (size before relaxing)
 .debug_str     0x00000a07      0x136 ../hello_world_bsp/\libhal_bsp.a(alt_sys_init.o)
                                0x2bb (size before relaxing)
 .debug_str     0x00000b3d       0x77 ../hello_world_bsp/\libhal_bsp.a(altera_avalon_jtag_uart_fd.o)
                                0x286 (size before relaxing)
 .debug_str     0x00000bb4       0x48 ../hello_world_bsp/\libhal_bsp.a(altera_avalon_jtag_uart_read.o)
                                0x1d0 (size before relaxing)
 .debug_str     0x00000bfc       0x4a ../hello_world_bsp/\libhal_bsp.a(altera_avalon_jtag_uart_write.o)
                                0x1c6 (size before relaxing)
 .debug_str     0x00000c46       0xb6 ../hello_world_bsp/\libhal_bsp.a(altera_avalon_timer_sc.o)
                                0x1fc (size before relaxing)
 .debug_str     0x00000cfc       0x1b ../hello_world_bsp/\libhal_bsp.a(alt_close.o)
                                0x1bc (size before relaxing)
 .debug_str     0x00000d17       0x34 ../hello_world_bsp/\libhal_bsp.a(alt_dcache_flush_all.o)
                                0x106 (size before relaxing)
 .debug_str     0x00000d4b       0x50 ../hello_world_bsp/\libhal_bsp.a(alt_dev.o)
                                0x2b6 (size before relaxing)
 .debug_str     0x00000d9b       0x4b ../hello_world_bsp/\libhal_bsp.a(alt_dev_llist_insert.o)
                                0x17d (size before relaxing)
 .debug_str     0x00000de6       0x14 ../hello_world_bsp/\libhal_bsp.a(alt_errno.o)
                                 0xf6 (size before relaxing)
 .debug_str     0x00000dfa       0x34 ../hello_world_bsp/\libhal_bsp.a(alt_icache_flush_all.o)
                                0x106 (size before relaxing)
 .debug_str     0x00000e2e       0xc4 ../hello_world_bsp/\libhal_bsp.a(alt_iic.o)
                                0x1ef (size before relaxing)
 .debug_str     0x00000ef2       0x4c ../hello_world_bsp/\libhal_bsp.a(alt_iic_isr_register.o)
                                0x199 (size before relaxing)
 .debug_str     0x00000f3e       0x56 ../hello_world_bsp/\libhal_bsp.a(alt_io_redirect.o)
                                0x2c7 (size before relaxing)
 .debug_str     0x00000f94       0x3a ../hello_world_bsp/\libhal_bsp.a(alt_irq_handler.o)
                                0x148 (size before relaxing)
 .debug_str     0x00000fce       0x17 ../hello_world_bsp/\libhal_bsp.a(alt_irq_vars.o)
                                 0xf7 (size before relaxing)
 .debug_str     0x00000fe5       0x2f ../hello_world_bsp/\libhal_bsp.a(alt_open.o)
                                0x1fc (size before relaxing)
 .debug_str     0x00001014       0x28 ../hello_world_bsp/\libhal_bsp.a(alt_release_fd.o)
                                0x190 (size before relaxing)
 .debug_str     0x0000103c       0x78 ../hello_world_bsp/\libhal_bsp.a(alt_tick.o)
                                0x203 (size before relaxing)
 .debug_str     0x000010b4       0x3b ../hello_world_bsp/\libhal_bsp.a(altera_nios2_qsys_irq.o)
                                0x10d (size before relaxing)
 .debug_str     0x000010ef       0x24 ../hello_world_bsp/\libhal_bsp.a(alt_find_dev.o)
                                0x19d (size before relaxing)
 .debug_str     0x00001113       0x26 ../hello_world_bsp/\libhal_bsp.a(alt_find_file.o)
                                0x1ab (size before relaxing)
 .debug_str     0x00001139       0x30 ../hello_world_bsp/\libhal_bsp.a(alt_get_fd.o)
                                0x1cd (size before relaxing)
 .debug_str     0x00001169       0x2c ../hello_world_bsp/\libhal_bsp.a(alt_icache_flush.o)
                                0x10c (size before relaxing)
 .debug_str     0x00001195       0xed d:/altera/altera_lite/13.1/nios2eds/bin/gnu/h-i686-mingw32/bin/../lib/gcc/nios2-elf/4.7.3/../../../../../H-i686-mingw32/nios2-elf/lib/mno-hw-mul\libsmallc.a(lib_a-exit.o)
                                0x19b (size before relaxing)
 .debug_str     0x00001282       0x45 d:/altera/altera_lite/13.1/nios2eds/bin/gnu/h-i686-mingw32/bin/../lib/gcc/nios2-elf/4.7.3/../../../../../H-i686-mingw32/nios2-elf/lib/mno-hw-mul\libsmallc.a(lib_a-memcmp.o)
                                0x18a (size before relaxing)
 .debug_str     0x000012c7       0x64 d:/altera/altera_lite/13.1/nios2eds/bin/gnu/h-i686-mingw32/bin/../lib/gcc/nios2-elf/4.7.3/../../../../../H-i686-mingw32/nios2-elf/lib/mno-hw-mul\libsmallc.a(lib_a-__call_atexit.o)
                                0x494 (size before relaxing)
 .debug_str     0x0000132b       0xd3 d:/altera/altera_lite/13.1/nios2eds/bin/gnu/h-i686-mingw32/bin/../lib/gcc/nios2-elf/4.7.3/mno-hw-mul\libgcc.a(lib2-mul.o)
                                0x12a (size before relaxing)
 .debug_str     0x000013fe       0x2a ../hello_world_bsp/\libhal_bsp.a(alt_exit.o)
                                0x102 (size before relaxing)

.debug_loc      0x00000000      0xd6c
 *(.debug_loc)
 .debug_loc     0x00000000       0x2c obj/default/hello_world.o
 .debug_loc     0x0000002c       0xb7 d:/altera/altera_lite/13.1/nios2eds/bin/gnu/h-i686-mingw32/bin/../lib/gcc/nios2-elf/4.7.3/../../../../../H-i686-mingw32/nios2-elf/lib/mno-hw-mul\libsmallc.a(lib_a-puts.o)
 .debug_loc     0x000000e3       0x29 d:/altera/altera_lite/13.1/nios2eds/bin/gnu/h-i686-mingw32/bin/../lib/gcc/nios2-elf/4.7.3/../../../../../H-i686-mingw32/nios2-elf/lib/mno-hw-mul\libsmallc.a(lib_a-strlen.o)
 .debug_loc     0x0000010c      0x19e d:/altera/altera_lite/13.1/nios2eds/bin/gnu/h-i686-mingw32/bin/../lib/gcc/nios2-elf/4.7.3/../../../../../H-i686-mingw32/nios2-elf/lib/mno-hw-mul\libsmallc.a(lib_a-fvwrite_small_dev.o)
 .debug_loc     0x000002aa       0xde d:/altera/altera_lite/13.1/nios2eds/bin/gnu/h-i686-mingw32/bin/../lib/gcc/nios2-elf/4.7.3/../../../../../H-i686-mingw32/nios2-elf/lib/mno-hw-mul\libsmallc.a(lib_a-writer.o)
 .debug_loc     0x00000388       0x58 ../hello_world_bsp/\libhal_bsp.a(alt_load.o)
 .debug_loc     0x000003e0       0x2c ../hello_world_bsp/\libhal_bsp.a(alt_main.o)
 .debug_loc     0x0000040c       0x58 ../hello_world_bsp/\libhal_bsp.a(alt_write.o)
 .debug_loc     0x00000464       0x84 ../hello_world_bsp/\libhal_bsp.a(alt_sys_init.o)
 .debug_loc     0x000004e8       0x58 ../hello_world_bsp/\libhal_bsp.a(altera_avalon_jtag_uart_fd.o)
 .debug_loc     0x00000540       0x2c ../hello_world_bsp/\libhal_bsp.a(altera_avalon_jtag_uart_read.o)
 .debug_loc     0x0000056c       0x2c ../hello_world_bsp/\libhal_bsp.a(altera_avalon_jtag_uart_write.o)
 .debug_loc     0x00000598       0x58 ../hello_world_bsp/\libhal_bsp.a(altera_avalon_timer_sc.o)
 .debug_loc     0x000005f0       0x58 ../hello_world_bsp/\libhal_bsp.a(alt_close.o)
 .debug_loc     0x00000648       0x2c ../hello_world_bsp/\libhal_bsp.a(alt_dcache_flush_all.o)
 .debug_loc     0x00000674       0x2c ../hello_world_bsp/\libhal_bsp.a(alt_dev.o)
 .debug_loc     0x000006a0       0x58 ../hello_world_bsp/\libhal_bsp.a(alt_dev_llist_insert.o)
 .debug_loc     0x000006f8       0x2c ../hello_world_bsp/\libhal_bsp.a(alt_icache_flush_all.o)
 .debug_loc     0x00000724       0xb0 ../hello_world_bsp/\libhal_bsp.a(alt_iic.o)
 .debug_loc     0x000007d4       0x2c ../hello_world_bsp/\libhal_bsp.a(alt_iic_isr_register.o)
 .debug_loc     0x00000800       0x58 ../hello_world_bsp/\libhal_bsp.a(alt_io_redirect.o)
 .debug_loc     0x00000858       0x2c ../hello_world_bsp/\libhal_bsp.a(alt_irq_handler.o)
 .debug_loc     0x00000884       0x84 ../hello_world_bsp/\libhal_bsp.a(alt_open.o)
 .debug_loc     0x00000908       0x2c ../hello_world_bsp/\libhal_bsp.a(alt_release_fd.o)
 .debug_loc     0x00000934       0x58 ../hello_world_bsp/\libhal_bsp.a(alt_tick.o)
 .debug_loc     0x0000098c       0x2c ../hello_world_bsp/\libhal_bsp.a(altera_nios2_qsys_irq.o)
 .debug_loc     0x000009b8       0x2c ../hello_world_bsp/\libhal_bsp.a(alt_find_dev.o)
 .debug_loc     0x000009e4       0x2c ../hello_world_bsp/\libhal_bsp.a(alt_find_file.o)
 .debug_loc     0x00000a10       0x2c ../hello_world_bsp/\libhal_bsp.a(alt_get_fd.o)
 .debug_loc     0x00000a3c       0x2c ../hello_world_bsp/\libhal_bsp.a(alt_icache_flush.o)
 .debug_loc     0x00000a68       0x3e d:/altera/altera_lite/13.1/nios2eds/bin/gnu/h-i686-mingw32/bin/../lib/gcc/nios2-elf/4.7.3/../../../../../H-i686-mingw32/nios2-elf/lib/mno-hw-mul\libsmallc.a(lib_a-exit.o)
 .debug_loc     0x00000aa6       0x6f d:/altera/altera_lite/13.1/nios2eds/bin/gnu/h-i686-mingw32/bin/../lib/gcc/nios2-elf/4.7.3/../../../../../H-i686-mingw32/nios2-elf/lib/mno-hw-mul\libsmallc.a(lib_a-memcmp.o)
 .debug_loc     0x00000b15      0x198 d:/altera/altera_lite/13.1/nios2eds/bin/gnu/h-i686-mingw32/bin/../lib/gcc/nios2-elf/4.7.3/../../../../../H-i686-mingw32/nios2-elf/lib/mno-hw-mul\libsmallc.a(lib_a-__call_atexit.o)
 .debug_loc     0x00000cad       0x93 d:/altera/altera_lite/13.1/nios2eds/bin/gnu/h-i686-mingw32/bin/../lib/gcc/nios2-elf/4.7.3/mno-hw-mul\libgcc.a(lib2-mul.o)
 .debug_loc     0x00000d40       0x2c ../hello_world_bsp/\libhal_bsp.a(alt_exit.o)

.debug_macinfo
 *(.debug_macinfo)

.debug_weaknames
 *(.debug_weaknames)

.debug_funcnames
 *(.debug_funcnames)

.debug_typenames
 *(.debug_typenames)

.debug_varnames
 *(.debug_varnames)

.debug_alt_sim_info
                0x00000000       0x20
 *(.debug_alt_sim_info)
 .debug_alt_sim_info
                0x00000000       0x20 ../hello_world_bsp//obj/HAL/src/crt0.o
                0x0000d000                __alt_data_end = 0xd000
                0x0000d000                PROVIDE (__alt_stack_pointer, __alt_data_end)
                0x0000a304                PROVIDE (__alt_stack_limit, __alt_stack_base)
                0x0000a304                PROVIDE (__alt_heap_start, end)
                0x0000d000                PROVIDE (__alt_heap_limit, 0xd000)
OUTPUT(hello_world.elf elf32-littlenios2)

.debug_ranges   0x00000000      0x100
 .debug_ranges  0x00000000       0x20 ../hello_world_bsp//obj/HAL/src/crt0.o
 .debug_ranges  0x00000020       0x18 d:/altera/altera_lite/13.1/nios2eds/bin/gnu/h-i686-mingw32/bin/../lib/gcc/nios2-elf/4.7.3/../../../../../H-i686-mingw32/nios2-elf/lib/mno-hw-mul\libsmallc.a(lib_a-fvwrite_small_dev.o)
 .debug_ranges  0x00000038       0x18 ../hello_world_bsp/\libhal_bsp.a(altera_avalon_jtag_uart_read.o)
 .debug_ranges  0x00000050       0x30 ../hello_world_bsp/\libhal_bsp.a(alt_iic.o)
 .debug_ranges  0x00000080       0x28 ../hello_world_bsp/\libhal_bsp.a(alt_irq_entry.o)
 .debug_ranges  0x000000a8       0x10 ../hello_world_bsp/\libhal_bsp.a(alt_irq_handler.o)
 .debug_ranges  0x000000b8       0x30 ../hello_world_bsp/\libhal_bsp.a(alt_exception_entry.o)
 .debug_ranges  0x000000e8       0x18 d:/altera/altera_lite/13.1/nios2eds/bin/gnu/h-i686-mingw32/bin/../lib/gcc/nios2-elf/4.7.3/../../../../../H-i686-mingw32/nios2-elf/lib/mno-hw-mul\libsmallc.a(lib_a-__call_atexit.o)
