Archive member included because of file (symbol)

d:/altera/altera_lite/13.1/nios2eds/bin/gnu/h-i686-mingw32/bin/../lib/gcc/nios2-elf/4.7.3/mno-hw-mul\libgcc.a(_addsub_sf.o)
                              obj/default/hello_world.o (__addsf3)
d:/altera/altera_lite/13.1/nios2eds/bin/gnu/h-i686-mingw32/bin/../lib/gcc/nios2-elf/4.7.3/mno-hw-mul\libgcc.a(_mul_sf.o)
                              obj/default/hello_world.o (__mulsf3)
d:/altera/altera_lite/13.1/nios2eds/bin/gnu/h-i686-mingw32/bin/../lib/gcc/nios2-elf/4.7.3/mno-hw-mul\libgcc.a(_sf_to_df.o)
                              obj/default/hello_world.o (__extendsfdf2)
d:/altera/altera_lite/13.1/nios2eds/bin/gnu/h-i686-mingw32/bin/../lib/gcc/nios2-elf/4.7.3/mno-hw-mul\libgcc.a(_thenan_sf.o)
                              d:/altera/altera_lite/13.1/nios2eds/bin/gnu/h-i686-mingw32/bin/../lib/gcc/nios2-elf/4.7.3/mno-hw-mul\libgcc.a(_addsub_sf.o) (__thenan_sf)
d:/altera/altera_lite/13.1/nios2eds/bin/gnu/h-i686-mingw32/bin/../lib/gcc/nios2-elf/4.7.3/mno-hw-mul\libgcc.a(_addsub_df.o)
                              obj/default/hello_world.o (__adddf3)
d:/altera/altera_lite/13.1/nios2eds/bin/gnu/h-i686-mingw32/bin/../lib/gcc/nios2-elf/4.7.3/mno-hw-mul\libgcc.a(_make_df.o)
                              d:/altera/altera_lite/13.1/nios2eds/bin/gnu/h-i686-mingw32/bin/../lib/gcc/nios2-elf/4.7.3/mno-hw-mul\libgcc.a(_sf_to_df.o) (__make_dp)
d:/altera/altera_lite/13.1/nios2eds/bin/gnu/h-i686-mingw32/bin/../lib/gcc/nios2-elf/4.7.3/mno-hw-mul\libgcc.a(_df_to_sf.o)
                              obj/default/hello_world.o (__truncdfsf2)
d:/altera/altera_lite/13.1/nios2eds/bin/gnu/h-i686-mingw32/bin/../lib/gcc/nios2-elf/4.7.3/mno-hw-mul\libgcc.a(_thenan_df.o)
                              d:/altera/altera_lite/13.1/nios2eds/bin/gnu/h-i686-mingw32/bin/../lib/gcc/nios2-elf/4.7.3/mno-hw-mul\libgcc.a(_addsub_df.o) (__thenan_df)
d:/altera/altera_lite/13.1/nios2eds/bin/gnu/h-i686-mingw32/bin/../lib/gcc/nios2-elf/4.7.3/mno-hw-mul\libgcc.a(_muldi3.o)
                              d:/altera/altera_lite/13.1/nios2eds/bin/gnu/h-i686-mingw32/bin/../lib/gcc/nios2-elf/4.7.3/mno-hw-mul\libgcc.a(_mul_sf.o) (__muldi3)
d:/altera/altera_lite/13.1/nios2eds/bin/gnu/h-i686-mingw32/bin/../lib/gcc/nios2-elf/4.7.3/mno-hw-mul\libgcc.a(_pack_sf.o)
                              d:/altera/altera_lite/13.1/nios2eds/bin/gnu/h-i686-mingw32/bin/../lib/gcc/nios2-elf/4.7.3/mno-hw-mul\libgcc.a(_addsub_sf.o) (__pack_f)
d:/altera/altera_lite/13.1/nios2eds/bin/gnu/h-i686-mingw32/bin/../lib/gcc/nios2-elf/4.7.3/mno-hw-mul\libgcc.a(_unpack_sf.o)
                              d:/altera/altera_lite/13.1/nios2eds/bin/gnu/h-i686-mingw32/bin/../lib/gcc/nios2-elf/4.7.3/mno-hw-mul\libgcc.a(_addsub_sf.o) (__unpack_f)
d:/altera/altera_lite/13.1/nios2eds/bin/gnu/h-i686-mingw32/bin/../lib/gcc/nios2-elf/4.7.3/mno-hw-mul\libgcc.a(_make_sf.o)
                              d:/altera/altera_lite/13.1/nios2eds/bin/gnu/h-i686-mingw32/bin/../lib/gcc/nios2-elf/4.7.3/mno-hw-mul\libgcc.a(_df_to_sf.o) (__make_fp)
d:/altera/altera_lite/13.1/nios2eds/bin/gnu/h-i686-mingw32/bin/../lib/gcc/nios2-elf/4.7.3/mno-hw-mul\libgcc.a(_pack_df.o)
                              d:/altera/altera_lite/13.1/nios2eds/bin/gnu/h-i686-mingw32/bin/../lib/gcc/nios2-elf/4.7.3/mno-hw-mul\libgcc.a(_addsub_df.o) (__pack_d)
d:/altera/altera_lite/13.1/nios2eds/bin/gnu/h-i686-mingw32/bin/../lib/gcc/nios2-elf/4.7.3/mno-hw-mul\libgcc.a(_unpack_df.o)
                              d:/altera/altera_lite/13.1/nios2eds/bin/gnu/h-i686-mingw32/bin/../lib/gcc/nios2-elf/4.7.3/mno-hw-mul\libgcc.a(_addsub_df.o) (__unpack_d)
d:/altera/altera_lite/13.1/nios2eds/bin/gnu/h-i686-mingw32/bin/../lib/gcc/nios2-elf/4.7.3/mno-hw-mul\libgcc.a(lib2-mul.o)
                              d:/altera/altera_lite/13.1/nios2eds/bin/gnu/h-i686-mingw32/bin/../lib/gcc/nios2-elf/4.7.3/mno-hw-mul\libgcc.a(_muldi3.o) (__mulsi3)
d:/altera/altera_lite/13.1/nios2eds/bin/gnu/h-i686-mingw32/bin/../lib/gcc/nios2-elf/4.7.3/mno-hw-mul\libgcc.a(_lshrdi3.o)
                              d:/altera/altera_lite/13.1/nios2eds/bin/gnu/h-i686-mingw32/bin/../lib/gcc/nios2-elf/4.7.3/mno-hw-mul\libgcc.a(_pack_df.o) (__lshrdi3)
d:/altera/altera_lite/13.1/nios2eds/bin/gnu/h-i686-mingw32/bin/../lib/gcc/nios2-elf/4.7.3/mno-hw-mul\libgcc.a(_ashldi3.o)
                              d:/altera/altera_lite/13.1/nios2eds/bin/gnu/h-i686-mingw32/bin/../lib/gcc/nios2-elf/4.7.3/mno-hw-mul\libgcc.a(_pack_df.o) (__ashldi3)
d:/altera/altera_lite/13.1/nios2eds/bin/gnu/h-i686-mingw32/bin/../lib/gcc/nios2-elf/4.7.3/../../../../../H-i686-mingw32/nios2-elf/lib/mno-hw-mul\libsmallc.a(lib_a-printf.o)
                              obj/default/hello_world.o (printf)
d:/altera/altera_lite/13.1/nios2eds/bin/gnu/h-i686-mingw32/bin/../lib/gcc/nios2-elf/4.7.3/../../../../../H-i686-mingw32/nios2-elf/lib/mno-hw-mul\libsmallc.a(lib_a-vfprintf.o)
[...]
Memory Configuration

Name             Origin             Length             Attributes
reset            0x00800000         0x00000020
sdram            0x00800020         0x007fffe0
onchip_mem       0x01010000         0x00009e34
*default*        0x00000000         0xffffffff

Linker script and memory map

LOAD ../hello_world_bsp//obj/HAL/src/crt0.o
LOAD obj/default/hello_world.o
LOAD d:/altera/altera_lite/13.1/nios2eds/bin/gnu/h-i686-mingw32/bin/../lib/gcc/nios2-elf/4.7.3/../../../../../H-i686-mingw32/nios2-elf/lib/mno-hw-mul\libstdc++.a
LOAD d:/altera/altera_lite/13.1/nios2eds/bin/gnu/h-i686-mingw32/bin/../lib/gcc/nios2-elf/4.7.3/../../../../../H-i686-mingw32/nios2-elf/lib/mno-hw-mul\libm.a
LOAD d:/altera/altera_lite/13.1/nios2eds/bin/gnu/h-i686-mingw32/bin/../lib/gcc/nios2-elf/4.7.3/mno-hw-mul\libgcc.a
START GROUP
LOAD d:/altera/altera_lite/13.1/nios2eds/bin/gnu/h-i686-mingw32/bin/../lib/gcc/nios2-elf/4.7.3/../../../../../H-i686-mingw32/nios2-elf/lib/mno-hw-mul\libsmallc.a
LOAD d:/altera/altera_lite/13.1/nios2eds/bin/gnu/h-i686-mingw32/bin/../lib/gcc/nios2-elf/4.7.3/mno-hw-mul\libgcc.a
LOAD ../hello_world_bsp/\libhal_bsp.a
END GROUP
LOAD d:/altera/altera_lite/13.1/nios2eds/bin/gnu/h-i686-mingw32/bin/../lib/gcc/nios2-elf/4.7.3/mno-hw-mul\libgcc.a
                0x00800000                __alt_mem_sdram = 0x800000
                0x01010000                __alt_mem_onchip_mem = 0x1010000

.entry          0x00800000       0x20
 *(.entry)
 .entry         0x00800000       0x20 ../hello_world_bsp//obj/HAL/src/crt0.o
                0x00800000                __reset

.exceptions     0x00800020      0x198
                0x00800020                PROVIDE (__ram_exceptions_start, ABSOLUTE (.))
                0x00800020                . = ALIGN (0x20)
 *(.irq)
 *(.exceptions.entry.label)
 .exceptions.entry.label
                0x00800020        0x0 ../hello_world_bsp/\libhal_bsp.a(alt_irq_entry.o)
                0x00800020                alt_irq_entry
 .exceptions.entry.label
                0x00800020        0x0 ../hello_world_bsp/\libhal_bsp.a(alt_exception_entry.o)
                0x00800020                alt_exception
 *(.exceptions.entry.user)
 *(.exceptions.entry.ecc_fatal)
 *(.exceptions.entry)
 .exceptions.entry
                0x00800020       0x54 ../hello_world_bsp/\libhal_bsp.a(alt_exception_entry.o)
 *(.exceptions.irqtest.user)
 *(.exceptions.irqtest)
 .exceptions.irqtest
                0x00800074       0x10 ../hello_world_bsp/\libhal_bsp.a(alt_irq_entry.o)
 *(.exceptions.irqhandler.user)
 *(.exceptions.irqhandler)
 .exceptions.irqhandler
                0x00800084        0x4 ../hello_world_bsp/\libhal_bsp.a(alt_irq_entry.o)
 *(.exceptions.irqreturn.user)
 *(.exceptions.irqreturn)
 .exceptions.irqreturn
                0x00800088        0x4 ../hello_world_bsp/\libhal_bsp.a(alt_irq_entry.o)
 *(.exceptions.notirq.label)
 .exceptions.notirq.label
                0x0080008c        0x0 ../hello_world_bsp/\libhal_bsp.a(alt_irq_entry.o)
 *(.exceptions.notirq.user)
 *(.exceptions.notirq)
 .exceptions.notirq
                0x0080008c        0x8 ../hello_world_bsp/\libhal_bsp.a(alt_exception_entry.o)
 *(.exceptions.soft.user)
 *(.exceptions.soft)
 *(.exceptions.unknown.user)
 *(.exceptions.unknown)
 .exceptions.unknown
                0x00800094        0x4 ../hello_world_bsp/\libhal_bsp.a(alt_exception_entry.o)
 *(.exceptions.exit.label)
 .exceptions.exit.label
                0x00800098        0x0 ../hello_world_bsp/\libhal_bsp.a(alt_irq_entry.o)
 .exceptions.exit.label
                0x00800098        0x0 ../hello_world_bsp/\libhal_bsp.a(alt_exception_entry.o)
 *(.exceptions.exit.user)
 *(.exceptions.exit)
 .exceptions.exit
                0x00800098       0x54 ../hello_world_bsp/\libhal_bsp.a(alt_exception_entry.o)
 *(.exceptions)
 .exceptions    0x008000ec       0xcc ../hello_world_bsp/\libhal_bsp.a(alt_irq_handler.o)
                0x008000ec                alt_irq_handler
                0x008001b8                PROVIDE (__ram_exceptions_end, ABSOLUTE (.))
                0x00800020                PROVIDE (__flash_exceptions_start, LOADADDR (.exceptions))

.text           0x008001b8     0x3840
                0x008001b8                PROVIDE (stext, ABSOLUTE (.))
 *(.interp)
 *(.hash)
 *(.dynsym)
 *(.dynstr)
 *(.gnu.version)
 *(.gnu.version_d)
 *(.gnu.version_r)
 *(.rel.init)
 *(.rela.init)
 *(.rel.text .rel.text.* .rel.gnu.linkonce.t.*)
 *(.rela.text .rela.text.* .rela.gnu.linkonce.t.*)
 *(.rel.fini)
 *(.rela.fini)
 *(.rel.rodata .rel.rodata.* .rel.gnu.linkonce.r.*)
 *(.rela.rodata .rela.rodata.* .rela.gnu.linkonce.r.*)
 *(.rel.data .rel.data.* .rel.gnu.linkonce.d.*)
 *(.rela.data .rela.data.* .rela.gnu.linkonce.d.*)
 *(.rel.tdata .rel.tdata.* .rel.gnu.linkonce.td.*)
 *(.rela.tdata .rela.tdata.* .rela.gnu.linkonce.td.*)
 *(.rel.tbss .rel.tbss.* .rel.gnu.linkonce.tb.*)
 *(.rela.tbss .rela.tbss.* .rela.gnu.linkonce.tb.*)
 *(.rel.ctors)
 *(.rela.ctors)
 *(.rel.dtors)
 *(.rela.dtors)
 *(.rel.got)
 *(.rela.got)
 *(.rel.sdata .rel.sdata.* .rel.gnu.linkonce.s.*)
 *(.rela.sdata .rela.sdata.* .rela.gnu.linkonce.s.*)
 *(.rel.sbss .rel.sbss.* .rel.gnu.linkonce.sb.*)
 *(.rela.sbss .rela.sbss.* .rela.gnu.linkonce.sb.*)
 *(.rel.sdata2 .rel.sdata2.* .rel.gnu.linkonce.s2.*)
 *(.rela.sdata2 .rela.sdata2.* .rela.gnu.linkonce.s2.*)
 *(.rel.sbss2 .rel.sbss2.* .rel.gnu.linkonce.sb2.*)
 *(.rela.sbss2 .rela.sbss2.* .rela.gnu.linkonce.sb2.*)
 *(.rel.bss .rel.bss.* .rel.gnu.linkonce.b.*)
 *(.rela.bss .rela.bss.* .rela.gnu.linkonce.b.*)
 *(.rel.plt)
 *(.rela.plt)
 *(.rel.dyn)
 *(.init)
 *(.plt)
 *(.text .stub .text.* .gnu.linkonce.t.*)
 .text          0x008001b8       0x3c ../hello_world_bsp//obj/HAL/src/crt0.o
                0x008001b8                _start
 .text          0x008001f4      0x2a8 obj/default/hello_world.o
                0x008001f4                generateVector
                0x008002d4                sumVector
                0x00800384                main
 .text          0x0080049c      0x298 d:/altera/altera_lite/13.1/nios2eds/bin/gnu/h-i686-mingw32/bin/../lib/gcc/nios2-elf/4.7.3/mno-hw-mul\libgcc.a(_addsub_sf.o)
                0x00800690                __addsf3
                0x008006dc                __subsf3
 .text          0x00800734      0x190 d:/altera/altera_lite/13.1/nios2eds/bin/gnu/h-i686-mingw32/bin/../lib/gcc/nios2-elf/4.7.3/mno-hw-mul\libgcc.a(_mul_sf.o)
                0x00800734                __mulsf3
 .text          0x008008c4       0x44 d:/altera/altera_lite/13.1/nios2eds/bin/gnu/h-i686-mingw32/bin/../lib/gcc/nios2-elf/4.7.3/mno-hw-mul\libgcc.a(_sf_to_df.o)
                0x008008c4                __extendsfdf2
 .text          0x00800908        0x0 d:/altera/altera_lite/13.1/nios2eds/bin/gnu/h-i686-mingw32/bin/../lib/gcc/nios2-elf/4.7.3/mno-hw-mul\libgcc.a(_thenan_sf.o)
 .text          0x00800908      0x408 d:/altera/altera_lite/13.1/nios2eds/bin/gnu/h-i686-mingw32/bin/../lib/gcc/nios2-elf/4.7.3/mno-hw-mul\libgcc.a(_addsub_df.o)
                0x00800c5c                __adddf3
                0x00800cb0                __subdf3
 .text          0x00800d10       0x38 d:/altera/altera_lite/13.1/nios2eds/bin/gnu/h-i686-mingw32/bin/../lib/gcc/nios2-elf/4.7.3/mno-hw-mul\libgcc.a(_make_df.o)
                0x00800d10                __make_dp
 .text          0x00800d48       0x60 d:/altera/altera_lite/13.1/nios2eds/bin/gnu/h-i686-mingw32/bin/../lib/gcc/nios2-elf/4.7.3/mno-hw-mul\libgcc.a(_df_to_sf.o)
                0x00800d48                __truncdfsf2
 .text          0x00800da8        0x0 d:/altera/altera_lite/13.1/nios2eds/bin/gnu/h-i686-mingw32/bin/../lib/gcc/nios2-elf/4.7.3/mno-hw-mul\libgcc.a(_thenan_df.o)
 .text          0x00800da8      0x110 d:/altera/altera_lite/13.1/nios2eds/bin/gnu/h-i686-mingw32/bin/../lib/gcc/nios2-elf/4.7.3/mno-hw-mul\libgcc.a(_muldi3.o)
                0x00800da8                __muldi3
 .text          0x00800eb8      0x12c d:/altera/altera_lite/13.1/nios2eds/bin/gnu/h-i686-mingw32/bin/../lib/gcc/nios2-elf/4.7.3/mno-hw-mul\libgcc.a(_pack_sf.o)
                0x00800eb8                __pack_f
 .text          0x00800fe4       0xc8 d:/altera/altera_lite/13.1/nios2eds/bin/gnu/h-i686-mingw32/bin/../lib/gcc/nios2-elf/4.7.3/mno-hw-mul\libgcc.a(_unpack_sf.o)
                0x00800fe4                __unpack_f
 .text          0x008010ac       0x2c d:/altera/altera_lite/13.1/nios2eds/bin/gnu/h-i686-mingw32/bin/../lib/gcc/nios2-elf/4.7.3/mno-hw-mul\libgcc.a(_make_sf.o)
                0x008010ac                __make_fp
 .text          0x008010d8      0x224 d:/altera/altera_lite/13.1/nios2eds/bin/gnu/h-i686-mingw32/bin/../lib/gcc/nios2-elf/4.7.3/mno-hw-mul\libgcc.a(_pack_df.o)
                0x008010d8                __pack_d
 .text          0x008012fc      0x104 d:/altera/altera_lite/13.1/nios2eds/bin/gnu/h-i686-mingw32/bin/../lib/gcc/nios2-elf/4.7.3/mno-hw-mul\libgcc.a(_unpack_df.o)
                0x008012fc                __unpack_d
 .text          0x00801400       0x28 d:/altera/altera_lite/13.1/nios2eds/bin/gnu/h-i686-mingw32/bin/../lib/gcc/nios2-elf/4.7.3/mno-hw-mul\libgcc.a(lib2-mul.o)
                0x00801400                __mulsi3
 .text          0x00801428       0x44 d:/altera/altera_lite/13.1/nios2eds/bin/gnu/h-i686-mingw32/bin/../lib/gcc/nios2-elf/4.7.3/mno-hw-mul\libgcc.a(_lshrdi3.o)
                0x00801428                __lshrdi3
 .text          0x0080146c       0x44 d:/altera/altera_lite/13.1/nios2eds/bin/gnu/h-i686-mingw32/bin/../lib/gcc/nios2-elf/4.7.3/mno-hw-mul\libgcc.a(_ashldi3.o)
                0x0080146c                __ashldi3
 .text          0x008014b0       0x88 d:/altera/altera_lite/13.1/nios2eds/bin/gnu/h-i686-mingw32/bin/../lib/gcc/nios2-elf/4.7.3/../../../../../H-i686-mingw32/nios2-elf/lib/mno-hw-mul\libsmallc.a(lib_a-printf.o)
                0x008014b0                _printf_r
                0x008014ec                printf
 .text          0x00801538      0x758 d:/altera/altera_lite/13.1/nios2eds/bin/gnu/h-i686-mingw32/bin/../lib/gcc/nios2-elf/4.7.3/../../../../../H-i686-mingw32/nios2-elf/lib/mno-hw-mul\libsmallc.a(lib_a-vfprintf.o)
                0x00801538                ___vfprintf_internal_r
                0x00801c6c                __vfprintf_internal
 .text          0x00801c90       0xe0 d:/altera/altera_lite/13.1/nios2eds/bin/gnu/h-i686-mingw32/bin/../lib/gcc/nios2-elf/4.7.3/../../../../../H-i686-mingw32/nios2-elf/lib/mno-hw-mul\libsmallc.a(lib_a-fvwrite_small_dev.o)
                0x00801c90                __sfvwrite_small_dev
 .text          0x00801d70        0x0 d:/altera/altera_lite/13.1/nios2eds/bin/gnu/h-i686-mingw32/bin/../lib/gcc/nios2-elf/4.7.3/../../../../../H-i686-mingw32/nios2-elf/lib/mno-hw-mul\libsmallc.a(lib_a-impure.o)
 .text          0x00801d70       0x28 d:/altera/altera_lite/13.1/nios2eds/bin/gnu/h-i686-mingw32/bin/../lib/gcc/nios2-elf/4.7.3/../../../../../H-i686-mingw32/nios2-elf/lib/mno-hw-mul\libsmallc.a(lib_a-strlen.o)
                0x00801d70                strlen
 .text          0x00801d98       0x6c d:/altera/altera_lite/13.1/nios2eds/bin/gnu/h-i686-mingw32/bin/../lib/gcc/nios2-elf/4.7.3/../../../../../H-i686-mingw32/nios2-elf/lib/mno-hw-mul\libsmallc.a(lib_a-writer.o)
                0x00801d98                _write_r
 .text          0x00801e04        0x0 d:/altera/altera_lite/13.1/nios2eds/bin/gnu/h-i686-mingw32/bin/../lib/gcc/nios2-elf/4.7.3/../../../../../H-i686-mingw32/nios2-elf/lib/mno-hw-mul\libsmallc.a(lib_a-int_errno.o)
 .text          0x00801e04      0x130 d:/altera/altera_lite/13.1/nios2eds/bin/gnu/h-i686-mingw32/bin/../lib/gcc/nios2-elf/4.7.3/mno-hw-mul\libgcc.a(lib2-divmod.o)
                0x00801e78                __divsi3
                0x00801ec8                __modsi3
                0x00801f24                __udivsi3
                0x00801f2c                __umodsi3
 .text          0x00801f34       0xec ../hello_world_bsp/\libhal_bsp.a(alt_load.o)
                0x00801fa0                alt_load
 .text          0x00802020       0x78 ../hello_world_bsp/\libhal_bsp.a(alt_main.o)
                0x00802020                alt_main
 .text          0x00802098       0xd4 ../hello_world_bsp/\libhal_bsp.a(alt_times.o)
                0x008020e8                times
 .text          0x0080216c      0x140 ../hello_world_bsp/\libhal_bsp.a(alt_write.o)
                0x008021bc                write
 .text          0x008022ac       0xb8 ../hello_world_bsp/\libhal_bsp.a(alt_sys_init.o)
                0x008022e4                alt_irq_init
                0x00802318                alt_sys_init
 .text          0x00802364       0xc0 ../hello_world_bsp/\libhal_bsp.a(altera_avalon_jtag_uart_fd.o)
                0x00802364                altera_avalon_jtag_uart_read_fd
                0x008023c4                altera_avalon_jtag_uart_write_fd
 .text          0x00802424       0xf4 ../hello_world_bsp/\libhal_bsp.a(altera_avalon_jtag_uart_read.o)
                0x00802424                altera_avalon_jtag_uart_read
 .text          0x00802518       0x98 ../hello_world_bsp/\libhal_bsp.a(altera_avalon_jtag_uart_write.o)
                0x00802518                altera_avalon_jtag_uart_write
 .text          0x008025b0       0xfc ../hello_world_bsp/\libhal_bsp.a(altera_avalon_timer_sc.o)
                0x00802624                alt_avalon_timer_sc_init
 .text          0x008026ac      0x11c ../hello_world_bsp/\libhal_bsp.a(alt_close.o)
                0x008026fc                close
 .text          0x008027c8       0x1c ../hello_world_bsp/\libhal_bsp.a(alt_dcache_flush_all.o)
                0x008027c8                alt_dcache_flush_all
 .text          0x008027e4       0x2c ../hello_world_bsp/\libhal_bsp.a(alt_dev.o)
 .text          0x00802810       0xf0 ../hello_world_bsp/\libhal_bsp.a(alt_dev_llist_insert.o)
                0x00802860                alt_dev_llist_insert
 .text          0x00802900       0x5c ../hello_world_bsp/\libhal_bsp.a(alt_do_ctors.o)
                0x00802900                _do_ctors
 .text          0x0080295c       0x5c ../hello_world_bsp/\libhal_bsp.a(alt_do_dtors.o)
                0x0080295c                _do_dtors
 .text          0x008029b8        0x0 ../hello_world_bsp/\libhal_bsp.a(alt_errno.o)
 .text          0x008029b8       0x30 ../hello_world_bsp/\libhal_bsp.a(alt_icache_flush_all.o)
                0x008029b8                alt_icache_flush_all
 .text          0x008029e8      0x1d8 ../hello_world_bsp/\libhal_bsp.a(alt_iic.o)
                0x008029e8                alt_ic_isr_register
                0x00802a38                alt_ic_irq_enable
                0x00802ad4                alt_ic_irq_disable
                0x00802b74                alt_ic_irq_enabled
 .text          0x00802bc0       0xf0 ../hello_world_bsp/\libhal_bsp.a(alt_iic_isr_register.o)
                0x00802bc0                alt_iic_isr_register
 .text          0x00802cb0      0x158 ../hello_world_bsp/\libhal_bsp.a(alt_io_redirect.o)
                0x00802d90                alt_io_redirect
 .text          0x00802e08        0x0 ../hello_world_bsp/\libhal_bsp.a(alt_irq_entry.o)
 .text          0x00802e08        0x0 ../hello_world_bsp/\libhal_bsp.a(alt_irq_handler.o)
 .text          0x00802e08        0x0 ../hello_world_bsp/\libhal_bsp.a(alt_irq_vars.o)
 .text          0x00802e08      0x298 ../hello_world_bsp/\libhal_bsp.a(alt_open.o)
                0x00802f48                open
 .text          0x008030a0       0x80 ../hello_world_bsp/\libhal_bsp.a(alt_release_fd.o)
                0x008030a0                alt_release_fd
 .text          0x00803120      0x19c ../hello_world_bsp/\libhal_bsp.a(alt_tick.o)
                0x00803120                alt_alarm_stop
                0x008031b8                alt_tick
 .text          0x008032bc       0x20 ../hello_world_bsp/\libhal_bsp.a(altera_nios2_qsys_irq.o)
                0x008032bc                altera_nios2_qsys_irq_init
 .text          0x008032dc        0x0 ../hello_world_bsp/\libhal_bsp.a(alt_exception_entry.o)
 .text          0x008032dc       0x90 ../hello_world_bsp/\libhal_bsp.a(alt_find_dev.o)
                0x008032dc                alt_find_dev
 .text          0x0080336c      0x114 ../hello_world_bsp/\libhal_bsp.a(alt_find_file.o)
                0x0080336c                alt_find_file
 .text          0x00803480       0xd4 ../hello_world_bsp/\libhal_bsp.a(alt_get_fd.o)
                0x00803480                alt_get_fd
 .text          0x00803554       0x8c ../hello_world_bsp/\libhal_bsp.a(alt_icache_flush.o)
                0x00803554                alt_icache_flush
 .text          0x008035e0       0x14 d:/altera/altera_lite/13.1/nios2eds/bin/gnu/h-i686-mingw32/bin/../lib/gcc/nios2-elf/4.7.3/../../../../../H-i686-mingw32/nios2-elf/lib/mno-hw-mul\libsmallc.a(lib_a-atexit.o)
                0x008035e0                atexit
 .text          0x008035f4       0x20 d:/altera/altera_lite/13.1/nios2eds/bin/gnu/h-i686-mingw32/bin/../lib/gcc/nios2-elf/4.7.3/../../../../../H-i686-mingw32/nios2-elf/lib/mno-hw-mul\libsmallc.a(lib_a-exit.o)
                0x008035f4                exit
 .text          0x00803614       0x48 d:/altera/altera_lite/13.1/nios2eds/bin/gnu/h-i686-mingw32/bin/../lib/gcc/nios2-elf/4.7.3/../../../../../H-i686-mingw32/nios2-elf/lib/mno-hw-mul\libsmallc.a(lib_a-memcmp.o)
                0x00803614                memcmp
 .text          0x0080365c      0x188 d:/altera/altera_lite/13.1/nios2eds/bin/gnu/h-i686-mingw32/bin/../lib/gcc/nios2-elf/4.7.3/../../../../../H-i686-mingw32/nios2-elf/lib/mno-hw-mul\libsmallc.a(lib_a-__atexit.o)
                0x0080365c                __register_exitproc
 .text          0x008037e4      0x1d8 d:/altera/altera_lite/13.1/nios2eds/bin/gnu/h-i686-mingw32/bin/../lib/gcc/nios2-elf/4.7.3/../../../../../H-i686-mingw32/nios2-elf/lib/mno-hw-mul\libsmallc.a(lib_a-__call_atexit.o)
                0x008037e4                __call_exitprocs
 .text          0x008039bc       0x3c ../hello_world_bsp/\libhal_bsp.a(alt_exit.o)
                0x008039bc                _exit
 *(.gnu.warning.*)
 *(.fini)
                0x008039f8                PROVIDE (__etext, ABSOLUTE (.))
                0x008039f8                PROVIDE (_etext, ABSOLUTE (.))
                0x008039f8                PROVIDE (etext, ABSOLUTE (.))
 *(.eh_frame_hdr)
                0x008039f8                . = ALIGN (0x4)
                0x008039f8                PROVIDE (__preinit_array_start, ABSOLUTE (.))
 *(.preinit_array)
                0x008039f8                PROVIDE (__preinit_array_end, ABSOLUTE (.))
                0x008039f8                PROVIDE (__init_array_start, ABSOLUTE (.))
 *(.init_array)
                0x008039f8                PROVIDE (__init_array_end, ABSOLUTE (.))
                0x008039f8                PROVIDE (__fini_array_start, ABSOLUTE (.))
 *(.fini_array)
                0x008039f8                PROVIDE (__fini_array_end, ABSOLUTE (.))
 *(.eh_frame)
 *(.gcc_except_table .gcc_except_table.*)
 *(.dynamic)
                0x008039f8                PROVIDE (__CTOR_LIST__, ABSOLUTE (.))
 *(.ctors)
 *(SORT(.ctors.*))
                0x008039f8                PROVIDE (__CTOR_END__, ABSOLUTE (.))
                0x008039f8                PROVIDE (__DTOR_LIST__, ABSOLUTE (.))
 *(.dtors)
 *(SORT(.dtors.*))
                0x008039f8                PROVIDE (__DTOR_END__, ABSOLUTE (.))
 *(.jcr)
                0x008039f8                . = ALIGN (0x4)

.rodata         0x008039f8       0x88
                0x008039f8                PROVIDE (__ram_rodata_start, ABSOLUTE (.))
                0x008039f8                . = ALIGN (0x4)
 *(.rodata .rodata.* .gnu.linkonce.r.*)
 .rodata        0x008039f8       0x38 obj/default/hello_world.o
 .rodata        0x00803a30       0x10 d:/altera/altera_lite/13.1/nios2eds/bin/gnu/h-i686-mingw32/bin/../lib/gcc/nios2-elf/4.7.3/mno-hw-mul\libgcc.a(_thenan_sf.o)
                0x00803a30                __thenan_sf
 .rodata        0x00803a40       0x14 d:/altera/altera_lite/13.1/nios2eds/bin/gnu/h-i686-mingw32/bin/../lib/gcc/nios2-elf/4.7.3/mno-hw-mul\libgcc.a(_thenan_df.o)
                0x00803a40                __thenan_df
 .rodata        0x00803a54       0x10 ../hello_world_bsp/\libhal_bsp.a(alt_main.o)
 .rodata        0x00803a64       0x10 ../hello_world_bsp/\libhal_bsp.a(alt_sys_init.o)
 .rodata        0x00803a74        0xc ../hello_world_bsp/\libhal_bsp.a(alt_dev.o)
 *(.rodata1)
                0x00803a80                . = ALIGN (0x4)
                0x00803a80                PROVIDE (__ram_rodata_end, ABSOLUTE (.))
                0x008039f8                PROVIDE (__flash_rodata_start, LOADADDR (.rodata))

.rwdata         0x00803a80      0x2e0 load address 0x00803d60
                0x00803a80                PROVIDE (__ram_rwdata_start, ABSOLUTE (.))
                0x00803a80                . = ALIGN (0x4)
 *(.got.plt)
 *(.got)
 *(.data1)
 *(.data .data.* .gnu.linkonce.d.*)
 .data          0x00803a80        0x0 ../hello_world_bsp//obj/HAL/src/crt0.o
 .data          0x00803a80        0x0 obj/default/hello_world.o
 .data          0x00803a80        0x0 d:/altera/altera_lite/13.1/nios2eds/bin/gnu/h-i686-mingw32/bin/../lib/gcc/nios2-elf/4.7.3/mno-hw-mul\libgcc.a(_addsub_sf.o)
 .data          0x00803a80        0x0 d:/altera/altera_lite/13.1/nios2eds/bin/gnu/h-i686-mingw32/bin/../lib/gcc/nios2-elf/4.7.3/mno-hw-mul\libgcc.a(_mul_sf.o)
 .data          0x00803a80        0x0 d:/altera/altera_lite/13.1/nios2eds/bin/gnu/h-i686-mingw32/bin/../lib/gcc/nios2-elf/4.7.3/mno-hw-mul\libgcc.a(_sf_to_df.o)
 .data          0x00803a80        0x0 d:/altera/altera_lite/13.1/nios2eds/bin/gnu/h-i686-mingw32/bin/../lib/gcc/nios2-elf/4.7.3/mno-hw-mul\libgcc.a(_thenan_sf.o)
 .data          0x00803a80        0x0 d:/altera/altera_lite/13.1/nios2eds/bin/gnu/h-i686-mingw32/bin/../lib/gcc/nios2-elf/4.7.3/mno-hw-mul\libgcc.a(_addsub_df.o)
 .data          0x00803a80        0x0 d:/altera/altera_lite/13.1/nios2eds/bin/gnu/h-i686-mingw32/bin/../lib/gcc/nios2-elf/4.7.3/mno-hw-mul\libgcc.a(_make_df.o)
 .data          0x00803a80        0x0 d:/altera/altera_lite/13.1/nios2eds/bin/gnu/h-i686-mingw32/bin/../lib/gcc/nios2-elf/4.7.3/mno-hw-mul\libgcc.a(_df_to_sf.o)
 .data          0x00803a80        0x0 d:/altera/altera_lite/13.1/nios2eds/bin/gnu/h-i686-mingw32/bin/../lib/gcc/nios2-elf/4.7.3/mno-hw-mul\libgcc.a(_thenan_df.o)
 .data          0x00803a80        0x0 d:/altera/altera_lite/13.1/nios2eds/bin/gnu/h-i686-mingw32/bin/../lib/gcc/nios2-elf/4.7.3/mno-hw-mul\libgcc.a(_muldi3.o)
 .data          0x00803a80        0x0 d:/altera/altera_lite/13.1/nios2eds/bin/gnu/h-i686-mingw32/bin/../lib/gcc/nios2-elf/4.7.3/mno-hw-mul\libgcc.a(_pack_sf.o)
 .data          0x00803a80        0x0 d:/altera/altera_lite/13.1/nios2eds/bin/gnu/h-i686-mingw32/bin/../lib/gcc/nios2-elf/4.7.3/mno-hw-mul\libgcc.a(_unpack_sf.o)
 .data          0x00803a80        0x0 d:/altera/altera_lite/13.1/nios2eds/bin/gnu/h-i686-mingw32/bin/../lib/gcc/nios2-elf/4.7.3/mno-hw-mul\libgcc.a(_make_sf.o)
 .data          0x00803a80        0x0 d:/altera/altera_lite/13.1/nios2eds/bin/gnu/h-i686-mingw32/bin/../lib/gcc/nios2-elf/4.7.3/mno-hw-mul\libgcc.a(_pack_df.o)
 .data          0x00803a80        0x0 d:/altera/altera_lite/13.1/nios2eds/bin/gnu/h-i686-mingw32/bin/../lib/gcc/nios2-elf/4.7.3/mno-hw-mul\libgcc.a(_unpack_df.o)
 .data          0x00803a80        0x0 d:/altera/altera_lite/13.1/nios2eds/bin/gnu/h-i686-mingw32/bin/../lib/gcc/nios2-elf/4.7.3/mno-hw-mul\libgcc.a(lib2-mul.o)
 .data          0x00803a80        0x0 d:/altera/altera_lite/13.1/nios2eds/bin/gnu/h-i686-mingw32/bin/../lib/gcc/nios2-elf/4.7.3/mno-hw-mul\libgcc.a(_lshrdi3.o)
 .data          0x00803a80        0x0 d:/altera/altera_lite/13.1/nios2eds/bin/gnu/h-i686-mingw32/bin/../lib/gcc/nios2-elf/4.7.3/mno-hw-mul\libgcc.a(_ashldi3.o)
 .data          0x00803a80        0x0 d:/altera/altera_lite/13.1/nios2eds/bin/gnu/h-i686-mingw32/bin/../lib/gcc/nios2-elf/4.7.3/../../../../../H-i686-mingw32/nios2-elf/lib/mno-hw-mul\libsmallc.a(lib_a-printf.o)
 .data          0x00803a80        0x0 d:/altera/altera_lite/13.1/nios2eds/bin/gnu/h-i686-mingw32/bin/../lib/gcc/nios2-elf/4.7.3/../../../../../H-i686-mingw32/nios2-elf/lib/mno-hw-mul\libsmallc.a(lib_a-vfprintf.o)
 .data          0x00803a80        0x0 d:/altera/altera_lite/13.1/nios2eds/bin/gnu/h-i686-mingw32/bin/../lib/gcc/nios2-elf/4.7.3/../../../../../H-i686-mingw32/nios2-elf/lib/mno-hw-mul\libsmallc.a(lib_a-fvwrite_small_dev.o)
 .data          0x00803a80       0xe0 d:/altera/altera_lite/13.1/nios2eds/bin/gnu/h-i686-mingw32/bin/../lib/gcc/nios2-elf/4.7.3/../../../../../H-i686-mingw32/nios2-elf/lib/mno-hw-mul\libsmallc.a(lib_a-impure.o)
 .data          0x00803b60        0x0 d:/altera/altera_lite/13.1/nios2eds/bin/gnu/h-i686-mingw32/bin/../lib/gcc/nios2-elf/4.7.3/../../../../../H-i686-mingw32/nios2-elf/lib/mno-hw-mul\libsmallc.a(lib_a-strlen.o)
 .data          0x00803b60        0x0 d:/altera/altera_lite/13.1/nios2eds/bin/gnu/h-i686-mingw32/bin/../lib/gcc/nios2-elf/4.7.3/../../../../../H-i686-mingw32/nios2-elf/lib/mno-hw-mul\libsmallc.a(lib_a-writer.o)
 .data          0x00803b60        0x0 d:/altera/altera_lite/13.1/nios2eds/bin/gnu/h-i686-mingw32/bin/../lib/gcc/nios2-elf/4.7.3/../../../../../H-i686-mingw32/nios2-elf/lib/mno-hw-mul\libsmallc.a(lib_a-int_errno.o)
 .data          0x00803b60        0x0 d:/altera/altera_lite/13.1/nios2eds/bin/gnu/h-i686-mingw32/bin/../lib/gcc/nios2-elf/4.7.3/mno-hw-mul\libgcc.a(lib2-divmod.o)
 .data          0x00803b60        0x0 ../hello_world_bsp/\libhal_bsp.a(alt_load.o)
 .data          0x00803b60        0x0 ../hello_world_bsp/\libhal_bsp.a(alt_main.o)
 .data          0x00803b60        0x0 ../hello_world_bsp/\libhal_bsp.a(alt_times.o)
 .data          0x00803b60        0x0 ../hello_world_bsp/\libhal_bsp.a(alt_write.o)
 .data          0x00803b60       0x2c ../hello_world_bsp/\libhal_bsp.a(alt_sys_init.o)
 .data          0x00803b8c        0x0 ../hello_world_bsp/\libhal_bsp.a(altera_avalon_jtag_uart_fd.o)
 .data          0x00803b8c        0x0 ../hello_world_bsp/\libhal_bsp.a(altera_avalon_jtag_uart_read.o)
 .data          0x00803b8c        0x0 ../hello_world_bsp/\libhal_bsp.a(altera_avalon_jtag_uart_write.o)
 .data          0x00803b8c        0x0 ../hello_world_bsp/\libhal_bsp.a(altera_avalon_timer_sc.o)
 .data          0x00803b8c        0x0 ../hello_world_bsp/\libhal_bsp.a(alt_close.o)
 .data          0x00803b8c        0x0 ../hello_world_bsp/\libhal_bsp.a(alt_dcache_flush_all.o)
 .data          0x00803b8c      0x1a8 ../hello_world_bsp/\libhal_bsp.a(alt_dev.o)
                0x00803b8c                alt_dev_null
                0x00803bb4                alt_fd_list
 .data          0x00803d34        0x0 ../hello_world_bsp/\libhal_bsp.a(alt_dev_llist_insert.o)
 .data          0x00803d34        0x0 ../hello_world_bsp/\libhal_bsp.a(alt_do_ctors.o)
 .data          0x00803d34        0x0 ../hello_world_bsp/\libhal_bsp.a(alt_do_dtors.o)
 .data          0x00803d34        0x0 ../hello_world_bsp/\libhal_bsp.a(alt_errno.o)
 .data          0x00803d34        0x0 ../hello_world_bsp/\libhal_bsp.a(alt_icache_flush_all.o)
 .data          0x00803d34        0x0 ../hello_world_bsp/\libhal_bsp.a(alt_iic.o)
 .data          0x00803d34        0x0 ../hello_world_bsp/\libhal_bsp.a(alt_iic_isr_register.o)
 .data          0x00803d34        0x0 ../hello_world_bsp/\libhal_bsp.a(alt_io_redirect.o)
 .data          0x00803d34        0x0 ../hello_world_bsp/\libhal_bsp.a(alt_irq_entry.o)
 .data          0x00803d34        0x0 ../hello_world_bsp/\libhal_bsp.a(alt_irq_handler.o)
 .data          0x00803d34        0x0 ../hello_world_bsp/\libhal_bsp.a(alt_irq_vars.o)
 .data          0x00803d34        0x0 ../hello_world_bsp/\libhal_bsp.a(alt_open.o)
 .data          0x00803d34        0x0 ../hello_world_bsp/\libhal_bsp.a(alt_release_fd.o)
 .data          0x00803d34        0x0 ../hello_world_bsp/\libhal_bsp.a(alt_tick.o)
 .data          0x00803d34        0x0 ../hello_world_bsp/\libhal_bsp.a(altera_nios2_qsys_irq.o)
 .data          0x00803d34        0x0 ../hello_world_bsp/\libhal_bsp.a(alt_exception_entry.o)
 .data          0x00803d34        0x0 ../hello_world_bsp/\libhal_bsp.a(alt_find_dev.o)
 .data          0x00803d34        0x0 ../hello_world_bsp/\libhal_bsp.a(alt_find_file.o)
 .data          0x00803d34        0x0 ../hello_world_bsp/\libhal_bsp.a(alt_get_fd.o)
 .data          0x00803d34        0x0 ../hello_world_bsp/\libhal_bsp.a(alt_icache_flush.o)
 .data          0x00803d34        0x0 d:/altera/altera_lite/13.1/nios2eds/bin/gnu/h-i686-mingw32/bin/../lib/gcc/nios2-elf/4.7.3/../../../../../H-i686-mingw32/nios2-elf/lib/mno-hw-mul\libsmallc.a(lib_a-atexit.o)
 .data          0x00803d34        0x0 d:/altera/altera_lite/13.1/nios2eds/bin/gnu/h-i686-mingw32/bin/../lib/gcc/nios2-elf/4.7.3/../../../../../H-i686-mingw32/nios2-elf/lib/mno-hw-mul\libsmallc.a(lib_a-exit.o)
 .data          0x00803d34        0x0 d:/altera/altera_lite/13.1/nios2eds/bin/gnu/h-i686-mingw32/bin/../lib/gcc/nios2-elf/4.7.3/../../../../../H-i686-mingw32/nios2-elf/lib/mno-hw-mul\libsmallc.a(lib_a-memcmp.o)
 .data          0x00803d34        0x0 d:/altera/altera_lite/13.1/nios2eds/bin/gnu/h-i686-mingw32/bin/../lib/gcc/nios2-elf/4.7.3/../../../../../H-i686-mingw32/nios2-elf/lib/mno-hw-mul\libsmallc.a(lib_a-__atexit.o)
 .data          0x00803d34        0x0 d:/altera/altera_lite/13.1/nios2eds/bin/gnu/h-i686-mingw32/bin/../lib/gcc/nios2-elf/4.7.3/../../../../../H-i686-mingw32/nios2-elf/lib/mno-hw-mul\libsmallc.a(lib_a-__call_atexit.o)
 .data          0x00803d34        0x0 ../hello_world_bsp/\libhal_bsp.a(alt_exit.o)
                0x0080bd34                _gp = ABSOLUTE ((. + 0x8000))
                0x0080bd34                PROVIDE (gp, _gp)
 *(.rwdata .rwdata.*)
 *(.sdata .sdata.* .gnu.linkonce.s.*)
 .sdata         0x00803d34        0x8 d:/altera/altera_lite/13.1/nios2eds/bin/gnu/h-i686-mingw32/bin/../lib/gcc/nios2-elf/4.7.3/../../../../../H-i686-mingw32/nios2-elf/lib/mno-hw-mul\libsmallc.a(lib_a-impure.o)
                0x00803d34                _global_impure_ptr
                0x00803d38                _impure_ptr
 .sdata         0x00803d3c       0x14 ../hello_world_bsp/\libhal_bsp.a(alt_dev.o)
                0x00803d3c                alt_fs_list
                0x00803d44                alt_dev_list
                0x00803d4c                alt_max_fd
 .sdata         0x00803d50        0x4 ../hello_world_bsp/\libhal_bsp.a(alt_errno.o)
                0x00803d50                alt_errno
 .sdata         0x00803d54        0x4 ../hello_world_bsp/\libhal_bsp.a(alt_irq_vars.o)
                0x00803d54                alt_priority_mask
 .sdata         0x00803d58        0x8 ../hello_world_bsp/\libhal_bsp.a(alt_tick.o)
                0x00803d58                alt_alarm_list
 *(.sdata2 .sdata2.* .gnu.linkonce.s2.*)
                0x00803d60                . = ALIGN (0x4)
                0x00803d60                _edata = ABSOLUTE (.)
                0x00803d60                PROVIDE (edata, ABSOLUTE (.))
                0x00803d60                PROVIDE (__ram_rwdata_end, ABSOLUTE (.))
                0x00803d60                PROVIDE (__flash_rwdata_start, LOADADDR (.rwdata))

.bss            0x00804040      0x1a8
                0x00804040                __bss_start = ABSOLUTE (.)
                0x00804040                PROVIDE (__sbss_start, ABSOLUTE (.))
                0x00804040                PROVIDE (___sbss_start, ABSOLUTE (.))
 *(.dynsbss)
 *(.sbss .sbss.* .gnu.linkonce.sb.*)
 .sbss          0x00804040        0x4 d:/altera/altera_lite/13.1/nios2eds/bin/gnu/h-i686-mingw32/bin/../lib/gcc/nios2-elf/4.7.3/../../../../../H-i686-mingw32/nios2-elf/lib/mno-hw-mul\libsmallc.a(lib_a-int_errno.o)
                0x00804040                errno
 .sbss          0x00804044        0xc ../hello_world_bsp/\libhal_bsp.a(alt_main.o)
                0x00804044                alt_argc
                0x00804048                alt_argv
                0x0080404c                alt_envp
 .sbss          0x00804050        0x4 ../hello_world_bsp/\libhal_bsp.a(alt_irq_vars.o)
                0x00804050                alt_irq_active
 .sbss          0x00804054        0x8 ../hello_world_bsp/\libhal_bsp.a(alt_tick.o)
                0x00804054                _alt_tick_rate
                0x00804058                _alt_nticks
 *(.sbss2 .sbss2.* .gnu.linkonce.sb2.*)
 *(.scommon)
                0x0080405c                PROVIDE (__sbss_end, ABSOLUTE (.))
                0x0080405c                PROVIDE (___sbss_end, ABSOLUTE (.))
 *(.dynbss)
 *(.bss .bss.* .gnu.linkonce.b.*)
 .bss           0x0080405c        0x0 ../hello_world_bsp//obj/HAL/src/crt0.o
 .bss           0x0080405c        0x0 obj/default/hello_world.o
 .bss           0x0080405c        0x0 d:/altera/altera_lite/13.1/nios2eds/bin/gnu/h-i686-mingw32/bin/../lib/gcc/nios2-elf/4.7.3/mno-hw-mul\libgcc.a(_addsub_sf.o)
 .bss           0x0080405c        0x0 d:/altera/altera_lite/13.1/nios2eds/bin/gnu/h-i686-mingw32/bin/../lib/gcc/nios2-elf/4.7.3/mno-hw-mul\libgcc.a(_mul_sf.o)
 .bss           0x0080405c        0x0 d:/altera/altera_lite/13.1/nios2eds/bin/gnu/h-i686-mingw32/bin/../lib/gcc/nios2-elf/4.7.3/mno-hw-mul\libgcc.a(_sf_to_df.o)
 .bss           0x0080405c        0x0 d:/altera/altera_lite/13.1/nios2eds/bin/gnu/h-i686-mingw32/bin/../lib/gcc/nios2-elf/4.7.3/mno-hw-mul\libgcc.a(_thenan_sf.o)
 .bss           0x0080405c        0x0 d:/altera/altera_lite/13.1/nios2eds/bin/gnu/h-i686-mingw32/bin/../lib/gcc/nios2-elf/4.7.3/mno-hw-mul\libgcc.a(_addsub_df.o)
 .bss           0x0080405c        0x0 d:/altera/altera_lite/13.1/nios2eds/bin/gnu/h-i686-mingw32/bin/../lib/gcc/nios2-elf/4.7.3/mno-hw-mul\libgcc.a(_make_df.o)
 .bss           0x0080405c        0x0 d:/altera/altera_lite/13.1/nios2eds/bin/gnu/h-i686-mingw32/bin/../lib/gcc/nios2-elf/4.7.3/mno-hw-mul\libgcc.a(_df_to_sf.o)
 .bss           0x0080405c        0x0 d:/altera/altera_lite/13.1/nios2eds/bin/gnu/h-i686-mingw32/bin/../lib/gcc/nios2-elf/4.7.3/mno-hw-mul\libgcc.a(_thenan_df.o)
 .bss           0x0080405c        0x0 d:/altera/altera_lite/13.1/nios2eds/bin/gnu/h-i686-mingw32/bin/../lib/gcc/nios2-elf/4.7.3/mno-hw-mul\libgcc.a(_muldi3.o)
 .bss           0x0080405c        0x0 d:/altera/altera_lite/13.1/nios2eds/bin/gnu/h-i686-mingw32/bin/../lib/gcc/nios2-elf/4.7.3/mno-hw-mul\libgcc.a(_pack_sf.o)
 .bss           0x0080405c        0x0 d:/altera/altera_lite/13.1/nios2eds/bin/gnu/h-i686-mingw32/bin/../lib/gcc/nios2-elf/4.7.3/mno-hw-mul\libgcc.a(_unpack_sf.o)
 .bss           0x0080405c        0x0 d:/altera/altera_lite/13.1/nios2eds/bin/gnu/h-i686-mingw32/bin/../lib/gcc/nios2-elf/4.7.3/mno-hw-mul\libgcc.a(_make_sf.o)
 .bss           0x0080405c        0x0 d:/altera/altera_lite/13.1/nios2eds/bin/gnu/h-i686-mingw32/bin/../lib/gcc/nios2-elf/4.7.3/mno-hw-mul\libgcc.a(_pack_df.o)
 .bss           0x0080405c        0x0 d:/altera/altera_lite/13.1/nios2eds/bin/gnu/h-i686-mingw32/bin/../lib/gcc/nios2-elf/4.7.3/mno-hw-mul\libgcc.a(_unpack_df.o)
 .bss           0x0080405c        0x0 d:/altera/altera_lite/13.1/nios2eds/bin/gnu/h-i686-mingw32/bin/../lib/gcc/nios2-elf/4.7.3/mno-hw-mul\libgcc.a(lib2-mul.o)
 .bss           0x0080405c        0x0 d:/altera/altera_lite/13.1/nios2eds/bin/gnu/h-i686-mingw32/bin/../lib/gcc/nios2-elf/4.7.3/mno-hw-mul\libgcc.a(_lshrdi3.o)
 .bss           0x0080405c        0x0 d:/altera/altera_lite/13.1/nios2eds/bin/gnu/h-i686-mingw32/bin/../lib/gcc/nios2-elf/4.7.3/mno-hw-mul\libgcc.a(_ashldi3.o)
 .bss           0x0080405c        0x0 d:/altera/altera_lite/13.1/nios2eds/bin/gnu/h-i686-mingw32/bin/../lib/gcc/nios2-elf/4.7.3/../../../../../H-i686-mingw32/nios2-elf/lib/mno-hw-mul\libsmallc.a(lib_a-printf.o)
 .bss           0x0080405c        0x0 d:/altera/altera_lite/13.1/nios2eds/bin/gnu/h-i686-mingw32/bin/../lib/gcc/nios2-elf/4.7.3/../../../../../H-i686-mingw32/nios2-elf/lib/mno-hw-mul\libsmallc.a(lib_a-vfprintf.o)
 .bss           0x0080405c        0x0 d:/altera/altera_lite/13.1/nios2eds/bin/gnu/h-i686-mingw32/bin/../lib/gcc/nios2-elf/4.7.3/../../../../../H-i686-mingw32/nios2-elf/lib/mno-hw-mul\libsmallc.a(lib_a-fvwrite_small_dev.o)
 .bss           0x0080405c        0x0 d:/altera/altera_lite/13.1/nios2eds/bin/gnu/h-i686-mingw32/bin/../lib/gcc/nios2-elf/4.7.3/../../../../../H-i686-mingw32/nios2-elf/lib/mno-hw-mul\libsmallc.a(lib_a-impure.o)
 .bss           0x0080405c        0x0 d:/altera/altera_lite/13.1/nios2eds/bin/gnu/h-i686-mingw32/bin/../lib/gcc/nios2-elf/4.7.3/../../../../../H-i686-mingw32/nios2-elf/lib/mno-hw-mul\libsmallc.a(lib_a-strlen.o)
 .bss           0x0080405c        0x0 d:/altera/altera_lite/13.1/nios2eds/bin/gnu/h-i686-mingw32/bin/../lib/gcc/nios2-elf/4.7.3/../../../../../H-i686-mingw32/nios2-elf/lib/mno-hw-mul\libsmallc.a(lib_a-writer.o)
 .bss           0x0080405c        0x0 d:/altera/altera_lite/13.1/nios2eds/bin/gnu/h-i686-mingw32/bin/../lib/gcc/nios2-elf/4.7.3/../../../../../H-i686-mingw32/nios2-elf/lib/mno-hw-mul\libsmallc.a(lib_a-int_errno.o)
 .bss           0x0080405c        0x0 d:/altera/altera_lite/13.1/nios2eds/bin/gnu/h-i686-mingw32/bin/../lib/gcc/nios2-elf/4.7.3/mno-hw-mul\libgcc.a(lib2-divmod.o)
 .bss           0x0080405c        0x0 ../hello_world_bsp/\libhal_bsp.a(alt_load.o)
 .bss           0x0080405c        0x0 ../hello_world_bsp/\libhal_bsp.a(alt_main.o)
 .bss           0x0080405c        0x0 ../hello_world_bsp/\libhal_bsp.a(alt_times.o)
 .bss           0x0080405c        0x0 ../hello_world_bsp/\libhal_bsp.a(alt_write.o)
 .bss           0x0080405c        0x0 ../hello_world_bsp/\libhal_bsp.a(alt_sys_init.o)
 .bss           0x0080405c        0x0 ../hello_world_bsp/\libhal_bsp.a(altera_avalon_jtag_uart_fd.o)
 .bss           0x0080405c        0x0 ../hello_world_bsp/\libhal_bsp.a(altera_avalon_jtag_uart_read.o)
 .bss           0x0080405c        0x0 ../hello_world_bsp/\libhal_bsp.a(altera_avalon_jtag_uart_write.o)
 .bss           0x0080405c        0x0 ../hello_world_bsp/\libhal_bsp.a(altera_avalon_timer_sc.o)
 .bss           0x0080405c        0x0 ../hello_world_bsp/\libhal_bsp.a(alt_close.o)
 .bss           0x0080405c        0x0 ../hello_world_bsp/\libhal_bsp.a(alt_dcache_flush_all.o)
 .bss           0x0080405c        0x0 ../hello_world_bsp/\libhal_bsp.a(alt_dev.o)
 .bss           0x0080405c        0x0 ../hello_world_bsp/\libhal_bsp.a(alt_dev_llist_insert.o)
 .bss           0x0080405c        0x0 ../hello_world_bsp/\libhal_bsp.a(alt_do_ctors.o)
 .bss           0x0080405c        0x0 ../hello_world_bsp/\libhal_bsp.a(alt_do_dtors.o)
 .bss           0x0080405c        0x0 ../hello_world_bsp/\libhal_bsp.a(alt_errno.o)
 .bss           0x0080405c        0x0 ../hello_world_bsp/\libhal_bsp.a(alt_icache_flush_all.o)
 .bss           0x0080405c        0x0 ../hello_world_bsp/\libhal_bsp.a(alt_iic.o)
 .bss           0x0080405c        0x0 ../hello_world_bsp/\libhal_bsp.a(alt_iic_isr_register.o)
 .bss           0x0080405c        0x0 ../hello_world_bsp/\libhal_bsp.a(alt_io_redirect.o)
 .bss           0x0080405c        0x0 ../hello_world_bsp/\libhal_bsp.a(alt_irq_entry.o)
 .bss           0x0080405c        0x0 ../hello_world_bsp/\libhal_bsp.a(alt_irq_handler.o)
 .bss           0x0080405c        0x0 ../hello_world_bsp/\libhal_bsp.a(alt_irq_vars.o)
 .bss           0x0080405c        0x0 ../hello_world_bsp/\libhal_bsp.a(alt_open.o)
 .bss           0x0080405c        0x0 ../hello_world_bsp/\libhal_bsp.a(alt_release_fd.o)
 .bss           0x0080405c        0x0 ../hello_world_bsp/\libhal_bsp.a(alt_tick.o)
 .bss           0x0080405c        0x0 ../hello_world_bsp/\libhal_bsp.a(altera_nios2_qsys_irq.o)
 .bss           0x0080405c        0x0 ../hello_world_bsp/\libhal_bsp.a(alt_exception_entry.o)
 .bss           0x0080405c        0x0 ../hello_world_bsp/\libhal_bsp.a(alt_find_dev.o)
 .bss           0x0080405c        0x0 ../hello_world_bsp/\libhal_bsp.a(alt_find_file.o)
 .bss           0x0080405c        0x0 ../hello_world_bsp/\libhal_bsp.a(alt_get_fd.o)
 .bss           0x0080405c        0x0 ../hello_world_bsp/\libhal_bsp.a(alt_icache_flush.o)
 .bss           0x0080405c        0x0 d:/altera/altera_lite/13.1/nios2eds/bin/gnu/h-i686-mingw32/bin/../lib/gcc/nios2-elf/4.7.3/../../../../../H-i686-mingw32/nios2-elf/lib/mno-hw-mul\libsmallc.a(lib_a-atexit.o)
 .bss           0x0080405c        0x0 d:/altera/altera_lite/13.1/nios2eds/bin/gnu/h-i686-mingw32/bin/../lib/gcc/nios2-elf/4.7.3/../../../../../H-i686-mingw32/nios2-elf/lib/mno-hw-mul\libsmallc.a(lib_a-exit.o)
 .bss           0x0080405c        0x0 d:/altera/altera_lite/13.1/nios2eds/bin/gnu/h-i686-mingw32/bin/../lib/gcc/nios2-elf/4.7.3/../../../../../H-i686-mingw32/nios2-elf/lib/mno-hw-mul\libsmallc.a(lib_a-memcmp.o)
 .bss           0x0080405c        0x0 d:/altera/altera_lite/13.1/nios2eds/bin/gnu/h-i686-mingw32/bin/../lib/gcc/nios2-elf/4.7.3/../../../../../H-i686-mingw32/nios2-elf/lib/mno-hw-mul\libsmallc.a(lib_a-__atexit.o)
 .bss           0x0080405c        0x0 d:/altera/altera_lite/13.1/nios2eds/bin/gnu/h-i686-mingw32/bin/../lib/gcc/nios2-elf/4.7.3/../../../../../H-i686-mingw32/nios2-elf/lib/mno-hw-mul\libsmallc.a(lib_a-__call_atexit.o)
 .bss           0x0080405c        0x0 ../hello_world_bsp/\libhal_bsp.a(alt_exit.o)
 *(COMMON)
 COMMON         0x0080405c      0x100 ../hello_world_bsp/\libhal_bsp.a(alt_irq_handler.o)
                0x0080405c                alt_irq
 COMMON         0x0080415c       0x8c d:/altera/altera_lite/13.1/nios2eds/bin/gnu/h-i686-mingw32/bin/../lib/gcc/nios2-elf/4.7.3/../../../../../H-i686-mingw32/nios2-elf/lib/mno-hw-mul\libsmallc.a(lib_a-atexit.o)
                0x0080415c                _atexit0
                0x008041e8                . = ALIGN (0x4)
                0x008041e8                __bss_end = ABSOLUTE (.)

.sdram          0x008041e8        0x0
                0x008041e8                PROVIDE (_alt_partition_sdram_start, ABSOLUTE (.))
 *(.sdram .sdram. sdram.*)
                0x008041e8                . = ALIGN (0x4)
                0x008041e8                PROVIDE (_alt_partition_sdram_end, ABSOLUTE (.))
                0x008041e8                _end = ABSOLUTE (.)
                0x008041e8                end = ABSOLUTE (.)
                0x008041e8                __alt_stack_base = ABSOLUTE (.)
                0x008041e8                PROVIDE (_alt_partition_sdram_load_addr, LOADADDR (.sdram))

.onchip_mem     0x01010000        0x0 load address 0x008041e8
                0x01010000                PROVIDE (_alt_partition_onchip_mem_start, ABSOLUTE (.))
 *(.onchip_mem .onchip_mem. onchip_mem.*)
                0x01010000                . = ALIGN (0x4)
                0x01010000                PROVIDE (_alt_partition_onchip_mem_end, ABSOLUTE (.))
                0x008041e8                PROVIDE (_alt_partition_onchip_mem_load_addr, LOADADDR (.onchip_mem))

.stab
 *(.stab)

.stabstr
 *(.stabstr)

.stab.excl
 *(.stab.excl)

.stab.exclstr
 *(.stab.exclstr)

.stab.index
 *(.stab.index)

.stab.indexstr
 *(.stab.indexstr)

.comment        0x00000000       0x23
 *(.comment)
 .comment       0x00000000       0x23 obj/default/hello_world.o
                                 0x24 (size before relaxing)
 .comment       0x00000000       0x24 d:/altera/altera_lite/13.1/nios2eds/bin/gnu/h-i686-mingw32/bin/../lib/gcc/nios2-elf/4.7.3/mno-hw-mul\libgcc.a(_addsub_sf.o)
 .comment       0x00000000       0x24 d:/altera/altera_lite/13.1/nios2eds/bin/gnu/h-i686-mingw32/bin/../lib/gcc/nios2-elf/4.7.3/mno-hw-mul\libgcc.a(_mul_sf.o)
 .comment       0x00000000       0x24 d:/altera/altera_lite/13.1/nios2eds/bin/gnu/h-i686-mingw32/bin/../lib/gcc/nios2-elf/4.7.3/mno-hw-mul\libgcc.a(_sf_to_df.o)
 .comment       0x00000000       0x24 d:/altera/altera_lite/13.1/nios2eds/bin/gnu/h-i686-mingw32/bin/../lib/gcc/nios2-elf/4.7.3/mno-hw-mul\libgcc.a(_thenan_sf.o)
 .comment       0x00000000       0x24 d:/altera/altera_lite/13.1/nios2eds/bin/gnu/h-i686-mingw32/bin/../lib/gcc/nios2-elf/4.7.3/mno-hw-mul\libgcc.a(_addsub_df.o)
 .comment       0x00000000       0x24 d:/altera/altera_lite/13.1/nios2eds/bin/gnu/h-i686-mingw32/bin/../lib/gcc/nios2-elf/4.7.3/mno-hw-mul\libgcc.a(_make_df.o)
 .comment       0x00000000       0x24 d:/altera/altera_lite/13.1/nios2eds/bin/gnu/h-i686-mingw32/bin/../lib/gcc/nios2-elf/4.7.3/mno-hw-mul\libgcc.a(_df_to_sf.o)
 .comment       0x00000000       0x24 d:/altera/altera_lite/13.1/nios2eds/bin/gnu/h-i686-mingw32/bin/../lib/gcc/nios2-elf/4.7.3/mno-hw-mul\libgcc.a(_thenan_df.o)
 .comment       0x00000000       0x24 d:/altera/altera_lite/13.1/nios2eds/bin/gnu/h-i686-mingw32/bin/../lib/gcc/nios2-elf/4.7.3/mno-hw-mul\libgcc.a(_muldi3.o)
 .comment       0x00000000       0x24 d:/altera/altera_lite/13.1/nios2eds/bin/gnu/h-i686-mingw32/bin/../lib/gcc/nios2-elf/4.7.3/mno-hw-mul\libgcc.a(_pack_sf.o)
 .comment       0x00000000       0x24 d:/altera/altera_lite/13.1/nios2eds/bin/gnu/h-i686-mingw32/bin/../lib/gcc/nios2-elf/4.7.3/mno-hw-mul\libgcc.a(_unpack_sf.o)
 .comment       0x00000000       0x24 d:/altera/altera_lite/13.1/nios2eds/bin/gnu/h-i686-mingw32/bin/../lib/gcc/nios2-elf/4.7.3/mno-hw-mul\libgcc.a(_make_sf.o)
 .comment       0x00000000       0x24 d:/altera/altera_lite/13.1/nios2eds/bin/gnu/h-i686-mingw32/bin/../lib/gcc/nios2-elf/4.7.3/mno-hw-mul\libgcc.a(_pack_df.o)
 .comment       0x00000000       0x24 d:/altera/altera_lite/13.1/nios2eds/bin/gnu/h-i686-mingw32/bin/../lib/gcc/nios2-elf/4.7.3/mno-hw-mul\libgcc.a(_unpack_df.o)
 .comment       0x00000000       0x24 d:/altera/altera_lite/13.1/nios2eds/bin/gnu/h-i686-mingw32/bin/../lib/gcc/nios2-elf/4.7.3/mno-hw-mul\libgcc.a(lib2-mul.o)
 .comment       0x00000000       0x24 d:/altera/altera_lite/13.1/nios2eds/bin/gnu/h-i686-mingw32/bin/../lib/gcc/nios2-elf/4.7.3/mno-hw-mul\libgcc.a(_lshrdi3.o)
 .comment       0x00000000       0x24 d:/altera/altera_lite/13.1/nios2eds/bin/gnu/h-i686-mingw32/bin/../lib/gcc/nios2-elf/4.7.3/mno-hw-mul\libgcc.a(_ashldi3.o)
 .comment       0x00000000       0x24 d:/altera/altera_lite/13.1/nios2eds/bin/gnu/h-i686-mingw32/bin/../lib/gcc/nios2-elf/4.7.3/../../../../../H-i686-mingw32/nios2-elf/lib/mno-hw-mul\libsmallc.a(lib_a-printf.o)
 .comment       0x00000000       0x24 d:/altera/altera_lite/13.1/nios2eds/bin/gnu/h-i686-mingw32/bin/../lib/gcc/nios2-elf/4.7.3/../../../../../H-i686-mingw32/nios2-elf/lib/mno-hw-mul\libsmallc.a(lib_a-vfprintf.o)
 .comment       0x00000000       0x24 d:/altera/altera_lite/13.1/nios2eds/bin/gnu/h-i686-mingw32/bin/../lib/gcc/nios2-elf/4.7.3/../../../../../H-i686-mingw32/nios2-elf/lib/mno-hw-mul\libsmallc.a(lib_a-fvwrite_small_dev.o)
 .comment       0x00000000       0x24 d:/altera/altera_lite/13.1/nios2eds/bin/gnu/h-i686-mingw32/bin/../lib/gcc/nios2-elf/4.7.3/../../../../../H-i686-mingw32/nios2-elf/lib/mno-hw-mul\libsmallc.a(lib_a-impure.o)
 .comment       0x00000000       0x24 d:/altera/altera_lite/13.1/nios2eds/bin/gnu/h-i686-mingw32/bin/../lib/gcc/nios2-elf/4.7.3/../../../../../H-i686-mingw32/nios2-elf/lib/mno-hw-mul\libsmallc.a(lib_a-strlen.o)
 .comment       0x00000000       0x24 d:/altera/altera_lite/13.1/nios2eds/bin/gnu/h-i686-mingw32/bin/../lib/gcc/nios2-elf/4.7.3/../../../../../H-i686-mingw32/nios2-elf/lib/mno-hw-mul\libsmallc.a(lib_a-writer.o)
 .comment       0x00000000       0x24 d:/altera/altera_lite/13.1/nios2eds/bin/gnu/h-i686-mingw32/bin/../lib/gcc/nios2-elf/4.7.3/../../../../../H-i686-mingw32/nios2-elf/lib/mno-hw-mul\libsmallc.a(lib_a-int_errno.o)
 .comment       0x00000000       0x24 d:/altera/altera_lite/13.1/nios2eds/bin/gnu/h-i686-mingw32/bin/../lib/gcc/nios2-elf/4.7.3/mno-hw-mul\libgcc.a(lib2-divmod.o)
 .comment       0x00000000       0x24 ../hello_world_bsp/\libhal_bsp.a(alt_load.o)
 .comment       0x00000000       0x24 ../hello_world_bsp/\libhal_bsp.a(alt_main.o)
 .comment       0x00000000       0x24 ../hello_world_bsp/\libhal_bsp.a(alt_times.o)
 .comment       0x00000000       0x24 ../hello_world_bsp/\libhal_bsp.a(alt_write.o)
 .comment       0x00000000       0x24 ../hello_world_bsp/\libhal_bsp.a(alt_sys_init.o)
 .comment       0x00000000       0x24 ../hello_world_bsp/\libhal_bsp.a(altera_avalon_jtag_uart_fd.o)
 .comment       0x00000000       0x24 ../hello_world_bsp/\libhal_bsp.a(altera_avalon_jtag_uart_read.o)
 .comment       0x00000000       0x24 ../hello_world_bsp/\libhal_bsp.a(altera_avalon_jtag_uart_write.o)
 .comment       0x00000000       0x24 ../hello_world_bsp/\libhal_bsp.a(altera_avalon_timer_sc.o)
 .comment       0x00000000       0x24 ../hello_world_bsp/\libhal_bsp.a(alt_close.o)
 .comment       0x00000000       0x24 ../hello_world_bsp/\libhal_bsp.a(alt_dcache_flush_all.o)
 .comment       0x00000000       0x24 ../hello_world_bsp/\libhal_bsp.a(alt_dev.o)
 .comment       0x00000000       0x24 ../hello_world_bsp/\libhal_bsp.a(alt_dev_llist_insert.o)
 .comment       0x00000000       0x24 ../hello_world_bsp/\libhal_bsp.a(alt_do_ctors.o)
 .comment       0x00000000       0x24 ../hello_world_bsp/\libhal_bsp.a(alt_do_dtors.o)
 .comment       0x00000000       0x24 ../hello_world_bsp/\libhal_bsp.a(alt_errno.o)
 .comment       0x00000000       0x24 ../hello_world_bsp/\libhal_bsp.a(alt_icache_flush_all.o)
 .comment       0x00000000       0x24 ../hello_world_bsp/\libhal_bsp.a(alt_iic.o)
 .comment       0x00000000       0x24 ../hello_world_bsp/\libhal_bsp.a(alt_iic_isr_register.o)
 .comment       0x00000000       0x24 ../hello_world_bsp/\libhal_bsp.a(alt_io_redirect.o)
 .comment       0x00000000       0x24 ../hello_world_bsp/\libhal_bsp.a(alt_irq_handler.o)
 .comment       0x00000000       0x24 ../hello_world_bsp/\libhal_bsp.a(alt_irq_vars.o)
 .comment       0x00000000       0x24 ../hello_world_bsp/\libhal_bsp.a(alt_open.o)
 .comment       0x00000000       0x24 ../hello_world_bsp/\libhal_bsp.a(alt_release_fd.o)
 .comment       0x00000000       0x24 ../hello_world_bsp/\libhal_bsp.a(alt_tick.o)
 .comment       0x00000000       0x24 ../hello_world_bsp/\libhal_bsp.a(altera_nios2_qsys_irq.o)
 .comment       0x00000000       0x24 ../hello_world_bsp/\libhal_bsp.a(alt_find_dev.o)
 .comment       0x00000000       0x24 ../hello_world_bsp/\libhal_bsp.a(alt_find_file.o)
 .comment       0x00000000       0x24 ../hello_world_bsp/\libhal_bsp.a(alt_get_fd.o)
 .comment       0x00000000       0x24 ../hello_world_bsp/\libhal_bsp.a(alt_icache_flush.o)
 .comment       0x00000000       0x24 d:/altera/altera_lite/13.1/nios2eds/bin/gnu/h-i686-mingw32/bin/../lib/gcc/nios2-elf/4.7.3/../../../../../H-i686-mingw32/nios2-elf/lib/mno-hw-mul\libsmallc.a(lib_a-atexit.o)
 .comment       0x00000000       0x24 d:/altera/altera_lite/13.1/nios2eds/bin/gnu/h-i686-mingw32/bin/../lib/gcc/nios2-elf/4.7.3/../../../../../H-i686-mingw32/nios2-elf/lib/mno-hw-mul\libsmallc.a(lib_a-exit.o)
 .comment       0x00000000       0x24 d:/altera/altera_lite/13.1/nios2eds/bin/gnu/h-i686-mingw32/bin/../lib/gcc/nios2-elf/4.7.3/../../../../../H-i686-mingw32/nios2-elf/lib/mno-hw-mul\libsmallc.a(lib_a-memcmp.o)
 .comment       0x00000000       0x24 d:/altera/altera_lite/13.1/nios2eds/bin/gnu/h-i686-mingw32/bin/../lib/gcc/nios2-elf/4.7.3/../../../../../H-i686-mingw32/nios2-elf/lib/mno-hw-mul\libsmallc.a(lib_a-__atexit.o)
 .comment       0x00000000       0x24 d:/altera/altera_lite/13.1/nios2eds/bin/gnu/h-i686-mingw32/bin/../lib/gcc/nios2-elf/4.7.3/../../../../../H-i686-mingw32/nios2-elf/lib/mno-hw-mul\libsmallc.a(lib_a-__call_atexit.o)
 .comment       0x00000000       0x24 ../hello_world_bsp/\libhal_bsp.a(alt_exit.o)

.debug
 *(.debug)

.line
 *(.line)

.debug_srcinfo
 *(.debug_srcinfo)

.debug_sfnames
 *(.debug_sfnames)

.debug_aranges  0x00000000      0x820
 *(.debug_aranges)
 .debug_aranges
                0x00000000       0x28 ../hello_world_bsp//obj/HAL/src/crt0.o
 .debug_aranges
                0x00000028       0x20 obj/default/hello_world.o
 .debug_aranges
                0x00000048       0x20 d:/altera/altera_lite/13.1/nios2eds/bin/gnu/h-i686-mingw32/bin/../lib/gcc/nios2-elf/4.7.3/mno-hw-mul\libgcc.a(_addsub_sf.o)
 .debug_aranges
                0x00000068       0x20 d:/altera/altera_lite/13.1/nios2eds/bin/gnu/h-i686-mingw32/bin/../lib/gcc/nios2-elf/4.7.3/mno-hw-mul\libgcc.a(_mul_sf.o)
 .debug_aranges
                0x00000088       0x20 d:/altera/altera_lite/13.1/nios2eds/bin/gnu/h-i686-mingw32/bin/../lib/gcc/nios2-elf/4.7.3/mno-hw-mul\libgcc.a(_sf_to_df.o)
 .debug_aranges
                0x000000a8       0x18 d:/altera/altera_lite/13.1/nios2eds/bin/gnu/h-i686-mingw32/bin/../lib/gcc/nios2-elf/4.7.3/mno-hw-mul\libgcc.a(_thenan_sf.o)
 .debug_aranges
                0x000000c0       0x20 d:/altera/altera_lite/13.1/nios2eds/bin/gnu/h-i686-mingw32/bin/../lib/gcc/nios2-elf/4.7.3/mno-hw-mul\libgcc.a(_addsub_df.o)
 .debug_aranges
                0x000000e0       0x20 d:/altera/altera_lite/13.1/nios2eds/bin/gnu/h-i686-mingw32/bin/../lib/gcc/nios2-elf/4.7.3/mno-hw-mul\libgcc.a(_make_df.o)
 .debug_aranges
                0x00000100       0x20 d:/altera/altera_lite/13.1/nios2eds/bin/gnu/h-i686-mingw32/bin/../lib/gcc/nios2-elf/4.7.3/mno-hw-mul\libgcc.a(_df_to_sf.o)
 .debug_aranges
                0x00000120       0x18 d:/altera/altera_lite/13.1/nios2eds/bin/gnu/h-i686-mingw32/bin/../lib/gcc/nios2-elf/4.7.3/mno-hw-mul\libgcc.a(_thenan_df.o)
 .debug_aranges
                0x00000138       0x20 d:/altera/altera_lite/13.1/nios2eds/bin/gnu/h-i686-mingw32/bin/../lib/gcc/nios2-elf/4.7.3/mno-hw-mul\libgcc.a(_muldi3.o)
 .debug_aranges
                0x00000158       0x20 d:/altera/altera_lite/13.1/nios2eds/bin/gnu/h-i686-mingw32/bin/../lib/gcc/nios2-elf/4.7.3/mno-hw-mul\libgcc.a(_pack_sf.o)
 .debug_aranges
                0x00000178       0x20 d:/altera/altera_lite/13.1/nios2eds/bin/gnu/h-i686-mingw32/bin/../lib/gcc/nios2-elf/4.7.3/mno-hw-mul\libgcc.a(_unpack_sf.o)
 .debug_aranges
                0x00000198       0x20 d:/altera/altera_lite/13.1/nios2eds/bin/gnu/h-i686-mingw32/bin/../lib/gcc/nios2-elf/4.7.3/mno-hw-mul\libgcc.a(_make_sf.o)
 .debug_aranges
                0x000001b8       0x20 d:/altera/altera_lite/13.1/nios2eds/bin/gnu/h-i686-mingw32/bin/../lib/gcc/nios2-elf/4.7.3/mno-hw-mul\libgcc.a(_pack_df.o)
 .debug_aranges
                0x000001d8       0x20 d:/altera/altera_lite/13.1/nios2eds/bin/gnu/h-i686-mingw32/bin/../lib/gcc/nios2-elf/4.7.3/mno-hw-mul\libgcc.a(_unpack_df.o)
 .debug_aranges
                0x000001f8       0x20 d:/altera/altera_lite/13.1/nios2eds/bin/gnu/h-i686-mingw32/bin/../lib/gcc/nios2-elf/4.7.3/mno-hw-mul\libgcc.a(lib2-mul.o)
 .debug_aranges
                0x00000218       0x20 d:/altera/altera_lite/13.1/nios2eds/bin/gnu/h-i686-mingw32/bin/../lib/gcc/nios2-elf/4.7.3/mno-hw-mul\libgcc.a(_lshrdi3.o)
 .debug_aranges
                0x00000238       0x20 d:/altera/altera_lite/13.1/nios2eds/bin/gnu/h-i686-mingw32/bin/../lib/gcc/nios2-elf/4.7.3/mno-hw-mul\libgcc.a(_ashldi3.o)
 .debug_aranges
                0x00000258       0x20 d:/altera/altera_lite/13.1/nios2eds/bin/gnu/h-i686-mingw32/bin/../lib/gcc/nios2-elf/4.7.3/../../../../../H-i686-mingw32/nios2-elf/lib/mno-hw-mul\libsmallc.a(lib_a-printf.o)
 .debug_aranges
                0x00000278       0x20 d:/altera/altera_lite/13.1/nios2eds/bin/gnu/h-i686-mingw32/bin/../lib/gcc/nios2-elf/4.7.3/../../../../../H-i686-mingw32/nios2-elf/lib/mno-hw-mul\libsmallc.a(lib_a-vfprintf.o)
 .debug_aranges
                0x00000298       0x20 d:/altera/altera_lite/13.1/nios2eds/bin/gnu/h-i686-mingw32/bin/../lib/gcc/nios2-elf/4.7.3/../../../../../H-i686-mingw32/nios2-elf/lib/mno-hw-mul\libsmallc.a(lib_a-fvwrite_small_dev.o)
 .debug_aranges
                0x000002b8       0x18 d:/altera/altera_lite/13.1/nios2eds/bin/gnu/h-i686-mingw32/bin/../lib/gcc/nios2-elf/4.7.3/../../../../../H-i686-mingw32/nios2-elf/lib/mno-hw-mul\libsmallc.a(lib_a-impure.o)
 .debug_aranges
                0x000002d0       0x20 d:/altera/altera_lite/13.1/nios2eds/bin/gnu/h-i686-mingw32/bin/../lib/gcc/nios2-elf/4.7.3/../../../../../H-i686-mingw32/nios2-elf/lib/mno-hw-mul\libsmallc.a(lib_a-strlen.o)
 .debug_aranges
                0x000002f0       0x20 d:/altera/altera_lite/13.1/nios2eds/bin/gnu/h-i686-mingw32/bin/../lib/gcc/nios2-elf/4.7.3/../../../../../H-i686-mingw32/nios2-elf/lib/mno-hw-mul\libsmallc.a(lib_a-writer.o)
 .debug_aranges
                0x00000310       0x18 d:/altera/altera_lite/13.1/nios2eds/bin/gnu/h-i686-mingw32/bin/../lib/gcc/nios2-elf/4.7.3/../../../../../H-i686-mingw32/nios2-elf/lib/mno-hw-mul\libsmallc.a(lib_a-int_errno.o)
 .debug_aranges
                0x00000328       0x20 d:/altera/altera_lite/13.1/nios2eds/bin/gnu/h-i686-mingw32/bin/../lib/gcc/nios2-elf/4.7.3/mno-hw-mul\libgcc.a(lib2-divmod.o)
 .debug_aranges
                0x00000348       0x20 ../hello_world_bsp/\libhal_bsp.a(alt_load.o)
 .debug_aranges
                0x00000368       0x20 ../hello_world_bsp/\libhal_bsp.a(alt_main.o)
 .debug_aranges
                0x00000388       0x20 ../hello_world_bsp/\libhal_bsp.a(alt_times.o)
 .debug_aranges
                0x000003a8       0x20 ../hello_world_bsp/\libhal_bsp.a(alt_write.o)
 .debug_aranges
                0x000003c8       0x20 ../hello_world_bsp/\libhal_bsp.a(alt_sys_init.o)
 .debug_aranges
                0x000003e8       0x20 ../hello_world_bsp/\libhal_bsp.a(altera_avalon_jtag_uart_fd.o)
 .debug_aranges
                0x00000408       0x20 ../hello_world_bsp/\libhal_bsp.a(altera_avalon_jtag_uart_read.o)
 .debug_aranges
                0x00000428       0x20 ../hello_world_bsp/\libhal_bsp.a(altera_avalon_jtag_uart_write.o)
 .debug_aranges
                0x00000448       0x20 ../hello_world_bsp/\libhal_bsp.a(altera_avalon_timer_sc.o)
 .debug_aranges
                0x00000468       0x20 ../hello_world_bsp/\libhal_bsp.a(alt_close.o)
 .debug_aranges
                0x00000488       0x20 ../hello_world_bsp/\libhal_bsp.a(alt_dcache_flush_all.o)
 .debug_aranges
                0x000004a8       0x20 ../hello_world_bsp/\libhal_bsp.a(alt_dev.o)
 .debug_aranges
                0x000004c8       0x20 ../hello_world_bsp/\libhal_bsp.a(alt_dev_llist_insert.o)
 .debug_aranges
                0x000004e8       0x20 ../hello_world_bsp/\libhal_bsp.a(alt_do_ctors.o)
 .debug_aranges
                0x00000508       0x20 ../hello_world_bsp/\libhal_bsp.a(alt_do_dtors.o)
 .debug_aranges
                0x00000528       0x18 ../hello_world_bsp/\libhal_bsp.a(alt_errno.o)
 .debug_aranges
                0x00000540       0x20 ../hello_world_bsp/\libhal_bsp.a(alt_icache_flush_all.o)
 .debug_aranges
                0x00000560       0x20 ../hello_world_bsp/\libhal_bsp.a(alt_iic.o)
 .debug_aranges
                0x00000580       0x20 ../hello_world_bsp/\libhal_bsp.a(alt_iic_isr_register.o)
 .debug_aranges
                0x000005a0       0x20 ../hello_world_bsp/\libhal_bsp.a(alt_io_redirect.o)
 .debug_aranges
                0x000005c0       0x30 ../hello_world_bsp/\libhal_bsp.a(alt_irq_entry.o)
 .debug_aranges
                0x000005f0       0x20 ../hello_world_bsp/\libhal_bsp.a(alt_irq_handler.o)
 .debug_aranges
                0x00000610       0x18 ../hello_world_bsp/\libhal_bsp.a(alt_irq_vars.o)
 .debug_aranges
                0x00000628       0x20 ../hello_world_bsp/\libhal_bsp.a(alt_open.o)
 .debug_aranges
                0x00000648       0x20 ../hello_world_bsp/\libhal_bsp.a(alt_release_fd.o)
 .debug_aranges
                0x00000668       0x20 ../hello_world_bsp/\libhal_bsp.a(alt_tick.o)
 .debug_aranges
                0x00000688       0x20 ../hello_world_bsp/\libhal_bsp.a(altera_nios2_qsys_irq.o)
 .debug_aranges
                0x000006a8       0x38 ../hello_world_bsp/\libhal_bsp.a(alt_exception_entry.o)
 .debug_aranges
                0x000006e0       0x20 ../hello_world_bsp/\libhal_bsp.a(alt_find_dev.o)
 .debug_aranges
                0x00000700       0x20 ../hello_world_bsp/\libhal_bsp.a(alt_find_file.o)
 .debug_aranges
                0x00000720       0x20 ../hello_world_bsp/\libhal_bsp.a(alt_get_fd.o)
 .debug_aranges
                0x00000740       0x20 ../hello_world_bsp/\libhal_bsp.a(alt_icache_flush.o)
 .debug_aranges
                0x00000760       0x20 d:/altera/altera_lite/13.1/nios2eds/bin/gnu/h-i686-mingw32/bin/../lib/gcc/nios2-elf/4.7.3/../../../../../H-i686-mingw32/nios2-elf/lib/mno-hw-mul\libsmallc.a(lib_a-atexit.o)
 .debug_aranges
                0x00000780       0x20 d:/altera/altera_lite/13.1/nios2eds/bin/gnu/h-i686-mingw32/bin/../lib/gcc/nios2-elf/4.7.3/../../../../../H-i686-mingw32/nios2-elf/lib/mno-hw-mul\libsmallc.a(lib_a-exit.o)
 .debug_aranges
                0x000007a0       0x20 d:/altera/altera_lite/13.1/nios2eds/bin/gnu/h-i686-mingw32/bin/../lib/gcc/nios2-elf/4.7.3/../../../../../H-i686-mingw32/nios2-elf/lib/mno-hw-mul\libsmallc.a(lib_a-memcmp.o)
 .debug_aranges
                0x000007c0       0x20 d:/altera/altera_lite/13.1/nios2eds/bin/gnu/h-i686-mingw32/bin/../lib/gcc/nios2-elf/4.7.3/../../../../../H-i686-mingw32/nios2-elf/lib/mno-hw-mul\libsmallc.a(lib_a-__atexit.o)
 .debug_aranges
                0x000007e0       0x20 d:/altera/altera_lite/13.1/nios2eds/bin/gnu/h-i686-mingw32/bin/../lib/gcc/nios2-elf/4.7.3/../../../../../H-i686-mingw32/nios2-elf/lib/mno-hw-mul\libsmallc.a(lib_a-__call_atexit.o)
 .debug_aranges
                0x00000800       0x20 ../hello_world_bsp/\libhal_bsp.a(alt_exit.o)

.debug_pubnames
 *(.debug_pubnames)

.debug_info     0x00000000     0xb181
 *(.debug_info .gnu.linkonce.wi.*)
 .debug_info    0x00000000       0x68 ../hello_world_bsp//obj/HAL/src/crt0.o
 .debug_info    0x00000068      0x1d9 obj/default/hello_world.o
 .debug_info    0x00000241      0x57a d:/altera/altera_lite/13.1/nios2eds/bin/gnu/h-i686-mingw32/bin/../lib/gcc/nios2-elf/4.7.3/mno-hw-mul\libgcc.a(_addsub_sf.o)
 .debug_info    0x000007bb      0x45d d:/altera/altera_lite/13.1/nios2eds/bin/gnu/h-i686-mingw32/bin/../lib/gcc/nios2-elf/4.7.3/mno-hw-mul\libgcc.a(_mul_sf.o)
 .debug_info    0x00000c18      0x2b7 d:/altera/altera_lite/13.1/nios2eds/bin/gnu/h-i686-mingw32/bin/../lib/gcc/nios2-elf/4.7.3/mno-hw-mul\libgcc.a(_sf_to_df.o)
 .debug_info    0x00000ecf      0x155 d:/altera/altera_lite/13.1/nios2eds/bin/gnu/h-i686-mingw32/bin/../lib/gcc/nios2-elf/4.7.3/mno-hw-mul\libgcc.a(_thenan_sf.o)
 .debug_info    0x00001024      0x588 d:/altera/altera_lite/13.1/nios2eds/bin/gnu/h-i686-mingw32/bin/../lib/gcc/nios2-elf/4.7.3/mno-hw-mul\libgcc.a(_addsub_df.o)
 .debug_info    0x000015ac      0x209 d:/altera/altera_lite/13.1/nios2eds/bin/gnu/h-i686-mingw32/bin/../lib/gcc/nios2-elf/4.7.3/mno-hw-mul\libgcc.a(_make_df.o)
 .debug_info    0x000017b5      0x2c8 d:/altera/altera_lite/13.1/nios2eds/bin/gnu/h-i686-mingw32/bin/../lib/gcc/nios2-elf/4.7.3/mno-hw-mul\libgcc.a(_df_to_sf.o)
 .debug_info    0x00001a7d      0x155 d:/altera/altera_lite/13.1/nios2eds/bin/gnu/h-i686-mingw32/bin/../lib/gcc/nios2-elf/4.7.3/mno-hw-mul\libgcc.a(_thenan_df.o)
 .debug_info    0x00001bd2      0x1eb d:/altera/altera_lite/13.1/nios2eds/bin/gnu/h-i686-mingw32/bin/../lib/gcc/nios2-elf/4.7.3/mno-hw-mul\libgcc.a(_muldi3.o)
 .debug_info    0x00001dbd      0x2f2 d:/altera/altera_lite/13.1/nios2eds/bin/gnu/h-i686-mingw32/bin/../lib/gcc/nios2-elf/4.7.3/mno-hw-mul\libgcc.a(_pack_sf.o)
 .debug_info    0x000020af      0x26a d:/altera/altera_lite/13.1/nios2eds/bin/gnu/h-i686-mingw32/bin/../lib/gcc/nios2-elf/4.7.3/mno-hw-mul\libgcc.a(_unpack_sf.o)
 .debug_info    0x00002319      0x20a d:/altera/altera_lite/13.1/nios2eds/bin/gnu/h-i686-mingw32/bin/../lib/gcc/nios2-elf/4.7.3/mno-hw-mul\libgcc.a(_make_sf.o)
 .debug_info    0x00002523      0x2f7 d:/altera/altera_lite/13.1/nios2eds/bin/gnu/h-i686-mingw32/bin/../lib/gcc/nios2-elf/4.7.3/mno-hw-mul\libgcc.a(_pack_df.o)
 .debug_info    0x0000281a      0x265 d:/altera/altera_lite/13.1/nios2eds/bin/gnu/h-i686-mingw32/bin/../lib/gcc/nios2-elf/4.7.3/mno-hw-mul\libgcc.a(_unpack_df.o)
 .debug_info    0x00002a7f       0xb8 d:/altera/altera_lite/13.1/nios2eds/bin/gnu/h-i686-mingw32/bin/../lib/gcc/nios2-elf/4.7.3/mno-hw-mul\libgcc.a(lib2-mul.o)
 .debug_info    0x00002b37      0x185 d:/altera/altera_lite/13.1/nios2eds/bin/gnu/h-i686-mingw32/bin/../lib/gcc/nios2-elf/4.7.3/mno-hw-mul\libgcc.a(_lshrdi3.o)
 .debug_info    0x00002cbc      0x185 d:/altera/altera_lite/13.1/nios2eds/bin/gnu/h-i686-mingw32/bin/../lib/gcc/nios2-elf/4.7.3/mno-hw-mul\libgcc.a(_ashldi3.o)
 .debug_info    0x00002e41      0x765 d:/altera/altera_lite/13.1/nios2eds/bin/gnu/h-i686-mingw32/bin/../lib/gcc/nios2-elf/4.7.3/../../../../../H-i686-mingw32/nios2-elf/lib/mno-hw-mul\libsmallc.a(lib_a-printf.o)
 .debug_info    0x000035a6      0xc69 d:/altera/altera_lite/13.1/nios2eds/bin/gnu/h-i686-mingw32/bin/../lib/gcc/nios2-elf/4.7.3/../../../../../H-i686-mingw32/nios2-elf/lib/mno-hw-mul\libsmallc.a(lib_a-vfprintf.o)
 .debug_info    0x0000420f      0x6d9 d:/altera/altera_lite/13.1/nios2eds/bin/gnu/h-i686-mingw32/bin/../lib/gcc/nios2-elf/4.7.3/../../../../../H-i686-mingw32/nios2-elf/lib/mno-hw-mul\libsmallc.a(lib_a-fvwrite_small_dev.o)
 .debug_info    0x000048e8      0x631 d:/altera/altera_lite/13.1/nios2eds/bin/gnu/h-i686-mingw32/bin/../lib/gcc/nios2-elf/4.7.3/../../../../../H-i686-mingw32/nios2-elf/lib/mno-hw-mul\libsmallc.a(lib_a-impure.o)
 .debug_info    0x00004f19       0xc6 d:/altera/altera_lite/13.1/nios2eds/bin/gnu/h-i686-mingw32/bin/../lib/gcc/nios2-elf/4.7.3/../../../../../H-i686-mingw32/nios2-elf/lib/mno-hw-mul\libsmallc.a(lib_a-strlen.o)
 .debug_info    0x00004fdf      0x6cb d:/altera/altera_lite/13.1/nios2eds/bin/gnu/h-i686-mingw32/bin/../lib/gcc/nios2-elf/4.7.3/../../../../../H-i686-mingw32/nios2-elf/lib/mno-hw-mul\libsmallc.a(lib_a-writer.o)
 .debug_info    0x000056aa       0x84 d:/altera/altera_lite/13.1/nios2eds/bin/gnu/h-i686-mingw32/bin/../lib/gcc/nios2-elf/4.7.3/../../../../../H-i686-mingw32/nios2-elf/lib/mno-hw-mul\libsmallc.a(lib_a-int_errno.o)
 .debug_info    0x0000572e      0x289 d:/altera/altera_lite/13.1/nios2eds/bin/gnu/h-i686-mingw32/bin/../lib/gcc/nios2-elf/4.7.3/mno-hw-mul\libgcc.a(lib2-divmod.o)
 .debug_info    0x000059b7      0x135 ../hello_world_bsp/\libhal_bsp.a(alt_load.o)
 .debug_info    0x00005aec      0x139 ../hello_world_bsp/\libhal_bsp.a(alt_main.o)
 .debug_info    0x00005c25      0x1b2 ../hello_world_bsp/\libhal_bsp.a(alt_times.o)
 .debug_info    0x00005dd7      0x507 ../hello_world_bsp/\libhal_bsp.a(alt_write.o)
 .debug_info    0x000062de      0x420 ../hello_world_bsp/\libhal_bsp.a(alt_sys_init.o)
 .debug_info    0x000066fe      0x3da ../hello_world_bsp/\libhal_bsp.a(altera_avalon_jtag_uart_fd.o)
 .debug_info    0x00006ad8      0x1bc ../hello_world_bsp/\libhal_bsp.a(altera_avalon_jtag_uart_read.o)
 .debug_info    0x00006c94      0x19f ../hello_world_bsp/\libhal_bsp.a(altera_avalon_jtag_uart_write.o)
 .debug_info    0x00006e33      0x235 ../hello_world_bsp/\libhal_bsp.a(altera_avalon_timer_sc.o)
 .debug_info    0x00007068      0x350 ../hello_world_bsp/\libhal_bsp.a(alt_close.o)
 .debug_info    0x000073b8       0x90 ../hello_world_bsp/\libhal_bsp.a(alt_dcache_flush_all.o)
 .debug_info    0x00007448      0x4e3 ../hello_world_bsp/\libhal_bsp.a(alt_dev.o)
 .debug_info    0x0000792b      0x1b9 ../hello_world_bsp/\libhal_bsp.a(alt_dev_llist_insert.o)
 .debug_info    0x00007ae4       0x8d ../hello_world_bsp/\libhal_bsp.a(alt_do_ctors.o)
 .debug_info    0x00007b71       0x8d ../hello_world_bsp/\libhal_bsp.a(alt_do_dtors.o)
 .debug_info    0x00007bfe       0xa3 ../hello_world_bsp/\libhal_bsp.a(alt_errno.o)
 .debug_info    0x00007ca1       0x90 ../hello_world_bsp/\libhal_bsp.a(alt_icache_flush_all.o)
 .debug_info    0x00007d31      0x364 ../hello_world_bsp/\libhal_bsp.a(alt_iic.o)
 .debug_info    0x00008095      0x1f6 ../hello_world_bsp/\libhal_bsp.a(alt_iic_isr_register.o)
 .debug_info    0x0000828b      0x4f0 ../hello_world_bsp/\libhal_bsp.a(alt_io_redirect.o)
 .debug_info    0x0000877b       0x71 ../hello_world_bsp/\libhal_bsp.a(alt_irq_entry.o)
 .debug_info    0x000087ec      0x190 ../hello_world_bsp/\libhal_bsp.a(alt_irq_handler.o)
 .debug_info    0x0000897c       0x8a ../hello_world_bsp/\libhal_bsp.a(alt_irq_vars.o)
 .debug_info    0x00008a06      0x3f0 ../hello_world_bsp/\libhal_bsp.a(alt_open.o)
 .debug_info    0x00008df6      0x2dd ../hello_world_bsp/\libhal_bsp.a(alt_release_fd.o)
 .debug_info    0x000090d3      0x2b1 ../hello_world_bsp/\libhal_bsp.a(alt_tick.o)
 .debug_info    0x00009384       0x90 ../hello_world_bsp/\libhal_bsp.a(altera_nios2_qsys_irq.o)
 .debug_info    0x00009414       0x77 ../hello_world_bsp/\libhal_bsp.a(alt_exception_entry.o)
 .debug_info    0x0000948b      0x30d ../hello_world_bsp/\libhal_bsp.a(alt_find_dev.o)
 .debug_info    0x00009798      0x30c ../hello_world_bsp/\libhal_bsp.a(alt_find_file.o)
 .debug_info    0x00009aa4      0x339 ../hello_world_bsp/\libhal_bsp.a(alt_get_fd.o)
 .debug_info    0x00009ddd       0xda ../hello_world_bsp/\libhal_bsp.a(alt_icache_flush.o)
 .debug_info    0x00009eb7      0x1eb d:/altera/altera_lite/13.1/nios2eds/bin/gnu/h-i686-mingw32/bin/../lib/gcc/nios2-elf/4.7.3/../../../../../H-i686-mingw32/nios2-elf/lib/mno-hw-mul\libsmallc.a(lib_a-atexit.o)
 .debug_info    0x0000a0a2       0xf8 d:/altera/altera_lite/13.1/nios2eds/bin/gnu/h-i686-mingw32/bin/../lib/gcc/nios2-elf/4.7.3/../../../../../H-i686-mingw32/nios2-elf/lib/mno-hw-mul\libsmallc.a(lib_a-exit.o)
 .debug_info    0x0000a19a       0xf1 d:/altera/altera_lite/13.1/nios2eds/bin/gnu/h-i686-mingw32/bin/../lib/gcc/nios2-elf/4.7.3/../../../../../H-i686-mingw32/nios2-elf/lib/mno-hw-mul\libsmallc.a(lib_a-memcmp.o)
 .debug_info    0x0000a28b      0x6fc d:/altera/altera_lite/13.1/nios2eds/bin/gnu/h-i686-mingw32/bin/../lib/gcc/nios2-elf/4.7.3/../../../../../H-i686-mingw32/nios2-elf/lib/mno-hw-mul\libsmallc.a(lib_a-__atexit.o)
 .debug_info    0x0000a987      0x70e d:/altera/altera_lite/13.1/nios2eds/bin/gnu/h-i686-mingw32/bin/../lib/gcc/nios2-elf/4.7.3/../../../../../H-i686-mingw32/nios2-elf/lib/mno-hw-mul\libsmallc.a(lib_a-__call_atexit.o)
 .debug_info    0x0000b095       0xec ../hello_world_bsp/\libhal_bsp.a(alt_exit.o)

.debug_abbrev   0x00000000     0x4428
 *(.debug_abbrev)
 .debug_abbrev  0x00000000       0x12 ../hello_world_bsp//obj/HAL/src/crt0.o
 .debug_abbrev  0x00000012      0x10d obj/default/hello_world.o
 .debug_abbrev  0x0000011f      0x22d d:/altera/altera_lite/13.1/nios2eds/bin/gnu/h-i686-mingw32/bin/../lib/gcc/nios2-elf/4.7.3/mno-hw-mul\libgcc.a(_addsub_sf.o)
 .debug_abbrev  0x0000034c      0x23b d:/altera/altera_lite/13.1/nios2eds/bin/gnu/h-i686-mingw32/bin/../lib/gcc/nios2-elf/4.7.3/mno-hw-mul\libgcc.a(_mul_sf.o)
 .debug_abbrev  0x00000587      0x185 d:/altera/altera_lite/13.1/nios2eds/bin/gnu/h-i686-mingw32/bin/../lib/gcc/nios2-elf/4.7.3/mno-hw-mul\libgcc.a(_sf_to_df.o)
 .debug_abbrev  0x0000070c       0xb6 d:/altera/altera_lite/13.1/nios2eds/bin/gnu/h-i686-mingw32/bin/../lib/gcc/nios2-elf/4.7.3/mno-hw-mul\libgcc.a(_thenan_sf.o)
 .debug_abbrev  0x000007c2      0x22d d:/altera/altera_lite/13.1/nios2eds/bin/gnu/h-i686-mingw32/bin/../lib/gcc/nios2-elf/4.7.3/mno-hw-mul\libgcc.a(_addsub_df.o)
 .debug_abbrev  0x000009ef      0x14e d:/altera/altera_lite/13.1/nios2eds/bin/gnu/h-i686-mingw32/bin/../lib/gcc/nios2-elf/4.7.3/mno-hw-mul\libgcc.a(_make_df.o)
 .debug_abbrev  0x00000b3d      0x194 d:/altera/altera_lite/13.1/nios2eds/bin/gnu/h-i686-mingw32/bin/../lib/gcc/nios2-elf/4.7.3/mno-hw-mul\libgcc.a(_df_to_sf.o)
 .debug_abbrev  0x00000cd1       0xb6 d:/altera/altera_lite/13.1/nios2eds/bin/gnu/h-i686-mingw32/bin/../lib/gcc/nios2-elf/4.7.3/mno-hw-mul\libgcc.a(_thenan_df.o)
 .debug_abbrev  0x00000d87       0xe0 d:/altera/altera_lite/13.1/nios2eds/bin/gnu/h-i686-mingw32/bin/../lib/gcc/nios2-elf/4.7.3/mno-hw-mul\libgcc.a(_muldi3.o)
 .debug_abbrev  0x00000e67      0x1b1 d:/altera/altera_lite/13.1/nios2eds/bin/gnu/h-i686-mingw32/bin/../lib/gcc/nios2-elf/4.7.3/mno-hw-mul\libgcc.a(_pack_sf.o)
 .debug_abbrev  0x00001018      0x15f d:/altera/altera_lite/13.1/nios2eds/bin/gnu/h-i686-mingw32/bin/../lib/gcc/nios2-elf/4.7.3/mno-hw-mul\libgcc.a(_unpack_sf.o)
 .debug_abbrev  0x00001177      0x13f d:/altera/altera_lite/13.1/nios2eds/bin/gnu/h-i686-mingw32/bin/../lib/gcc/nios2-elf/4.7.3/mno-hw-mul\libgcc.a(_make_sf.o)
 .debug_abbrev  0x000012b6      0x1b6 d:/altera/altera_lite/13.1/nios2eds/bin/gnu/h-i686-mingw32/bin/../lib/gcc/nios2-elf/4.7.3/mno-hw-mul\libgcc.a(_pack_df.o)
 .debug_abbrev  0x0000146c      0x15d d:/altera/altera_lite/13.1/nios2eds/bin/gnu/h-i686-mingw32/bin/../lib/gcc/nios2-elf/4.7.3/mno-hw-mul\libgcc.a(_unpack_df.o)
 .debug_abbrev  0x000015c9       0x6f d:/altera/altera_lite/13.1/nios2eds/bin/gnu/h-i686-mingw32/bin/../lib/gcc/nios2-elf/4.7.3/mno-hw-mul\libgcc.a(lib2-mul.o)
 .debug_abbrev  0x00001638       0xf1 d:/altera/altera_lite/13.1/nios2eds/bin/gnu/h-i686-mingw32/bin/../lib/gcc/nios2-elf/4.7.3/mno-hw-mul\libgcc.a(_lshrdi3.o)
 .debug_abbrev  0x00001729       0xf1 d:/altera/altera_lite/13.1/nios2eds/bin/gnu/h-i686-mingw32/bin/../lib/gcc/nios2-elf/4.7.3/mno-hw-mul\libgcc.a(_ashldi3.o)
 .debug_abbrev  0x0000181a      0x1e2 d:/altera/altera_lite/13.1/nios2eds/bin/gnu/h-i686-mingw32/bin/../lib/gcc/nios2-elf/4.7.3/../../../../../H-i686-mingw32/nios2-elf/lib/mno-hw-mul\libsmallc.a(lib_a-printf.o)
 .debug_abbrev  0x000019fc      0x2db d:/altera/altera_lite/13.1/nios2eds/bin/gnu/h-i686-mingw32/bin/../lib/gcc/nios2-elf/4.7.3/../../../../../H-i686-mingw32/nios2-elf/lib/mno-hw-mul\libsmallc.a(lib_a-vfprintf.o)
 .debug_abbrev  0x00001cd7      0x1a8 d:/altera/altera_lite/13.1/nios2eds/bin/gnu/h-i686-mingw32/bin/../lib/gcc/nios2-elf/4.7.3/../../../../../H-i686-mingw32/nios2-elf/lib/mno-hw-mul\libsmallc.a(lib_a-fvwrite_small_dev.o)
 .debug_abbrev  0x00001e7f      0x13b d:/altera/altera_lite/13.1/nios2eds/bin/gnu/h-i686-mingw32/bin/../lib/gcc/nios2-elf/4.7.3/../../../../../H-i686-mingw32/nios2-elf/lib/mno-hw-mul\libsmallc.a(lib_a-impure.o)
 .debug_abbrev  0x00001fba       0x7f d:/altera/altera_lite/13.1/nios2eds/bin/gnu/h-i686-mingw32/bin/../lib/gcc/nios2-elf/4.7.3/../../../../../H-i686-mingw32/nios2-elf/lib/mno-hw-mul\libsmallc.a(lib_a-strlen.o)
 .debug_abbrev  0x00002039      0x199 d:/altera/altera_lite/13.1/nios2eds/bin/gnu/h-i686-mingw32/bin/../lib/gcc/nios2-elf/4.7.3/../../../../../H-i686-mingw32/nios2-elf/lib/mno-hw-mul\libsmallc.a(lib_a-writer.o)
 .debug_abbrev  0x000021d2       0x37 d:/altera/altera_lite/13.1/nios2eds/bin/gnu/h-i686-mingw32/bin/../lib/gcc/nios2-elf/4.7.3/../../../../../H-i686-mingw32/nios2-elf/lib/mno-hw-mul\libsmallc.a(lib_a-int_errno.o)
 .debug_abbrev  0x00002209      0x112 d:/altera/altera_lite/13.1/nios2eds/bin/gnu/h-i686-mingw32/bin/../lib/gcc/nios2-elf/4.7.3/mno-hw-mul\libgcc.a(lib2-divmod.o)
 .debug_abbrev  0x0000231b       0x9d ../hello_world_bsp/\libhal_bsp.a(alt_load.o)
 .debug_abbrev  0x000023b8       0xba ../hello_world_bsp/\libhal_bsp.a(alt_main.o)
 .debug_abbrev  0x00002472       0xf1 ../hello_world_bsp/\libhal_bsp.a(alt_times.o)
 .debug_abbrev  0x00002563      0x133 ../hello_world_bsp/\libhal_bsp.a(alt_write.o)
 .debug_abbrev  0x00002696      0x155 ../hello_world_bsp/\libhal_bsp.a(alt_sys_init.o)
 .debug_abbrev  0x000027eb       0xf7 ../hello_world_bsp/\libhal_bsp.a(altera_avalon_jtag_uart_fd.o)
 .debug_abbrev  0x000028e2       0xd5 ../hello_world_bsp/\libhal_bsp.a(altera_avalon_jtag_uart_read.o)
 .debug_abbrev  0x000029b7       0xd5 ../hello_world_bsp/\libhal_bsp.a(altera_avalon_jtag_uart_write.o)
 .debug_abbrev  0x00002a8c      0x155 ../hello_world_bsp/\libhal_bsp.a(altera_avalon_timer_sc.o)
 .debug_abbrev  0x00002be1      0x11f ../hello_world_bsp/\libhal_bsp.a(alt_close.o)
 .debug_abbrev  0x00002d00       0x42 ../hello_world_bsp/\libhal_bsp.a(alt_dcache_flush_all.o)
 .debug_abbrev  0x00002d42       0xd9 ../hello_world_bsp/\libhal_bsp.a(alt_dev.o)
 .debug_abbrev  0x00002e1b      0x114 ../hello_world_bsp/\libhal_bsp.a(alt_dev_llist_insert.o)
 .debug_abbrev  0x00002f2f       0x79 ../hello_world_bsp/\libhal_bsp.a(alt_do_ctors.o)
 .debug_abbrev  0x00002fa8       0x79 ../hello_world_bsp/\libhal_bsp.a(alt_do_dtors.o)
 .debug_abbrev  0x00003021       0x5a ../hello_world_bsp/\libhal_bsp.a(alt_errno.o)
 .debug_abbrev  0x0000307b       0x42 ../hello_world_bsp/\libhal_bsp.a(alt_icache_flush_all.o)
 .debug_abbrev  0x000030bd      0x16a ../hello_world_bsp/\libhal_bsp.a(alt_iic.o)
 .debug_abbrev  0x00003227      0x169 ../hello_world_bsp/\libhal_bsp.a(alt_iic_isr_register.o)
 .debug_abbrev  0x00003390      0x114 ../hello_world_bsp/\libhal_bsp.a(alt_io_redirect.o)
 .debug_abbrev  0x000034a4       0x12 ../hello_world_bsp/\libhal_bsp.a(alt_irq_entry.o)
 .debug_abbrev  0x000034b6      0x124 ../hello_world_bsp/\libhal_bsp.a(alt_irq_handler.o)
 .debug_abbrev  0x000035da       0x40 ../hello_world_bsp/\libhal_bsp.a(alt_irq_vars.o)
 .debug_abbrev  0x0000361a      0x148 ../hello_world_bsp/\libhal_bsp.a(alt_open.o)
 .debug_abbrev  0x00003762       0xde ../hello_world_bsp/\libhal_bsp.a(alt_release_fd.o)
 .debug_abbrev  0x00003840      0x15a ../hello_world_bsp/\libhal_bsp.a(alt_tick.o)
 .debug_abbrev  0x0000399a       0x42 ../hello_world_bsp/\libhal_bsp.a(altera_nios2_qsys_irq.o)
 .debug_abbrev  0x000039dc       0x12 ../hello_world_bsp/\libhal_bsp.a(alt_exception_entry.o)
 .debug_abbrev  0x000039ee       0xf0 ../hello_world_bsp/\libhal_bsp.a(alt_find_dev.o)
 .debug_abbrev  0x00003ade       0xf0 ../hello_world_bsp/\libhal_bsp.a(alt_find_file.o)
 .debug_abbrev  0x00003bce      0x10d ../hello_world_bsp/\libhal_bsp.a(alt_get_fd.o)
 .debug_abbrev  0x00003cdb       0x8c ../hello_world_bsp/\libhal_bsp.a(alt_icache_flush.o)
 .debug_abbrev  0x00003d67      0x115 d:/altera/altera_lite/13.1/nios2eds/bin/gnu/h-i686-mingw32/bin/../lib/gcc/nios2-elf/4.7.3/../../../../../H-i686-mingw32/nios2-elf/lib/mno-hw-mul\libsmallc.a(lib_a-atexit.o)
 .debug_abbrev  0x00003e7c       0xa9 d:/altera/altera_lite/13.1/nios2eds/bin/gnu/h-i686-mingw32/bin/../lib/gcc/nios2-elf/4.7.3/../../../../../H-i686-mingw32/nios2-elf/lib/mno-hw-mul\libsmallc.a(lib_a-exit.o)
 .debug_abbrev  0x00003f25       0x7f d:/altera/altera_lite/13.1/nios2eds/bin/gnu/h-i686-mingw32/bin/../lib/gcc/nios2-elf/4.7.3/../../../../../H-i686-mingw32/nios2-elf/lib/mno-hw-mul\libsmallc.a(lib_a-memcmp.o)
 .debug_abbrev  0x00003fa4      0x1f5 d:/altera/altera_lite/13.1/nios2eds/bin/gnu/h-i686-mingw32/bin/../lib/gcc/nios2-elf/4.7.3/../../../../../H-i686-mingw32/nios2-elf/lib/mno-hw-mul\libsmallc.a(lib_a-__atexit.o)
 .debug_abbrev  0x00004199      0x1e9 d:/altera/altera_lite/13.1/nios2eds/bin/gnu/h-i686-mingw32/bin/../lib/gcc/nios2-elf/4.7.3/../../../../../H-i686-mingw32/nios2-elf/lib/mno-hw-mul\libsmallc.a(lib_a-__call_atexit.o)
 .debug_abbrev  0x00004382       0xa6 ../hello_world_bsp/\libhal_bsp.a(alt_exit.o)

.debug_line     0x00000000     0x3eaa
 *(.debug_line)
 .debug_line    0x00000000       0x6c ../hello_world_bsp//obj/HAL/src/crt0.o
 .debug_line    0x0000006c      0x17c obj/default/hello_world.o
 .debug_line    0x000001e8      0x112 d:/altera/altera_lite/13.1/nios2eds/bin/gnu/h-i686-mingw32/bin/../lib/gcc/nios2-elf/4.7.3/mno-hw-mul\libgcc.a(_addsub_sf.o)
 .debug_line    0x000002fa       0xe2 d:/altera/altera_lite/13.1/nios2eds/bin/gnu/h-i686-mingw32/bin/../lib/gcc/nios2-elf/4.7.3/mno-hw-mul\libgcc.a(_mul_sf.o)
 .debug_line    0x000003dc       0x6c d:/altera/altera_lite/13.1/nios2eds/bin/gnu/h-i686-mingw32/bin/../lib/gcc/nios2-elf/4.7.3/mno-hw-mul\libgcc.a(_sf_to_df.o)
 .debug_line    0x00000448       0x54 d:/altera/altera_lite/13.1/nios2eds/bin/gnu/h-i686-mingw32/bin/../lib/gcc/nios2-elf/4.7.3/mno-hw-mul\libgcc.a(_thenan_sf.o)
 .debug_line    0x0000049c      0x134 d:/altera/altera_lite/13.1/nios2eds/bin/gnu/h-i686-mingw32/bin/../lib/gcc/nios2-elf/4.7.3/mno-hw-mul\libgcc.a(_addsub_df.o)
 .debug_line    0x000005d0       0x70 d:/altera/altera_lite/13.1/nios2eds/bin/gnu/h-i686-mingw32/bin/../lib/gcc/nios2-elf/4.7.3/mno-hw-mul\libgcc.a(_make_df.o)
 .debug_line    0x00000640       0x73 d:/altera/altera_lite/13.1/nios2eds/bin/gnu/h-i686-mingw32/bin/../lib/gcc/nios2-elf/4.7.3/mno-hw-mul\libgcc.a(_df_to_sf.o)
 .debug_line    0x000006b3       0x54 d:/altera/altera_lite/13.1/nios2eds/bin/gnu/h-i686-mingw32/bin/../lib/gcc/nios2-elf/4.7.3/mno-hw-mul\libgcc.a(_thenan_df.o)
 .debug_line    0x00000707       0xa2 d:/altera/altera_lite/13.1/nios2eds/bin/gnu/h-i686-mingw32/bin/../lib/gcc/nios2-elf/4.7.3/mno-hw-mul\libgcc.a(_muldi3.o)
 .debug_line    0x000007a9       0xb5 d:/altera/altera_lite/13.1/nios2eds/bin/gnu/h-i686-mingw32/bin/../lib/gcc/nios2-elf/4.7.3/mno-hw-mul\libgcc.a(_pack_sf.o)
 .debug_line    0x0000085e       0x9d d:/altera/altera_lite/13.1/nios2eds/bin/gnu/h-i686-mingw32/bin/../lib/gcc/nios2-elf/4.7.3/mno-hw-mul\libgcc.a(_unpack_sf.o)
 .debug_line    0x000008fb       0x6e d:/altera/altera_lite/13.1/nios2eds/bin/gnu/h-i686-mingw32/bin/../lib/gcc/nios2-elf/4.7.3/mno-hw-mul\libgcc.a(_make_sf.o)
 .debug_line    0x00000969       0xca d:/altera/altera_lite/13.1/nios2eds/bin/gnu/h-i686-mingw32/bin/../lib/gcc/nios2-elf/4.7.3/mno-hw-mul\libgcc.a(_pack_df.o)
 .debug_line    0x00000a33       0xa5 d:/altera/altera_lite/13.1/nios2eds/bin/gnu/h-i686-mingw32/bin/../lib/gcc/nios2-elf/4.7.3/mno-hw-mul\libgcc.a(_unpack_df.o)
 .debug_line    0x00000ad8       0x80 d:/altera/altera_lite/13.1/nios2eds/bin/gnu/h-i686-mingw32/bin/../lib/gcc/nios2-elf/4.7.3/mno-hw-mul\libgcc.a(lib2-mul.o)
 .debug_line    0x00000b58       0x7a d:/altera/altera_lite/13.1/nios2eds/bin/gnu/h-i686-mingw32/bin/../lib/gcc/nios2-elf/4.7.3/mno-hw-mul\libgcc.a(_lshrdi3.o)
 .debug_line    0x00000bd2       0x78 d:/altera/altera_lite/13.1/nios2eds/bin/gnu/h-i686-mingw32/bin/../lib/gcc/nios2-elf/4.7.3/mno-hw-mul\libgcc.a(_ashldi3.o)
 .debug_line    0x00000c4a      0x219 d:/altera/altera_lite/13.1/nios2eds/bin/gnu/h-i686-mingw32/bin/../lib/gcc/nios2-elf/4.7.3/../../../../../H-i686-mingw32/nios2-elf/lib/mno-hw-mul\libsmallc.a(lib_a-printf.o)
 .debug_line    0x00000e63      0x40e d:/altera/altera_lite/13.1/nios2eds/bin/gnu/h-i686-mingw32/bin/../lib/gcc/nios2-elf/4.7.3/../../../../../H-i686-mingw32/nios2-elf/lib/mno-hw-mul\libsmallc.a(lib_a-vfprintf.o)
 .debug_line    0x00001271      0x225 d:/altera/altera_lite/13.1/nios2eds/bin/gnu/h-i686-mingw32/bin/../lib/gcc/nios2-elf/4.7.3/../../../../../H-i686-mingw32/nios2-elf/lib/mno-hw-mul\libsmallc.a(lib_a-fvwrite_small_dev.o)
 .debug_line    0x00001496      0x16c d:/altera/altera_lite/13.1/nios2eds/bin/gnu/h-i686-mingw32/bin/../lib/gcc/nios2-elf/4.7.3/../../../../../H-i686-mingw32/nios2-elf/lib/mno-hw-mul\libsmallc.a(lib_a-impure.o)
 .debug_line    0x00001602      0x174 d:/altera/altera_lite/13.1/nios2eds/bin/gnu/h-i686-mingw32/bin/../lib/gcc/nios2-elf/4.7.3/../../../../../H-i686-mingw32/nios2-elf/lib/mno-hw-mul\libsmallc.a(lib_a-strlen.o)
 .debug_line    0x00001776      0x20c d:/altera/altera_lite/13.1/nios2eds/bin/gnu/h-i686-mingw32/bin/../lib/gcc/nios2-elf/4.7.3/../../../../../H-i686-mingw32/nios2-elf/lib/mno-hw-mul\libsmallc.a(lib_a-writer.o)
 .debug_line    0x00001982       0x60 d:/altera/altera_lite/13.1/nios2eds/bin/gnu/h-i686-mingw32/bin/../lib/gcc/nios2-elf/4.7.3/../../../../../H-i686-mingw32/nios2-elf/lib/mno-hw-mul\libsmallc.a(lib_a-int_errno.o)
 .debug_line    0x000019e2       0xd6 d:/altera/altera_lite/13.1/nios2eds/bin/gnu/h-i686-mingw32/bin/../lib/gcc/nios2-elf/4.7.3/mno-hw-mul\libgcc.a(lib2-divmod.o)
 .debug_line    0x00001ab8       0x92 ../hello_world_bsp/\libhal_bsp.a(alt_load.o)
 .debug_line    0x00001b4a       0xa4 ../hello_world_bsp/\libhal_bsp.a(alt_main.o)
 .debug_line    0x00001bee      0x164 ../hello_world_bsp/\libhal_bsp.a(alt_times.o)
 .debug_line    0x00001d52      0x210 ../hello_world_bsp/\libhal_bsp.a(alt_write.o)
 .debug_line    0x00001f62      0x142 ../hello_world_bsp/\libhal_bsp.a(alt_sys_init.o)
 .debug_line    0x000020a4      0x114 ../hello_world_bsp/\libhal_bsp.a(altera_avalon_jtag_uart_fd.o)
 .debug_line    0x000021b8      0x101 ../hello_world_bsp/\libhal_bsp.a(altera_avalon_jtag_uart_read.o)
 .debug_line    0x000022b9       0xf8 ../hello_world_bsp/\libhal_bsp.a(altera_avalon_jtag_uart_write.o)
 .debug_line    0x000023b1       0xfd ../hello_world_bsp/\libhal_bsp.a(altera_avalon_timer_sc.o)
 .debug_line    0x000024ae      0x192 ../hello_world_bsp/\libhal_bsp.a(alt_close.o)
 .debug_line    0x00002640       0x51 ../hello_world_bsp/\libhal_bsp.a(alt_dcache_flush_all.o)
 .debug_line    0x00002691      0x125 ../hello_world_bsp/\libhal_bsp.a(alt_dev.o)
 .debug_line    0x000027b6       0xd0 ../hello_world_bsp/\libhal_bsp.a(alt_dev_llist_insert.o)
 .debug_line    0x00002886       0x59 ../hello_world_bsp/\libhal_bsp.a(alt_do_ctors.o)
 .debug_line    0x000028df       0x59 ../hello_world_bsp/\libhal_bsp.a(alt_do_dtors.o)
 .debug_line    0x00002938       0x51 ../hello_world_bsp/\libhal_bsp.a(alt_errno.o)
 .debug_line    0x00002989       0x50 ../hello_world_bsp/\libhal_bsp.a(alt_icache_flush_all.o)
 .debug_line    0x000029d9       0xed ../hello_world_bsp/\libhal_bsp.a(alt_iic.o)
 .debug_line    0x00002ac6       0xdb ../hello_world_bsp/\libhal_bsp.a(alt_iic_isr_register.o)
 .debug_line    0x00002ba1      0x162 ../hello_world_bsp/\libhal_bsp.a(alt_io_redirect.o)
 .debug_line    0x00002d03       0x6b ../hello_world_bsp/\libhal_bsp.a(alt_irq_entry.o)
 .debug_line    0x00002d6e       0xae ../hello_world_bsp/\libhal_bsp.a(alt_irq_handler.o)
 .debug_line    0x00002e1c       0x50 ../hello_world_bsp/\libhal_bsp.a(alt_irq_vars.o)
 .debug_line    0x00002e6c      0x128 ../hello_world_bsp/\libhal_bsp.a(alt_open.o)
 .debug_line    0x00002f94       0xb0 ../hello_world_bsp/\libhal_bsp.a(alt_release_fd.o)
 .debug_line    0x00003044      0x102 ../hello_world_bsp/\libhal_bsp.a(alt_tick.o)
 .debug_line    0x00003146       0x51 ../hello_world_bsp/\libhal_bsp.a(altera_nios2_qsys_irq.o)
 .debug_line    0x00003197       0xab ../hello_world_bsp/\libhal_bsp.a(alt_exception_entry.o)
 .debug_line    0x00003242       0xb9 ../hello_world_bsp/\libhal_bsp.a(alt_find_dev.o)
 .debug_line    0x000032fb       0xd5 ../hello_world_bsp/\libhal_bsp.a(alt_find_file.o)
 .debug_line    0x000033d0       0xd4 ../hello_world_bsp/\libhal_bsp.a(alt_get_fd.o)
 .debug_line    0x000034a4       0x81 ../hello_world_bsp/\libhal_bsp.a(alt_icache_flush.o)
 .debug_line    0x00003525      0x170 d:/altera/altera_lite/13.1/nios2eds/bin/gnu/h-i686-mingw32/bin/../lib/gcc/nios2-elf/4.7.3/../../../../../H-i686-mingw32/nios2-elf/lib/mno-hw-mul\libsmallc.a(lib_a-atexit.o)
 .debug_line    0x00003695      0x170 d:/altera/altera_lite/13.1/nios2eds/bin/gnu/h-i686-mingw32/bin/../lib/gcc/nios2-elf/4.7.3/../../../../../H-i686-mingw32/nios2-elf/lib/mno-hw-mul\libsmallc.a(lib_a-exit.o)
 .debug_line    0x00003805      0x17f d:/altera/altera_lite/13.1/nios2eds/bin/gnu/h-i686-mingw32/bin/../lib/gcc/nios2-elf/4.7.3/../../../../../H-i686-mingw32/nios2-elf/lib/mno-hw-mul\libsmallc.a(lib_a-memcmp.o)
 .debug_line    0x00003984      0x24e d:/altera/altera_lite/13.1/nios2eds/bin/gnu/h-i686-mingw32/bin/../lib/gcc/nios2-elf/4.7.3/../../../../../H-i686-mingw32/nios2-elf/lib/mno-hw-mul\libsmallc.a(lib_a-__atexit.o)
 .debug_line    0x00003bd2      0x267 d:/altera/altera_lite/13.1/nios2eds/bin/gnu/h-i686-mingw32/bin/../lib/gcc/nios2-elf/4.7.3/../../../../../H-i686-mingw32/nios2-elf/lib/mno-hw-mul\libsmallc.a(lib_a-__call_atexit.o)
 .debug_line    0x00003e39       0x71 ../hello_world_bsp/\libhal_bsp.a(alt_exit.o)

.debug_frame    0x00000000      0xc14
 *(.debug_frame)
 .debug_frame   0x00000000       0x68 obj/default/hello_world.o
 .debug_frame   0x00000068       0x50 d:/altera/altera_lite/13.1/nios2eds/bin/gnu/h-i686-mingw32/bin/../lib/gcc/nios2-elf/4.7.3/mno-hw-mul\libgcc.a(_addsub_sf.o)
 .debug_frame   0x000000b8       0x28 d:/altera/altera_lite/13.1/nios2eds/bin/gnu/h-i686-mingw32/bin/../lib/gcc/nios2-elf/4.7.3/mno-hw-mul\libgcc.a(_mul_sf.o)
 .debug_frame   0x000000e0       0x28 d:/altera/altera_lite/13.1/nios2eds/bin/gnu/h-i686-mingw32/bin/../lib/gcc/nios2-elf/4.7.3/mno-hw-mul\libgcc.a(_sf_to_df.o)
 .debug_frame   0x00000108       0x50 d:/altera/altera_lite/13.1/nios2eds/bin/gnu/h-i686-mingw32/bin/../lib/gcc/nios2-elf/4.7.3/mno-hw-mul\libgcc.a(_addsub_df.o)
 .debug_frame   0x00000158       0x28 d:/altera/altera_lite/13.1/nios2eds/bin/gnu/h-i686-mingw32/bin/../lib/gcc/nios2-elf/4.7.3/mno-hw-mul\libgcc.a(_make_df.o)
 .debug_frame   0x00000180       0x28 d:/altera/altera_lite/13.1/nios2eds/bin/gnu/h-i686-mingw32/bin/../lib/gcc/nios2-elf/4.7.3/mno-hw-mul\libgcc.a(_df_to_sf.o)
 .debug_frame   0x000001a8       0x3c d:/altera/altera_lite/13.1/nios2eds/bin/gnu/h-i686-mingw32/bin/../lib/gcc/nios2-elf/4.7.3/mno-hw-mul\libgcc.a(_muldi3.o)
 .debug_frame   0x000001e4       0x20 d:/altera/altera_lite/13.1/nios2eds/bin/gnu/h-i686-mingw32/bin/../lib/gcc/nios2-elf/4.7.3/mno-hw-mul\libgcc.a(_pack_sf.o)
 .debug_frame   0x00000204       0x20 d:/altera/altera_lite/13.1/nios2eds/bin/gnu/h-i686-mingw32/bin/../lib/gcc/nios2-elf/4.7.3/mno-hw-mul\libgcc.a(_unpack_sf.o)
 .debug_frame   0x00000224       0x28 d:/altera/altera_lite/13.1/nios2eds/bin/gnu/h-i686-mingw32/bin/../lib/gcc/nios2-elf/4.7.3/mno-hw-mul\libgcc.a(_make_sf.o)
 .debug_frame   0x0000024c       0x34 d:/altera/altera_lite/13.1/nios2eds/bin/gnu/h-i686-mingw32/bin/../lib/gcc/nios2-elf/4.7.3/mno-hw-mul\libgcc.a(_pack_df.o)
 .debug_frame   0x00000280       0x20 d:/altera/altera_lite/13.1/nios2eds/bin/gnu/h-i686-mingw32/bin/../lib/gcc/nios2-elf/4.7.3/mno-hw-mul\libgcc.a(_unpack_df.o)
 .debug_frame   0x000002a0       0x20 d:/altera/altera_lite/13.1/nios2eds/bin/gnu/h-i686-mingw32/bin/../lib/gcc/nios2-elf/4.7.3/mno-hw-mul\libgcc.a(lib2-mul.o)
 .debug_frame   0x000002c0       0x20 d:/altera/altera_lite/13.1/nios2eds/bin/gnu/h-i686-mingw32/bin/../lib/gcc/nios2-elf/4.7.3/mno-hw-mul\libgcc.a(_lshrdi3.o)
 .debug_frame   0x000002e0       0x20 d:/altera/altera_lite/13.1/nios2eds/bin/gnu/h-i686-mingw32/bin/../lib/gcc/nios2-elf/4.7.3/mno-hw-mul\libgcc.a(_ashldi3.o)
 .debug_frame   0x00000300       0x40 d:/altera/altera_lite/13.1/nios2eds/bin/gnu/h-i686-mingw32/bin/../lib/gcc/nios2-elf/4.7.3/../../../../../H-i686-mingw32/nios2-elf/lib/mno-hw-mul\libsmallc.a(lib_a-printf.o)
 .debug_frame   0x00000340       0x4c d:/altera/altera_lite/13.1/nios2eds/bin/gnu/h-i686-mingw32/bin/../lib/gcc/nios2-elf/4.7.3/../../../../../H-i686-mingw32/nios2-elf/lib/mno-hw-mul\libsmallc.a(lib_a-vfprintf.o)
 .debug_frame   0x0000038c       0x30 d:/altera/altera_lite/13.1/nios2eds/bin/gnu/h-i686-mingw32/bin/../lib/gcc/nios2-elf/4.7.3/../../../../../H-i686-mingw32/nios2-elf/lib/mno-hw-mul\libsmallc.a(lib_a-fvwrite_small_dev.o)
 .debug_frame   0x000003bc       0x20 d:/altera/altera_lite/13.1/nios2eds/bin/gnu/h-i686-mingw32/bin/../lib/gcc/nios2-elf/4.7.3/../../../../../H-i686-mingw32/nios2-elf/lib/mno-hw-mul\libsmallc.a(lib_a-strlen.o)
 .debug_frame   0x000003dc       0x2c d:/altera/altera_lite/13.1/nios2eds/bin/gnu/h-i686-mingw32/bin/../lib/gcc/nios2-elf/4.7.3/../../../../../H-i686-mingw32/nios2-elf/lib/mno-hw-mul\libsmallc.a(lib_a-writer.o)
 .debug_frame   0x00000408       0x70 d:/altera/altera_lite/13.1/nios2eds/bin/gnu/h-i686-mingw32/bin/../lib/gcc/nios2-elf/4.7.3/mno-hw-mul\libgcc.a(lib2-divmod.o)
 .debug_frame   0x00000478       0x48 ../hello_world_bsp/\libhal_bsp.a(alt_load.o)
 .debug_frame   0x000004c0       0x2c ../hello_world_bsp/\libhal_bsp.a(alt_main.o)
 .debug_frame   0x000004ec       0x48 ../hello_world_bsp/\libhal_bsp.a(alt_times.o)
 .debug_frame   0x00000534       0x48 ../hello_world_bsp/\libhal_bsp.a(alt_write.o)
 .debug_frame   0x0000057c       0x64 ../hello_world_bsp/\libhal_bsp.a(alt_sys_init.o)
 .debug_frame   0x000005e0       0x48 ../hello_world_bsp/\libhal_bsp.a(altera_avalon_jtag_uart_fd.o)
 .debug_frame   0x00000628       0x2c ../hello_world_bsp/\libhal_bsp.a(altera_avalon_jtag_uart_read.o)
 .debug_frame   0x00000654       0x2c ../hello_world_bsp/\libhal_bsp.a(altera_avalon_jtag_uart_write.o)
 .debug_frame   0x00000680       0x48 ../hello_world_bsp/\libhal_bsp.a(altera_avalon_timer_sc.o)
 .debug_frame   0x000006c8       0x48 ../hello_world_bsp/\libhal_bsp.a(alt_close.o)
 .debug_frame   0x00000710       0x2c ../hello_world_bsp/\libhal_bsp.a(alt_dcache_flush_all.o)
 .debug_frame   0x0000073c       0x2c ../hello_world_bsp/\libhal_bsp.a(alt_dev.o)
 .debug_frame   0x00000768       0x48 ../hello_world_bsp/\libhal_bsp.a(alt_dev_llist_insert.o)
 .debug_frame   0x000007b0       0x2c ../hello_world_bsp/\libhal_bsp.a(alt_do_ctors.o)
 .debug_frame   0x000007dc       0x2c ../hello_world_bsp/\libhal_bsp.a(alt_do_dtors.o)
 .debug_frame   0x00000808       0x2c ../hello_world_bsp/\libhal_bsp.a(alt_icache_flush_all.o)
 .debug_frame   0x00000834       0x80 ../hello_world_bsp/\libhal_bsp.a(alt_iic.o)
 .debug_frame   0x000008b4       0x2c ../hello_world_bsp/\libhal_bsp.a(alt_iic_isr_register.o)
 .debug_frame   0x000008e0       0x4c ../hello_world_bsp/\libhal_bsp.a(alt_io_redirect.o)
 .debug_frame   0x0000092c       0x2c ../hello_world_bsp/\libhal_bsp.a(alt_irq_handler.o)
 .debug_frame   0x00000958       0x68 ../hello_world_bsp/\libhal_bsp.a(alt_open.o)
 .debug_frame   0x000009c0       0x30 ../hello_world_bsp/\libhal_bsp.a(alt_release_fd.o)
 .debug_frame   0x000009f0       0x48 ../hello_world_bsp/\libhal_bsp.a(alt_tick.o)
 .debug_frame   0x00000a38       0x2c ../hello_world_bsp/\libhal_bsp.a(altera_nios2_qsys_irq.o)
 .debug_frame   0x00000a64       0x2c ../hello_world_bsp/\libhal_bsp.a(alt_find_dev.o)
 .debug_frame   0x00000a90       0x2c ../hello_world_bsp/\libhal_bsp.a(alt_find_file.o)
 .debug_frame   0x00000abc       0x30 ../hello_world_bsp/\libhal_bsp.a(alt_get_fd.o)
 .debug_frame   0x00000aec       0x2c ../hello_world_bsp/\libhal_bsp.a(alt_icache_flush.o)
 .debug_frame   0x00000b18       0x20 d:/altera/altera_lite/13.1/nios2eds/bin/gnu/h-i686-mingw32/bin/../lib/gcc/nios2-elf/4.7.3/../../../../../H-i686-mingw32/nios2-elf/lib/mno-hw-mul\libsmallc.a(lib_a-atexit.o)
 .debug_frame   0x00000b38       0x28 d:/altera/altera_lite/13.1/nios2eds/bin/gnu/h-i686-mingw32/bin/../lib/gcc/nios2-elf/4.7.3/../../../../../H-i686-mingw32/nios2-elf/lib/mno-hw-mul\libsmallc.a(lib_a-exit.o)
 .debug_frame   0x00000b60       0x20 d:/altera/altera_lite/13.1/nios2eds/bin/gnu/h-i686-mingw32/bin/../lib/gcc/nios2-elf/4.7.3/../../../../../H-i686-mingw32/nios2-elf/lib/mno-hw-mul\libsmallc.a(lib_a-memcmp.o)
 .debug_frame   0x00000b80       0x30 d:/altera/altera_lite/13.1/nios2eds/bin/gnu/h-i686-mingw32/bin/../lib/gcc/nios2-elf/4.7.3/../../../../../H-i686-mingw32/nios2-elf/lib/mno-hw-mul\libsmallc.a(lib_a-__atexit.o)
 .debug_frame   0x00000bb0       0x38 d:/altera/altera_lite/13.1/nios2eds/bin/gnu/h-i686-mingw32/bin/../lib/gcc/nios2-elf/4.7.3/../../../../../H-i686-mingw32/nios2-elf/lib/mno-hw-mul\libsmallc.a(lib_a-__call_atexit.o)
 .debug_frame   0x00000be8       0x2c ../hello_world_bsp/\libhal_bsp.a(alt_exit.o)

.debug_str      0x00000000     0x1b4f
 *(.debug_str)
 .debug_str     0x00000000      0x106 obj/default/hello_world.o
                                0x14a (size before relaxing)
 .debug_str     0x00000106      0x20c d:/altera/altera_lite/13.1/nios2eds/bin/gnu/h-i686-mingw32/bin/../lib/gcc/nios2-elf/4.7.3/mno-hw-mul\libgcc.a(_addsub_sf.o)
                                0x2b1 (size before relaxing)
 .debug_str     0x00000312       0x2a d:/altera/altera_lite/13.1/nios2eds/bin/gnu/h-i686-mingw32/bin/../lib/gcc/nios2-elf/4.7.3/mno-hw-mul\libgcc.a(_mul_sf.o)
                                0x268 (size before relaxing)